Archive member included to satisfy reference by file (symbol)

../../Compiler/COMMON/SGL_302j/LIB_ELF/SEGA_SYS.A(sys_exit.o)
                              ../../jo_engine/core.o (SYS_Exit)
../../Compiler/COMMON/SGL_302j/LIB_ELF/SEGA_SYS.A(sys_sub.o)
                              ../../Compiler/COMMON/SGL_302j/LIB_ELF/SEGA_SYS.A(sys_exit.o) (SYSUB_SetStackptr)
../../Compiler/COMMON/SGL_302j/LIB_ELF/LIBCD.A(CDC_CMN.O)
                              ../../Compiler/COMMON/SGL_302j/LIB_ELF/SEGA_SYS.A(sys_exit.o) (CDC_GetCurStat)
../../Compiler/COMMON/SGL_302j/LIB_ELF/LIBCD.A(CDC_CFS.O)
                              ../../Compiler/COMMON/SGL_302j/LIB_ELF/SEGA_SYS.A(sys_exit.o) (CDC_ChgDir)
../../Compiler/COMMON/SGL_302j/LIB_ELF/LIBCD.A(CDC_REG.O)
                              ../../Compiler/COMMON/SGL_302j/LIB_ELF/SEGA_SYS.A(sys_exit.o) (CDC_GetHirqReq)
../../Compiler/COMMON/SGL_302j/LIB_ELF/LIBCD.A(CDC_SUB.O)
                              ../../Compiler/COMMON/SGL_302j/LIB_ELF/LIBCD.A(CDC_CMN.O) (CDSUB_UpdStatus)
../../Compiler/COMMON/SGL_302j/LIB_ELF/LIBCD.A(GFS.O)
                              ../../jo_engine/fs.o (GFS_Init)
../../Compiler/COMMON/SGL_302j/LIB_ELF/LIBCD.A(GFS_BUF.O)
                              ../../Compiler/COMMON/SGL_302j/LIB_ELF/LIBCD.A(GFS.O) (GFBF_GetNumData)
../../Compiler/COMMON/SGL_302j/LIB_ELF/LIBCD.A(GFS_CDB.O)
                              ../../Compiler/COMMON/SGL_302j/LIB_ELF/LIBCD.A(GFS.O) (GFCB_Close)
../../Compiler/COMMON/SGL_302j/LIB_ELF/LIBCD.A(GFS_CDC.O)
                              ../../Compiler/COMMON/SGL_302j/LIB_ELF/LIBCD.A(GFS.O) (GFCD_SetCdbfs)
../../Compiler/COMMON/SGL_302j/LIB_ELF/LIBCD.A(GFS_CDF.O)
                              ../../Compiler/COMMON/SGL_302j/LIB_ELF/LIBCD.A(GFS.O) (GFCF_Init)
../../Compiler/COMMON/SGL_302j/LIB_ELF/LIBCD.A(GFS_DIR.O)
                              ../../Compiler/COMMON/SGL_302j/LIB_ELF/LIBCD.A(GFS.O) (GFDR_SetupDirTbl)
../../Compiler/COMMON/SGL_302j/LIB_ELF/LIBCD.A(GFS_TRN.O)
                              ../../Compiler/COMMON/SGL_302j/LIB_ELF/LIBCD.A(GFS.O) (GFTR_Setup)
../../Compiler/COMMON/SGL_302j/LIB_ELF/LIBCD.A(CDC_DRV.O)
                              ../../Compiler/COMMON/SGL_302j/LIB_ELF/LIBCD.A(GFS_CDC.O) (CDC_CdPlay)
../../Compiler/COMMON/SGL_302j/LIB_ELF/LIBCD.A(CDC_DEV.O)
                              ../../Compiler/COMMON/SGL_302j/LIB_ELF/LIBCD.A(GFS_CDC.O) (CDC_CdSetCon)
../../Compiler/COMMON/SGL_302j/LIB_ELF/LIBCD.A(CDC_SEL.O)
                              ../../Compiler/COMMON/SGL_302j/LIB_ELF/LIBCD.A(GFS_CDC.O) (CDC_SetFiltRange)
../../Compiler/COMMON/SGL_302j/LIB_ELF/LIBCD.A(CDC_BIF.O)
                              ../../Compiler/COMMON/SGL_302j/LIB_ELF/LIBCD.A(GFS_CDC.O) (CDC_GetBufSiz)
../../Compiler/COMMON/SGL_302j/LIB_ELF/LIBCD.A(CDC_BIO.O)
                              ../../Compiler/COMMON/SGL_302j/LIB_ELF/LIBCD.A(GFS_CDC.O) (CDC_SetSctLen)
../../Compiler/COMMON/SGL_302j/LIB_ELF/LIBSGL.A(sglA15.o)
                              ../../jo_engine/slave.o (slSlaveFunc)
../../Compiler/COMMON/SGL_302j/LIB_ELF/LIBSGL.A(sglA16.o)
                              main.o (slLookAt)
../../Compiler/COMMON/SGL_302j/LIB_ELF/LIBSGL.A(sglA17.o)
                              main.o (slRotZ)
../../Compiler/COMMON/SGL_302j/LIB_ELF/LIBSGL.A(sglA18.o)
                              main.o (slRotY)
../../Compiler/COMMON/SGL_302j/LIB_ELF/LIBSGL.A(sglA19.o)
                              main.o (slRotX)
../../Compiler/COMMON/SGL_302j/LIB_ELF/LIBSGL.A(sglA20.o)
                              ../../jo_engine/core.o (slUnitMatrix)
../../Compiler/COMMON/SGL_302j/LIB_ELF/LIBSGL.A(sglA21.o)
                              main.o (slPushMatrix)
../../Compiler/COMMON/SGL_302j/LIB_ELF/LIBSGL.A(sglA27.o)
                              main.o (slTranslate)
../../Compiler/COMMON/SGL_302j/LIB_ELF/LIBSGL.A(sglB001.o)
                              main.o (slTVOn)
../../Compiler/COMMON/SGL_302j/LIB_ELF/LIBSGL.A(sglB011.o)
                              ../../jo_engine/vdp2.o (slBitMapNbg1)
../../Compiler/COMMON/SGL_302j/LIB_ELF/LIBSGL.A(sglB014.o)
                              ../../jo_engine/vdp2.o (slScrTransparent)
../../Compiler/COMMON/SGL_302j/LIB_ELF/LIBSGL.A(sglB015.o)
                              ../../jo_engine/vdp2.o (slScrAutoDisp)
../../Compiler/COMMON/SGL_302j/LIB_ELF/LIBSGL.A(sglB016.o)
                              ../../jo_engine/vdp2.o (slBack1ColSet)
../../Compiler/COMMON/SGL_302j/LIB_ELF/LIBSGL.A(sglB020.o)
                              ../../jo_engine/vdp2.o (slColorCalc)
../../Compiler/COMMON/SGL_302j/LIB_ELF/LIBSGL.A(sglB021.o)
                              ../../jo_engine/vdp2.o (slColorCalcOn)
../../Compiler/COMMON/SGL_302j/LIB_ELF/LIBSGL.A(sglB023.o)
                              ../../jo_engine/vdp2.o (slColRate)
../../Compiler/COMMON/SGL_302j/LIB_ELF/LIBSGL.A(sglB032.o)
                              ../../jo_engine/vdp2.o (slMapNbg1)
../../Compiler/COMMON/SGL_302j/LIB_ELF/LIBSGL.A(sglB035.o)
[...]
Memory Configuration

Name             Origin             Length             Attributes
*default*        0x00000000         0xffffffff

Linker script and memory map

TARGET(elf32-sh)

SLSTART         0x06004000       0x30
                0x06004000                ___Start = .
 *(SLSTART)
 SLSTART        0x06004000       0x28 ../../Compiler/COMMON/SGL_302j/LIB_ELF/LIBSGL.A(sglI00.o)
                0x06004000                SGL_Start
                0x06004002                slStartSGL

.text           0x06004040    0x128a0
 *(.text)
 .text          0x06004040        0x0 ../../Compiler/COMMON/SGL_302j/LIB_ELF/SGLAREA.O
 .text          0x06004040      0xce4 main.o
                0x06004040                my_tga_palette_handling
                0x0600415c                initCamera
                0x060041b0                initPlayer
                0x060041c0                initDemo1
                0x060041d4                initDemo2
                0x060041e8                initDemo3
                0x060041fc                loadTile
                0x06004270                draw_level0
                0x060042dc                draw_level1
                0x06004484                my_draw
                0x060044fc                draw_nbg1
                0x0600455c                apply_effect
                0x060045d8                animate_player_e
                0x060046a0                animate_splash_e
                0x06004710                animate_demo_e
                0x0600477c                update_player_e
                0x06004958                my_gamepad
                0x06004a88                load_sprites
                0x06004af4                load_sprite
                0x06004b08                load_map
                0x06004bc0                jo_main
 .text          0x06004d24      0x8a8 ../../jo_engine/tga.o
                0x06004fa0                jo_set_tga_palette_handling
                0x06004fac                __jo_tga_load
                0x060050cc                __jo_tga_any_loader_from_stream
                0x06005114                jo_tga_8bits_loader_from_stream
                0x0600512c                jo_tga_loader_from_stream
                0x06005144                __jo_tga_any_loader
                0x06005194                jo_tga_8bits_loader
                0x060051b0                jo_tga_loader
                0x060051cc                jo_sprite_add_tga_tileset
                0x06005424                jo_sprite_add_tga_from_stream
                0x060054dc                jo_sprite_add_tga
 .text          0x060055cc      0x758 ../../jo_engine/3d.o
                0x06005634                jo_3d_init
                0x0600565c                jo_3d_create_triangle
                0x06005698                jo_3d_create_plane
                0x060056d8                jo_3d_create_cube
                0x06005734                jo_3d_set_mesh_polygon_transparency
                0x060057a8                jo_3d_set_mesh_transparency
                0x06005814                jo_3d_set_mesh_polygon_screen_doors
                0x0600588c                jo_3d_set_mesh_screen_doors
                0x060058f8                jo_3d_set_mesh_polygon_light
                0x06005968                jo_3d_set_mesh_light
                0x060059d4                jo_3d_set_mesh_polygon_texture
                0x06005a78                jo_3d_set_mesh_texture
                0x06005ae4                jo_3d_set_mesh_polygon_color
                0x06005b90                jo_3d_set_mesh_color
                0x06005bfc                jo_3d_free_sprite_quad
                0x06005c28                jo_3d_create_sprite_quad
 .text          0x06005d24      0x94c ../../jo_engine/fs.o
                0x06005d8c                jo_fs_init
                0x06005e3c                jo_fs_do_background_jobs
                0x06005ef8                jo_fs_read_file_async_ptr
                0x0600609c                jo_fs_cd
                0x0600610c                jo_fs_read_file_ptr
                0x060062a8                jo_fs_read_file_in_dir
                0x060062f4                jo_fs_open
                0x060063f0                jo_fs_seek_forward
                0x06006500                jo_fs_read_next_bytes
                0x060065e4                jo_fs_close
                0x06006630                jo_fs_set_read_sector_count
 .text          0x06006670      0x55c ../../jo_engine/storyboard.o
                0x060066d8                jo_init_storyboards
                0x0600673c                jo_storyboard_create
                0x06006790                jo_storyboard_destroy
                0x06006824                jo_execute_storyboards
                0x06006b7c                jo_storyboard_create_animation
 .text          0x06006bcc      0x158 ../../jo_engine/slave.o
                0x06006c4c                jo_core_add_slave_callback
                0x06006c9c                jo_core_remove_slave_callback
                0x06006cdc                jo_core_slave_init
                0x06006cec                jo_core_wait_for_slave
                0x06006d10                jo_core_exec_on_slave
 .text          0x06006d24      0x574 ../../jo_engine/font.o
                0x06006d8c                jo_font_load
                0x0600701c                jo_font_print
                0x06007140                jo_font_print_centered
 .text          0x06007298      0x118 ../../jo_engine/input.o
                0x06007300                jo_get_inputs_vblank
                0x06007348                jo_get_input_type
                0x0600738c                jo_get_input_count
 .text          0x060073b0        0x0 ../../jo_engine/physics.o
 .text          0x060073b0      0x9dc ../../jo_engine/core.o
                0x06007460                __jo_core_set_screens_order
                0x06007598                jo_goto_boot_menu
                0x060075a4                jo_core_suspend
                0x06007684                __jo_core_error
                0x060077a4                jo_core_add_vblank_callback
                0x06007828                jo_core_init
                0x06007af4                jo_core_remove_vblank_callback
                0x06007b54                jo_core_add_callback
                0x06007ba4                jo_core_remove_callback
                0x06007be4                jo_core_set_restart_game_callback
                0x06007bf0                jo_core_run
                0x06007cd4                jo_dump_vdp1_registers
                0x06007d30                jo_dump_vdp2_registers
 .text          0x06007d8c      0xa8c ../../jo_engine/math.o
                0x06007df2                jo_fixed_mult
                0x06007dfe                jo_fixed_dot
                0x06007e10                jo_fixed_pow
                0x06007e54                jo_fixed_div
                0x06007e74                jo_fixed_sin
                0x06007f60                jo_gcd
                0x06007fbc                jo_atan2f_rad
                0x06008194                jo_planar_rotate
                0x060082c4                jo_random
                0x06008334                jo_vector_fixed_compute_bezier_point
                0x06008458                jo_vectorf_compute_bezier_point
                0x060085a8                jo_fixed_sqrt
                0x06008658                jo_sqrt
                0x06008698                jo_fixed_rsqrt
                0x060087a8                jo_rsqrt
 .text          0x06008818      0x484 ../../jo_engine/malloc.o
                0x06008880                jo_add_memory_zone
                0x060088c0                jo_malloc_with_behaviour
                0x06008a0c                jo_reduce_memory_fragmentation
                0x06008a80                jo_free
                0x06008afc                jo_memory_usage_percent
                0x06008c00                jo_memory_fragmentation
 .text          0x06008c9c      0x4a8 ../../jo_engine/tools.o
                0x06008d04                jo_print
                0x06008d54                jo_clear_screen_line
                0x06008d9c                jo_clear_screen
                0x06008dc0                jo_getdate
                0x06008e5c                jo_get_current_language
                0x06008e80                jo_tools_atoi
                0x06008f00                jo_strlen
                0x06008f50                jo_endwith
                0x06008ffc                jo_strcmp
                0x0600902c                jo_memset
                0x060090d0                jo_map_to_vram
 .text          0x06009144      0x134 ../../jo_engine/palette.o
                0x060091ac                jo_create_palette
                0x06009200                jo_set_palette_register
                0x06009264                jo_get_palette_register
 .text          0x06009278      0xa30 ../../jo_engine/sprites.o
                0x06009414                jo_sprite_usage_percent
                0x060094a0                jo_get_last_sprite_id
                0x060094ac                jo_sprite_init
                0x06009530                jo_sprite_name2id
                0x060095a8                jo_sprite_replace
                0x060096c8                jo_sprite_add
                0x06009714                jo_sprite_add_8bits_image
                0x06009760                jo_sprite_free_from
                0x06009808                jo_set_gouraud_shading_colors
                0x06009830                jo_set_gouraud_shading_brightness
                0x06009870                jo_sprite_draw_4p_fixed
                0x06009988                jo_sprite_draw
                0x06009ad4                jo_sprite_draw_rotate
                0x06009c74                jo_sprite_set_clipping_area
 .text          0x06009ca8      0xb84 ../../jo_engine/map.o
                0x06009dd8                jo_map_per_pixel_vertical_collision
                0x06009f0c                jo_map_hitbox_detection_custom_boundaries
                0x06009f7c                jo_map_create
                0x06009ff8                jo_map_add_tile
                0x0600a01c                jo_map_add_animated_tile
                0x0600a040                jo_map_draw_background
                0x0600a0d8                jo_map_3d_draw
                0x0600a214                jo_map_draw
                0x0600a310                jo_map_free
                0x0600a328                jo_map_load_from_file
                0x0600a700                jo_map_move_tiles_by_attribute
                0x0600a780                jo_map_apply_light_effect
 .text          0x0600a82c      0x200 ../../jo_engine/list.o
                0x0600a894                jo_list_init
                0x0600a8a4                jo_list_add
                0x0600a91c                jo_list_insert_at
                0x0600a9cc                jo_list_remove
 .text          0x0600aa2c      0x2bc ../../jo_engine/sprite_animator.o
                0x0600ab40                jo_replace_sprite_anim
                0x0600abf4                jo_create_sprite_anim
                0x0600acc0                jo_clear_all_sprite_anim
 .text          0x0600ace8      0x7b0 ../../jo_engine/image.o
                0x0600ad50                __jo_bin_load
                0x0600ada0                jo_free_img
                0x0600ade8                jo_bin_loader_from_stream
                0x0600aeb8                jo_bin_loader
                0x0600af3c                jo_replace_color
                0x0600afa8                jo_sprite_add_bin_tileset
                0x0600b1a0                jo_sprite_add_bin
                0x0600b26c                jo_sprite_add_bin_from_stream
                0x0600b304                jo_sprite_add_image_pack
 .text          0x0600b498      0xbb0 ../../jo_engine/vdp2.o
                0x0600b57c                jo_set_default_background_color
                0x0600b5bc                jo_img_to_vdp2_cells
                0x0600b6e0                jo_vdp2_set_rbg0_plane_a_8bits_image
                0x0600b7d0                jo_vdp2_set_rbg0_plane_b_8bits_image
                0x0600b8bc                jo_vdp2_enable_rbg0
                0x0600b964                jo_vdp2_disable_rbg0
                0x0600b97c                jo_init_nbg0_printf
                0x0600ba00                __jo_init_vdp2
                0x0600ba64                jo_vdp2_disable_nbg0_line_scroll
                0x0600ba88                jo_vdp2_compute_nbg0_line_scroll
                0x0600baa0                jo_vdp2_enable_nbg0_line_scroll
                0x0600bb10                jo_vdp2_draw_bitmap_nbg1_line
                0x0600bbd0                jo_vdp2_clear_bitmap_nbg1
                0x0600bc28                jo_vdp2_set_nbg1_8bits_image
                0x0600bd04                jo_vdp2_set_nbg1_image
                0x0600be34                jo_vdp2_disable_nbg1_line_scroll
                0x0600be58                jo_vdp2_compute_nbg1_line_scroll
                0x0600be70                jo_vdp2_enable_nbg1_line_scroll
                0x0600bee0                jo_set_displayed_screens
                0x0600bef0                jo_disable_all_screens_transparency
                0x0600bf14                jo_enable_screen_transparency
 .text          0x0600c048      0x280 ../../jo_engine/time.o
                0x0600c0b0                jo_time_init
                0x0600c0dc                jo_get_ticks
                0x0600c1bc                jo_fixed_point_time
 .text          0x0600c2c8       0x68 ../../jo_engine/vdp1_command_pipeline.o
 .text          0x0600c330      0x334 ../../jo_engine/vdp2_malloc.o
                0x0600c398                jo_vdp2_malloc_init
                0x0600c3d0                jo_vdp2_free
                0x0600c490                jo_vdp2_malloc
 *fill*         0x0600c664        0xc 
 .text          0x0600c670      0x238 ../../Compiler/COMMON/SGL_302j/LIB_ELF/SEGA_SYS.A(sys_exit.o)
                0x0600c670                sys_version
                0x0600c690                SYS_Exit
 *fill*         0x0600c8a8        0x8 
 .text          0x0600c8b0        0x6 ../../Compiler/COMMON/SGL_302j/LIB_ELF/SEGA_SYS.A(sys_sub.o)
                0x0600c8b0                SYSUB_SetStackptr
 *fill*         0x0600c8b6        0xa 
 .text          0x0600c8c0      0x3a0 ../../Compiler/COMMON/SGL_302j/LIB_ELF/LIBCD.A(CDC_CMN.O)
                0x0600c8c0                CDC_GetCurStat
                0x0600c910                CDC_GetLastStat
                0x0600c928                CDC_GetPeriStat
                0x0600c9fc                CDC_GetHwInfo
                0x0600ca64                CDC_TgetToc
                0x0600cab4                CDC_GetSes
                0x0600caf0                CDC_CdInit
                0x0600cb74                CDC_CdOpen
                0x0600cb9c                CDC_DataReady
                0x0600cc08                CDC_DataEnd
 .text          0x0600cc60      0x194 ../../Compiler/COMMON/SGL_302j/LIB_ELF/LIBCD.A(CDC_CFS.O)
                0x0600cc60                CDC_ChgDir
                0x0600cc94                CDC_ReadDir
                0x0600ccc8                CDC_GetFileScope
                0x0600cd28                CDC_TgetFileInfo
                0x0600cd84                CDC_ReadFile
                0x0600cdb8                CDC_AbortFile
 *fill*         0x0600cdf4        0xc 
 .text          0x0600ce00      0x2dc ../../Compiler/COMMON/SGL_302j/LIB_ELF/LIBCD.A(CDC_REG.O)
                0x0600ce00                CDC_GetDataPtr
                0x0600ce10                CDC_GetHirqReq
                0x0600ce24                CDC_ClrHirqReq
                0x0600ce54                CDREG_ClrHirqReq
                0x0600ce64                CDREG_InitHirqReq
                0x0600ce8c                CDREG_SetHirqFlag
                0x0600cea0                CDC_GetHirqMsk
                0x0600ceb4                CDC_SetHirqMsk
                0x0600cec4                CDC_GetMpegPtr
                0x0600ced4                CDREG_TgetData
                0x0600cf30                CDREG_CmdRsp
                0x0600d030                CDREG_WaitHirq
                0x0600d0a0                CDREG_ReadRsp
 *fill*         0x0600d0dc        0x4 
 .text          0x0600d0e0      0x152 ../../Compiler/COMMON/SGL_302j/LIB_ELF/LIBCD.A(CDC_SUB.O)
                0x0600d0e0                CDSUB_UpdStatus
                0x0600d0f8                CDSUB_UpdCdstat
                0x0600d118                CDSUB_CdCmd
                0x0600d188                CDSUB_GetCdstat
                0x0600d1c8                CDSUB_RspToCdstat
                0x0600d210                CDSUB_SoftTimer
 *fill*         0x0600d232        0xe 
 .text          0x0600d240     0x1adc ../../Compiler/COMMON/SGL_302j/LIB_ELF/LIBCD.A(GFS.O)
                0x0600d240                gfs_version
                0x0600d260                GFS_Init
                0x0600d348                GFS_LoadDir
                0x0600d3f0                GFS_SetDir
                0x0600d458                GFS_NameToId
                0x0600d4bc                GFS_IdToName
                0x0600d528                GFS_GetDirInfo
                0x0600d598                GFS_Reset
                0x0600d61c                GFS_Open
                0x0600d6d0                GFS_Close
                0x0600d708                GFS_Seek
                0x0600d7bc                GFS_Tell
                0x0600d80c                GFS_IsEof
                0x0600d860                GFS_ByteToSct
                0x0600d8bc                GFS_GetFileSize
                0x0600d918                GFS_GetFileInfo
                0x0600d98c                GFS_GetNumCdbuf
                0x0600d9b4                GFS_Load
                0x0600da78                GFS_Fread
                0x0600db14                gfs_waitRead
                0x0600dbbc                GFS_NwFread
                0x0600dcc8                GFS_NwCdRead
                0x0600dd40                GFS_NwIsComplete
                0x0600dd78                GFS_NwStop
                0x0600dde4                GFS_NwGetStat
                0x0600de60                gfs_recovRdErr
                0x0600de90                GFS_NwExecOne
                0x0600df50                GFS_NwExecServer
                0x0600dfcc                GFS_SetGmode
                0x0600e030                GFS_SetTmode
                0x0600e09c                GFS_SetReadPara
                0x0600e100                GFS_SetTransPara
                0x0600e16c                GFS_SetTrFunc
                0x0600e1d0                GFS_StartTrans
                0x0600e21c                GFS_CdMovePickup
                0x0600e288                GFS_SetErrFunc
                0x0600e2b4                GFS_GetErrStat
                0x0600e2d8                GFS_ConvTno
                0x0600e300                gfs_chgRoot
                0x0600e3cc                gfs_aborttrans
                0x0600e3d8                gfs_mngSetupFuncTbl
                0x0600e40c                gfs_mngInitWork
                0x0600e4b0                gfs_mngGetNumFile
                0x0600e518                GFS_mngAllocGrp
                0x0600e560                gfs_mngFreeGrp
                0x0600e56c                gfs_mngTermAccess
                0x0600e5f0                gfs_mngSetErrCode
                0x0600e670                gfs_svrSearchHndl
                0x0600e6b0                gfs_svrAddHndl
                0x0600e6ec                gfs_svrRemoveHndl
                0x0600e748                GFS_OpenSub
                0x0600e7a0                gfs_loadVol
                0x0600e864                gfs_getRootDir
                0x0600e960                gfs_loadRootDir
                0x0600e9e8                gfs_flowIn
                0x0600ea90                gfs_transData
                0x0600eb34                GFS_GetFad
                0x0600eb8c                gfs_SetSct
                0x0600ebcc                gfs_GetFinfo
                0x0600ec0c                gfs_closeSub
                0x0600ec48                gfs_getGmode
                0x0600ec54                gfs_isTaskDone
                0x0600eca8                gfs_convFinStat
 *fill*         0x0600ed1c        0x4 
 .text          0x0600ed20      0x106 ../../Compiler/COMMON/SGL_302j/LIB_ELF/LIBCD.A(GFS_BUF.O)
                0x0600ed50                GFBF_GetTranData
                0x0600ed78                GFBF_GetNumData
                0x0600eda8                GFBF_GetSrcPk
                0x0600edd0                GFBF_GetSctData
                0x0600edf4                GFBF_RtnPk
                0x0600ee1c                gfbf_getSctDt
 *fill*         0x0600ee26        0xa 
 .text          0x0600ee30      0x600 ../../Compiler/COMMON/SGL_302j/LIB_ELF/LIBCD.A(GFS_CDB.O)
                0x0600ee30                GFCB_Setup
                0x0600ef50                GFCB_Close
                0x0600ef78                GFCB_GetLenData
                0x0600f024                GFCB_GetLenRoom
                0x0600f030                GFCB_SetFilt
                0x0600f098                GFCB_DeleteAllData
                0x0600f0c0                GFCB_Tell
                0x0600f0d0                gfcb_getSctNum
                0x0600f120                GFCB_Seek
                0x0600f21c                GFCB_GetSrcPack
                0x0600f2fc                GFCB_GetSctData
                0x0600f334                GFCB_GetDstPack
                0x0600f340                GFCB_RtnPk
                0x0600f388                GFCB_MovePickup
                0x0600f3a4                GFCB_SetCon
                0x0600f3d8                GFCB_GetPickup
                0x0600f400                GFCB_IsPuOwner
                0x0600f418                GFCB_UngetPickup
 .text          0x0600f430     0x1a10 ../../Compiler/COMMON/SGL_302j/LIB_ELF/LIBCD.A(GFS_CDC.O)
                0x0600f430                GFCD_SetCdbfs
                0x0600f45c                GFCD_Init
                0x0600f660                GFCD_AllocFilt
                0x0600f69c                GFCD_FreeFilt
                0x0600f6cc                GFCD_AllocBuf
                0x0600f700                GFCD_FreeBuf
                0x0600f7a4                GFCD_GetBaseFad
                0x0600f7d8                GFCD_GetPickup
                0x0600f80c                GFCD_UngetPickup
                0x0600f838                GFCD_IsPuOwner
                0x0600f85c                GFCD_SetFilt
                0x0600f920                GFCD_GetFilt
                0x0600f968                GFCD_SetCon
                0x0600f9c0                GFCD_Play
                0x0600fa20                GFCD_GetLenData
                0x0600fa88                GFCD_ReqData
                0x0600fae4                GFCD_EndData
                0x0600fb2c                GFCD_DelSctData
                0x0600fb84                GFCD_CheckDelSctData
                0x0600fbb4                GFCD_GetStat
                0x0600fc68                GFCD_MovePickup
                0x0600fcb4                GFCD_MoveSctData
                0x0600fd28                GFCD_CheckMove
                0x0600fd4c                GFCD_GetSctInfo
                0x0600fd94                GFCD_ChgDir
                0x0600fe08                GFCD_SetFiltCon
                0x0600fef0                GFCD_GetFileInfo
                0x0600ffcc                GFCD_GetBufSiz
                0x06010004                GFCD_ExecServer
                0x060100d8                gfcd_isIdleTask
                0x06010164                gfcd_doTask
                0x06010210                GFCD_SetTimer
                0x06010224                GFCD_WaitServer
                0x06010260                gfcd_doSetFiltTsk
                0x06010424                gfcd_doSetConTsk
                0x060104b4                gfcd_doGetLenDataTsk
                0x06010608                gfcd_doReqDataTsk
                0x060106a8                gfcd_doDelSctDataTsk
                0x060107dc                gfcd_doMoveSctTsk
                0x06010940                gfcd_doChgDirTsk
                0x06010b3c                gfcd_doSetFiltConTsk
                0x06010c80                gfcd_checkEflag
                0x06010ca4                gfcd_initCdbMng
                0x06010d24                gfcd_setStat
                0x06010d50                GFCD_SetCsctFunc
                0x06010d6c                GFCD_ChkScdqFlag
                0x06010d90                GFCD_ClrScdqFlag
                0x06010dac                GFCD_WaitScdqFlag
                0x06010df0                GFCD_WaitPause
 .text          0x06010e40      0x8d8 ../../Compiler/COMMON/SGL_302j/LIB_ELF/LIBCD.A(GFS_CDF.O)
                0x06010e40                GFCF_Init
                0x06010ee0                GFCF_Setup
                0x06011028                GFCF_SetSct
                0x0601106c                GFCF_GetFileInfo
                0x060110e0                GFCF_FlowInBuf
                0x06011234                GFCF_StopInBuf
                0x060112d4                GFCF_Recover
                0x0601131c                GFCF_Tell
                0x06011334                GFCF_Seek
                0x0601134c                GFCF_MovePickup
                0x060113e8                GFCF_cnvIntlvOfs
                0x0601143c                GFCF_GetStat
                0x060114d4                gfcf_getSctSize
                0x06011510                gfcf_isCdOk
                0x060115d0                gfcf_getPlayRange
 *fill*         0x06011718        0x8 
 .text          0x06011720      0x92c ../../Compiler/COMMON/SGL_302j/LIB_ELF/LIBCD.A(GFS_DIR.O)
                0x06011720                GFDR_SetupDirTbl
                0x06011794                GFDR_NameToId
                0x060117f4                GFDR_GetInfoDirId
                0x06011808                GFDR_GetInfoDirName
                0x0601181c                GFDR_GetAtrDirId
                0x06011834                GFDR_GetAtrDirName
                0x0601184c                GFDR_ChgRoot
                0x06011864                GFDR_ChgDir
                0x060118d8                gfdr_setupDirIdTbl
                0x0601195c                gfdr_setupDirNameTbl
                0x06011a08                gfdr_open
                0x06011a30                gfdr_read
                0x06011af0                gfdr_readByte
                0x06011b1c                gfdr_readWord
                0x06011b48                gfdr_readWordNB
                0x06011b9c                gfdr_readLongNB
                0x06011be8                gfdr_readLongNM
                0x06011c10                gfdr_setNextRec
                0x06011c94                gfdr_readDirEnt
                0x06012010                gfdr_setDirrecCd
 *fill*         0x0601204c        0x4 
 .text          0x06012050      0x9c6 ../../Compiler/COMMON/SGL_302j/LIB_ELF/LIBCD.A(GFS_TRN.O)
                0x06012080                GFTR_Setup
                0x060120c4                GFTR_SetMode
                0x060120d8                GFTR_SetUnit
                0x060120e4                GFTR_SetTransPara
                0x06012118                GFTR_GetTransPara
                0x06012124                GFTR_GetNumTrans
                0x06012130                GFTR_SetTransMax
                0x0601213c                GFTR_Start
                0x06012148                GFTR_Pause
                0x06012154                GFTR_Stop
                0x0601220c                GFTR_Exec
                0x06012290                GFTR_Idle
                0x06012308                GFTR_ExecSvr
                0x06012410                gftr_getSrcPack
                0x06012498                gftr_getDstPack
                0x060124f4                gftr_reqScu
                0x06012500                gftr_execScu
                0x0601259c                gftr_remScu
                0x060125d0                gfdma_canUse
                0x060125dc                gfdma_exec
                0x0601264c                gfdma_getBytecnt
                0x06012684                gftr_reqDma0
                0x0601269c                gftr_execSdma0
                0x060126c0                gftr_remDma0
                0x060126d8                gftr_reqDma1
                0x060126f0                gftr_execSdma1
                0x06012714                gftr_remDma1
                0x0601272c                gftr_reqCpu
                0x06012738                gftr_execCpu
                0x06012778                gftr_remCpu
                0x06012784                gftr_reqTrn
                0x060127f4                gftr_execTrn
                0x060128cc                gftr_remTrn
                0x06012940                gftr_copyFrac
                0x06012968                GFTR_GetLenData
                0x06012974                GFTR_GetLenRoom
                0x0601298c                GFTR_GetDstPack
                0x060129c0                GFTR_RtnDstPk
                0x060129dc                GFTR_GetData
                0x060129f0                GFTR_SetData
                0x06012a04                GFTR_SetTransFunc
 *fill*         0x06012a16        0xa 
 .text          0x06012a20      0x130 ../../Compiler/COMMON/SGL_302j/LIB_ELF/LIBCD.A(CDC_DRV.O)
                0x06012a20                CDC_CdPlay
                0x06012aec                CDC_CdSeek
                0x06012b20                CDC_CdScan
 .text          0x06012b50       0xa8 ../../Compiler/COMMON/SGL_302j/LIB_ELF/LIBCD.A(CDC_DEV.O)
                0x06012b50                CDC_CdSetCon
                0x06012b80                CDC_CdGetCon
                0x06012bbc                CDC_CdGetLastBuf
 *fill*         0x06012bf8        0x8 
 .text          0x06012c00      0x2b8 ../../Compiler/COMMON/SGL_302j/LIB_ELF/LIBCD.A(CDC_SEL.O)
                0x06012c00                CDC_SetFiltRange
                0x06012c34                CDC_GetFiltRange
                0x06012c8c                CDC_SetFiltSubh
                0x06012cfc                CDC_GetFiltSubh
                0x06012d78                CDC_SetFiltMode
                0x06012dac                CDC_GetFiltMode
                0x06012df0                CDC_SetFiltCon
                0x06012e30                CDC_GetFiltCon
                0x06012e84                CDC_ResetSelector
 *fill*         0x06012eb8        0x8 
 .text          0x06012ec0      0x270 ../../Compiler/COMMON/SGL_302j/LIB_ELF/LIBCD.A(CDC_BIF.O)
                0x06012ec0                CDC_GetBufSiz
                0x06012f1c                CDC_GetSctNum
                0x06012f60                CDC_CalActSiz
                0x06012f9c                CDC_GetActSiz
                0x0601301c                CDC_GetSctInfo
                0x0601309c                CDC_ExeFadSearch
                0x060130d4                CDC_GetFadSearch
 .text          0x06013130      0x1e4 ../../Compiler/COMMON/SGL_302j/LIB_ELF/LIBCD.A(CDC_BIO.O)
                0x06013130                CDC_SetSctLen
                0x06013164                CDC_GetSctData
                0x060131a0                CDC_DelSctData
                0x060131dc                CDC_GetdelSctData
                0x06013218                CDC_PutSctData
                0x06013250                CDC_CopySctData
                0x06013294                CDC_MoveSctData
                0x060132d8                CDC_GetCopyErr
 *fill*         0x06013314        0xc 
 .text          0x06013320        0x0 ../../Compiler/COMMON/SGL_302j/LIB_ELF/LIBSGL.A(sglA15.o)
 .text          0x06013320        0x0 ../../Compiler/COMMON/SGL_302j/LIB_ELF/LIBSGL.A(sglA16.o)
 .text          0x06013320        0x0 ../../Compiler/COMMON/SGL_302j/LIB_ELF/LIBSGL.A(sglA17.o)
 .text          0x06013320        0x0 ../../Compiler/COMMON/SGL_302j/LIB_ELF/LIBSGL.A(sglA18.o)
 .text          0x06013320        0x0 ../../Compiler/COMMON/SGL_302j/LIB_ELF/LIBSGL.A(sglA19.o)
 .text          0x06013320        0x0 ../../Compiler/COMMON/SGL_302j/LIB_ELF/LIBSGL.A(sglA20.o)
 .text          0x06013320        0x0 ../../Compiler/COMMON/SGL_302j/LIB_ELF/LIBSGL.A(sglA21.o)
 .text          0x06013320        0x0 ../../Compiler/COMMON/SGL_302j/LIB_ELF/LIBSGL.A(sglA27.o)
 .text          0x06013320        0x0 ../../Compiler/COMMON/SGL_302j/LIB_ELF/LIBSGL.A(sglB001.o)
 .text          0x06013320        0x0 ../../Compiler/COMMON/SGL_302j/LIB_ELF/LIBSGL.A(sglB011.o)
 .text          0x06013320        0x0 ../../Compiler/COMMON/SGL_302j/LIB_ELF/LIBSGL.A(sglB014.o)
 .text          0x06013320        0x0 ../../Compiler/COMMON/SGL_302j/LIB_ELF/LIBSGL.A(sglB015.o)
 .text          0x06013320        0x0 ../../Compiler/COMMON/SGL_302j/LIB_ELF/LIBSGL.A(sglB016.o)
 .text          0x06013320        0x0 ../../Compiler/COMMON/SGL_302j/LIB_ELF/LIBSGL.A(sglB020.o)
 .text          0x06013320        0x0 ../../Compiler/COMMON/SGL_302j/LIB_ELF/LIBSGL.A(sglB021.o)
 .text          0x06013320        0x0 ../../Compiler/COMMON/SGL_302j/LIB_ELF/LIBSGL.A(sglB023.o)
 .text          0x06013320        0x0 ../../Compiler/COMMON/SGL_302j/LIB_ELF/LIBSGL.A(sglB032.o)
 .text          0x06013320        0x0 ../../Compiler/COMMON/SGL_302j/LIB_ELF/LIBSGL.A(sglB035.o)
 .text          0x06013320        0x0 ../../Compiler/COMMON/SGL_302j/LIB_ELF/LIBSGL.A(sglB036.o)
 .text          0x06013320        0x0 ../../Compiler/COMMON/SGL_302j/LIB_ELF/LIBSGL.A(sglB038.o)
 .text          0x06013320        0x0 ../../Compiler/COMMON/SGL_302j/LIB_ELF/LIBSGL.A(sglB039.o)
 .text          0x06013320        0x0 ../../Compiler/COMMON/SGL_302j/LIB_ELF/LIBSGL.A(sglB040.o)
 .text          0x06013320        0x0 ../../Compiler/COMMON/SGL_302j/LIB_ELF/LIBSGL.A(sglB041.o)
 .text          0x06013320        0x0 ../../Compiler/COMMON/SGL_302j/LIB_ELF/LIBSGL.A(sglB042.o)
 .text          0x06013320        0x0 ../../Compiler/COMMON/SGL_302j/LIB_ELF/LIBSGL.A(sglB043.o)
 .text          0x06013320        0x0 ../../Compiler/COMMON/SGL_302j/LIB_ELF/LIBSGL.A(sglB044.o)
 .text          0x06013320        0x0 ../../Compiler/COMMON/SGL_302j/LIB_ELF/LIBSGL.A(sglB045.o)
 .text          0x06013320        0x0 ../../Compiler/COMMON/SGL_302j/LIB_ELF/LIBSGL.A(sglB047.o)
 .text          0x06013320        0x0 ../../Compiler/COMMON/SGL_302j/LIB_ELF/LIBSGL.A(sglB048.o)
 .text          0x06013320        0x0 ../../Compiler/COMMON/SGL_302j/LIB_ELF/LIBSGL.A(sglB056.o)
 .text          0x06013320        0x0 ../../Compiler/COMMON/SGL_302j/LIB_ELF/LIBSGL.A(sglB059.o)
 .text          0x06013320        0x0 ../../Compiler/COMMON/SGL_302j/LIB_ELF/LIBSGL.A(sglB060.o)
 .text          0x06013320        0x0 ../../Compiler/COMMON/SGL_302j/LIB_ELF/LIBSGL.A(sglB063.o)
 .text          0x06013320        0x0 ../../Compiler/COMMON/SGL_302j/LIB_ELF/LIBSGL.A(sglB087.o)
 .text          0x06013320        0x0 ../../Compiler/COMMON/SGL_302j/LIB_ELF/LIBSGL.A(sglB088.o)
 .text          0x06013320        0x0 ../../Compiler/COMMON/SGL_302j/LIB_ELF/LIBSGL.A(sglB090.o)
 .text          0x06013320        0x0 ../../Compiler/COMMON/SGL_302j/LIB_ELF/LIBSGL.A(sglB200.o)
 .text          0x06013320        0x0 ../../Compiler/COMMON/SGL_302j/LIB_ELF/LIBSGL.A(sglC01.o)
 .text          0x06013320        0x0 ../../Compiler/COMMON/SGL_302j/LIB_ELF/LIBSGL.A(sglC03.o)
 .text          0x06013320        0x0 ../../Compiler/COMMON/SGL_302j/LIB_ELF/LIBSGL.A(sglC04.o)
 .text          0x06013320        0x0 ../../Compiler/COMMON/SGL_302j/LIB_ELF/LIBSGL.A(sglC05.o)
 .text          0x06013320        0x0 ../../Compiler/COMMON/SGL_302j/LIB_ELF/LIBSGL.A(sglC06.o)
 .text          0x06013320        0x0 ../../Compiler/COMMON/SGL_302j/LIB_ELF/LIBSGL.A(sglC07.o)
 .text          0x06013320        0x0 ../../Compiler/COMMON/SGL_302j/LIB_ELF/LIBSGL.A(sglC08.o)
 .text          0x06013320        0x0 ../../Compiler/COMMON/SGL_302j/LIB_ELF/LIBSGL.A(sglC17.o)
 .text          0x06013320        0x0 ../../Compiler/COMMON/SGL_302j/LIB_ELF/LIBSGL.A(sglC19.o)
 .text          0x06013320        0x0 ../../Compiler/COMMON/SGL_302j/LIB_ELF/LIBSGL.A(sglC20.o)
 .text          0x06013320        0x0 ../../Compiler/COMMON/SGL_302j/LIB_ELF/LIBSGL.A(sglC21.o)
 .text          0x06013320        0x0 ../../Compiler/COMMON/SGL_302j/LIB_ELF/LIBSGL.A(sglD00.o)
 .text          0x06013320        0x0 ../../Compiler/COMMON/SGL_302j/LIB_ELF/LIBSGL.A(sglD01.o)
 .text          0x06013320        0x0 ../../Compiler/COMMON/SGL_302j/LIB_ELF/LIBSGL.A(sglD03.o)
 .text          0x06013320        0x0 ../../Compiler/COMMON/SGL_302j/LIB_ELF/LIBSGL.A(sglD15.o)
 .text          0x06013320        0x0 ../../Compiler/COMMON/SGL_302j/LIB_ELF/LIBSGL.A(sglD16.o)
 .text          0x06013320        0x0 ../../Compiler/COMMON/SGL_302j/LIB_ELF/LIBSGL.A(sglD17.o)
 .text          0x06013320        0x0 ../../Compiler/COMMON/SGL_302j/LIB_ELF/LIBSGL.A(sglD18.o)
 .text          0x06013320        0x0 ../../Compiler/COMMON/SGL_302j/LIB_ELF/LIBSGL.A(sglF00.o)
 .text          0x06013320        0x0 ../../Compiler/COMMON/SGL_302j/LIB_ELF/LIBSGL.A(sglF05.o)
 .text          0x06013320        0x0 ../../Compiler/COMMON/SGL_302j/LIB_ELF/LIBSGL.A(sglF08.o)
 .text          0x06013320        0x0 ../../Compiler/COMMON/SGL_302j/LIB_ELF/LIBSGL.A(sglH00.o)
 .text          0x06013320        0x0 ../../Compiler/COMMON/SGL_302j/LIB_ELF/LIBSGL.A(sglH01.o)
 .text          0x06013320        0x0 ../../Compiler/COMMON/SGL_302j/LIB_ELF/LIBSGL.A(sglH02.o)
 .text          0x06013320        0x0 ../../Compiler/COMMON/SGL_302j/LIB_ELF/LIBSGL.A(sglH04.o)
 .text          0x06013320        0x0 ../../Compiler/COMMON/SGL_302j/LIB_ELF/LIBSGL.A(sglI01.o)
 .text          0x06013320        0x0 ../../Compiler/COMMON/SGL_302j/LIB_ELF/LIBSGL.A(sglI04.o)
 .text          0x06013320      0x128 ../../Compiler/COMMON/SGL_302j/LIB_ELF/LIBSGL.A(sglIc0.o)
                0x06013320                slInitSystem
 *fill*         0x06013448        0x8 
 .text          0x06013450        0x0 ../../Compiler/COMMON/SGL_302j/LIB_ELF/LIBSGL.A(sglJ00.o)
 .text          0x06013450        0x0 ../../Compiler/COMMON/SGL_302j/LIB_ELF/LIBSGL.A(sglJ01.o)
 .text          0x06013450        0x0 ../../Compiler/COMMON/SGL_302j/LIB_ELF/LIBSGL.A(sglJ02.o)
 .text          0x06013450        0x0 ../../Compiler/COMMON/SGL_302j/LIB_ELF/LIBSGL.A(sglJ03.o)
 .text          0x06013450        0x0 ../../Compiler/COMMON/SGL_302j/LIB_ELF/LIBSGL.A(sglJ04.o)
 .text          0x06013450        0x0 ../../Compiler/COMMON/SGL_302j/LIB_ELF/LIBSGL.A(sglJ05.o)
 .text          0x06013450        0x0 ../../Compiler/COMMON/SGL_302j/LIB_ELF/LIBSGL.A(sglK01.o)
 .text          0x06013450        0x0 ../../Compiler/COMMON/SGL_302j/LIB_ELF/LIBSGL.A(sglM01.o)
 .text          0x06013450        0x0 ../../Compiler/COMMON/SGL_302j/LIB_ELF/LIBSGL.A(sglA00.o)
 .text          0x06013450        0x0 ../../Compiler/COMMON/SGL_302j/LIB_ELF/LIBSGL.A(sglA01.o)
 .text          0x06013450        0x0 ../../Compiler/COMMON/SGL_302j/LIB_ELF/LIBSGL.A(sglA03.o)
 .text          0x06013450        0x0 ../../Compiler/COMMON/SGL_302j/LIB_ELF/LIBSGL.A(sglA10.o)
 .text          0x06013450        0x0 ../../Compiler/COMMON/SGL_302j/LIB_ELF/LIBSGL.A(sglA24.o)
 .text          0x06013450        0x0 ../../Compiler/COMMON/SGL_302j/LIB_ELF/LIBSGL.A(sglA28.o)
 .text          0x06013450        0x0 ../../Compiler/COMMON/SGL_302j/LIB_ELF/LIBSGL.A(sglB000.o)
 .text          0x06013450        0x0 ../../Compiler/COMMON/SGL_302j/LIB_ELF/LIBSGL.A(sglC00.o)
 .text          0x06013450        0x0 ../../Compiler/COMMON/SGL_302j/LIB_ELF/LIBSGL.A(sglI00.o)
 .text          0x06013450        0x0 ../../Compiler/COMMON/SGL_302j/LIB_ELF/LIBSGL.A(sglH03.o)
 .text          0x06013450       0x52 c:/joengine/compiler/windows/bin/../lib/gcc/sh-elf/9.3.0\libgcc.a(_ashiftrt.o)
                0x06013450                __ashiftrt_r4_31
                0x06013450                __ashiftrt_r4_32
                0x06013456                __ashiftrt_r4_30
                0x06013458                __ashiftrt_r4_29
                0x0601345a                __ashiftrt_r4_28
                0x0601345c                __ashiftrt_r4_27
                0x0601345e                __ashiftrt_r4_26
                0x06013460                __ashiftrt_r4_25
                0x06013462                __ashiftrt_r4_24
                0x0601346a                __ashiftrt_r4_23
                0x0601346c                __ashiftrt_r4_22
                0x0601346e                __ashiftrt_r4_21
                0x06013470                __ashiftrt_r4_20
                0x06013472                __ashiftrt_r4_19
                0x06013474                __ashiftrt_r4_18
                0x06013476                __ashiftrt_r4_17
                0x06013478                __ashiftrt_r4_16
                0x0601347e                __ashiftrt_r4_15
                0x06013480                __ashiftrt_r4_14
                0x06013482                __ashiftrt_r4_13
                0x06013484                __ashiftrt_r4_12
                0x06013486                __ashiftrt_r4_11
                0x06013488                __ashiftrt_r4_10
                0x0601348a                __ashiftrt_r4_9
                0x0601348c                __ashiftrt_r4_8
                0x0601348e                __ashiftrt_r4_7
                0x06013490                __ashiftrt_r4_6
                0x06013492                __ashiftrt_r4_5
                0x06013494                __ashiftrt_r4_4
                0x06013496                __ashiftrt_r4_3
                0x06013498                __ashiftrt_r4_2
                0x0601349a                __ashiftrt_r4_1
                0x0601349e                __ashiftrt_r4_0
 *fill*         0x060134a2        0x2 
 .text          0x060134a4       0x80 c:/joengine/compiler/windows/bin/../lib/gcc/sh-elf/9.3.0\libgcc.a(_ashiftrt_n.o)
                0x060134a4                __ashrsi3
 .text          0x06013524       0xbc c:/joengine/compiler/windows/bin/../lib/gcc/sh-elf/9.3.0\libgcc.a(_ashiftlt.o)
                0x06013524                __ashlsi3
                0x06013528                __ashlsi3_r0
 .text          0x060135e0       0xbc c:/joengine/compiler/windows/bin/../lib/gcc/sh-elf/9.3.0\libgcc.a(_lshiftrt.o)
                0x060135e0                __lshrsi3
                0x060135e4                __lshrsi3_r0
 .text          0x0601369c       0xa0 c:/joengine/compiler/windows/bin/../lib/gcc/sh-elf/9.3.0\libgcc.a(_sdivsi3.o)
                0x0601369c                __sdivsi3
 .text          0x0601373c       0x6c c:/joengine/compiler/windows/bin/../lib/gcc/sh-elf/9.3.0\libgcc.a(_udivsi3.o)
                0x0601375e                __udivsi3
 .text          0x060137a8      0x21c c:/joengine/compiler/windows/bin/../lib/gcc/sh-elf/9.3.0\libgcc.a(_addsub_sf.o)
                0x06013928                __addsf3
                0x06013974                __subsf3
 .text          0x060139c4      0x134 c:/joengine/compiler/windows/bin/../lib/gcc/sh-elf/9.3.0\libgcc.a(_mul_sf.o)
                0x060139c4                __mulsf3
 .text          0x06013af8       0xdc c:/joengine/compiler/windows/bin/../lib/gcc/sh-elf/9.3.0\libgcc.a(_div_sf.o)
                0x06013af8                __divsf3
 .text          0x06013bd4       0x54 c:/joengine/compiler/windows/bin/../lib/gcc/sh-elf/9.3.0\libgcc.a(_eq_sf.o)
                0x06013bd4                __eqsf2
 .text          0x06013c28       0x54 c:/joengine/compiler/windows/bin/../lib/gcc/sh-elf/9.3.0\libgcc.a(_gt_sf.o)
                0x06013c28                __gtsf2
 .text          0x06013c7c       0x54 c:/joengine/compiler/windows/bin/../lib/gcc/sh-elf/9.3.0\libgcc.a(_ge_sf.o)
                0x06013c7c                __gesf2
 .text          0x06013cd0       0x54 c:/joengine/compiler/windows/bin/../lib/gcc/sh-elf/9.3.0\libgcc.a(_lt_sf.o)
                0x06013cd0                __ltsf2
 .text          0x06013d24       0x54 c:/joengine/compiler/windows/bin/../lib/gcc/sh-elf/9.3.0\libgcc.a(_le_sf.o)
                0x06013d24                __lesf2
 .text          0x06013d78       0x84 c:/joengine/compiler/windows/bin/../lib/gcc/sh-elf/9.3.0\libgcc.a(_si_to_sf.o)
                0x06013d78                __floatsisf
 .text          0x06013dfc       0x70 c:/joengine/compiler/windows/bin/../lib/gcc/sh-elf/9.3.0\libgcc.a(_sf_to_si.o)
                0x06013dfc                __fixsfsi
 .text          0x06013e6c       0x3c c:/joengine/compiler/windows/bin/../lib/gcc/sh-elf/9.3.0\libgcc.a(_sf_to_df.o)
                0x06013e6c                __extendsfdf2
 .text          0x06013ea8        0x0 c:/joengine/compiler/windows/bin/../lib/gcc/sh-elf/9.3.0\libgcc.a(_thenan_sf.o)
 .text          0x06013ea8       0x94 c:/joengine/compiler/windows/bin/../lib/gcc/sh-elf/9.3.0\libgcc.a(_usi_to_sf.o)
                0x06013ea8                __floatunsisf
 .text          0x06013f3c      0x3e0 c:/joengine/compiler/windows/bin/../lib/gcc/sh-elf/9.3.0\libgcc.a(_addsub_df.o)
                0x06014278                __adddf3
                0x060142c8                __subdf3
 .text          0x0601431c      0x208 c:/joengine/compiler/windows/bin/../lib/gcc/sh-elf/9.3.0\libgcc.a(_mul_df.o)
                0x0601431c                __muldf3
 .text          0x06014524       0xa8 c:/joengine/compiler/windows/bin/../lib/gcc/sh-elf/9.3.0\libgcc.a(_si_to_df.o)
                0x06014524                __floatsidf
 .text          0x060145cc       0xa0 c:/joengine/compiler/windows/bin/../lib/gcc/sh-elf/9.3.0\libgcc.a(_df_to_si.o)
                0x060145cc                __fixdfsi
 .text          0x0601466c       0x28 c:/joengine/compiler/windows/bin/../lib/gcc/sh-elf/9.3.0\libgcc.a(_make_df.o)
                0x0601466c                __make_dp
 .text          0x06014694       0x4c c:/joengine/compiler/windows/bin/../lib/gcc/sh-elf/9.3.0\libgcc.a(_df_to_sf.o)
                0x06014694                __truncdfsf2
 .text          0x060146e0        0x0 c:/joengine/compiler/windows/bin/../lib/gcc/sh-elf/9.3.0\libgcc.a(_thenan_df.o)
 .text          0x060146e0       0x54 c:/joengine/compiler/windows/bin/../lib/gcc/sh-elf/9.3.0\libgcc.a(_clzsi2.o)
                0x060146e0                __clzsi2
 .text          0x06014734      0x11c c:/joengine/compiler/windows/bin/../lib/gcc/sh-elf/9.3.0\libgcc.a(_pack_sf.o)
                0x06014734                __pack_f
 .text          0x06014850       0xa0 c:/joengine/compiler/windows/bin/../lib/gcc/sh-elf/9.3.0\libgcc.a(_unpack_sf.o)
                0x06014850                __unpack_f
 .text          0x060148f0       0xac c:/joengine/compiler/windows/bin/../lib/gcc/sh-elf/9.3.0\libgcc.a(_fpcmp_parts_sf.o)
                0x060148f0                __fpcmp_parts_f
 .text          0x0601499c       0x20 c:/joengine/compiler/windows/bin/../lib/gcc/sh-elf/9.3.0\libgcc.a(_make_sf.o)
                0x0601499c                __make_fp
 .text          0x060149bc      0x274 c:/joengine/compiler/windows/bin/../lib/gcc/sh-elf/9.3.0\libgcc.a(_pack_df.o)
                0x060149bc                __pack_d
 .text          0x06014c30       0xcc c:/joengine/compiler/windows/bin/../lib/gcc/sh-elf/9.3.0\libgcc.a(_unpack_df.o)
                0x06014c30                __unpack_d
 .text          0x06014cfc        0x0 c:/joengine/compiler/windows/bin/../lib/gcc/sh-elf/9.3.0\libgcc.a(_clz.o)
 .text          0x06014cfc        0x0 c:/joengine/compiler/windows/bin/../lib/gcc/sh-elf/9.3.0/../../../../sh-elf/lib\libc.a(lib_a-impure.o)
 .text          0x06014cfc       0x1e c:/joengine/compiler/windows/bin/../lib/gcc/sh-elf/9.3.0/../../../../sh-elf/lib\libc.a(lib_a-memcmp.o)
                0x06014cfc                memcmp
 *fill*         0x06014d1a        0x2 
 .text          0x06014d1c       0x94 c:/joengine/compiler/windows/bin/../lib/gcc/sh-elf/9.3.0/../../../../sh-elf/lib\libc.a(lib_a-memcpy.o)
                0x06014d1c                memcpy
 .text          0x06014db0       0x40 c:/joengine/compiler/windows/bin/../lib/gcc/sh-elf/9.3.0/../../../../sh-elf/lib\libc.a(lib_a-memset.o)
                0x06014db0                memset
 .text          0x06014df0       0x60 c:/joengine/compiler/windows/bin/../lib/gcc/sh-elf/9.3.0/../../../../sh-elf/lib\libc.a(lib_a-rget.o)
                0x06014df0                __srget_r
                0x06014e3c                __srget
 .text          0x06014e50       0x8c c:/joengine/compiler/windows/bin/../lib/gcc/sh-elf/9.3.0/../../../../sh-elf/lib\libc.a(lib_a-sprintf.o)
                0x06014e50                _siprintf_r
                0x06014e50                _sprintf_r
                0x06014e90                siprintf
                0x06014e90                sprintf
 .text          0x06014edc       0x3c c:/joengine/compiler/windows/bin/../lib/gcc/sh-elf/9.3.0/../../../../sh-elf/lib\libc.a(lib_a-strcpy.o)
                0x06014edc                strcpy
 .text          0x06014f18       0x2a c:/joengine/compiler/windows/bin/../lib/gcc/sh-elf/9.3.0/../../../../sh-elf/lib\libc.a(lib_a-strncmp.o)
                0x06014f18                strncmp
 .text          0x06014f42       0x36 c:/joengine/compiler/windows/bin/../lib/gcc/sh-elf/9.3.0/../../../../sh-elf/lib\libc.a(lib_a-strncpy.o)
                0x06014f42                strncpy
 .text          0x06014f78       0xdc c:/joengine/compiler/windows/bin/../lib/gcc/sh-elf/9.3.0/../../../../sh-elf/lib\libc.a(lib_a-wbuf.o)
                0x06014f78                __swbuf_r
                0x06015040                __swbuf
 .text          0x06015054       0xcc c:/joengine/compiler/windows/bin/../lib/gcc/sh-elf/9.3.0/../../../../sh-elf/lib\libc.a(lib_a-wsetup.o)
                0x06015054                __swsetup_r
 .text          0x06015120      0x1a4 c:/joengine/compiler/windows/bin/../lib/gcc/sh-elf/9.3.0/../../../../sh-elf/lib\libc.a(lib_a-fflush.o)
                0x06015120                __sflush_r
                0x0601525c                _fflush_r
                0x0601529c                fflush
 .text          0x060152c4      0x1d0 c:/joengine/compiler/windows/bin/../lib/gcc/sh-elf/9.3.0/../../../../sh-elf/lib\libc.a(lib_a-findfp.o)
                0x0601531c                _cleanup_r
                0x0601532c                __sfmoreglue
                0x06015378                _cleanup
                0x0601538c                __sinit
                0x060153e0                __sfp
 .text          0x06015494       0xb0 c:/joengine/compiler/windows/bin/../lib/gcc/sh-elf/9.3.0/../../../../sh-elf/lib\libc.a(lib_a-fwalk.o)
                0x06015494                _fwalk
                0x060154e8                _fwalk_reent
 .text          0x06015544      0x108 c:/joengine/compiler/windows/bin/../lib/gcc/sh-elf/9.3.0/../../../../sh-elf/lib\libc.a(lib_a-makebuf.o)
                0x06015544                __swhatbuf_r
                0x060155a0                __smakebuf_r
 .text          0x0601564c       0xd0 c:/joengine/compiler/windows/bin/../lib/gcc/sh-elf/9.3.0/../../../../sh-elf/lib\libc.a(lib_a-nano-freer.o)
                0x0601564c                _free_r
 .text          0x0601571c       0xf8 c:/joengine/compiler/windows/bin/../lib/gcc/sh-elf/9.3.0/../../../../sh-elf/lib\libc.a(lib_a-nano-mallocr.o)
                0x0601571c                _malloc_r
 .text          0x06015814      0x444 c:/joengine/compiler/windows/bin/../lib/gcc/sh-elf/9.3.0/../../../../sh-elf/lib\libc.a(lib_a-nano-svfprintf.o)
                0x06015814                __ssputs_r
                0x06015908                __ssprint_r
                0x06015a3c                _svfprintf_r
                0x06015a3c                _svfiprintf_r
 .text          0x06015c58      0x380 c:/joengine/compiler/windows/bin/../lib/gcc/sh-elf/9.3.0/../../../../sh-elf/lib\libc.a(lib_a-nano-vfprintf_i.o)
                0x06015c58                _printf_common
                0x06015d58                _printf_i
 .text          0x06015fd8      0x150 c:/joengine/compiler/windows/bin/../lib/gcc/sh-elf/9.3.0/../../../../sh-elf/lib\libc.a(lib_a-refill.o)
                0x06015ff0                __srefill_r
 .text          0x06016128       0x30 c:/joengine/compiler/windows/bin/../lib/gcc/sh-elf/9.3.0/../../../../sh-elf/lib\libc.a(lib_a-sbrkr.o)
                0x06016128                _sbrk_r
 .text          0x06016158       0xe0 c:/joengine/compiler/windows/bin/../lib/gcc/sh-elf/9.3.0/../../../../sh-elf/lib\libc.a(lib_a-stdio.o)
                0x06016158                __sread
                0x06016194                __seofread
                0x06016198                __swrite
                0x060161e8                __sseek
                0x06016228                __sclose
 .text          0x06016238      0x25c c:/joengine/compiler/windows/bin/../lib/gcc/sh-elf/9.3.0/../../../../sh-elf/lib\libc.a(lib_a-syscalls.o)
                0x060162b0                _read
                0x060162c0                _lseek
                0x060162d0                _write
                0x060162e0                _close
                0x060162f0                _link
                0x060162f4                _sbrk
                0x0601634c                _fstat
                0x06016356                _open
                0x06016368                _creat
                0x06016378                _unlink
                0x0601637c                isatty
                0x06016380                _isatty
                0x06016384                _exit
                0x06016394                _kill
                0x060163a8                _getpid
                0x060163ac                _raise
                0x060163b0                _stat
                0x060163c0                _chmod
                0x060163d0                _chown
                0x060163e0                _utime
                0x060163f4                _fork
                0x06016400                _wait
                0x06016410                _execve
                0x06016420                _execv
                0x06016430                _pipe
                0x0601643c                _times
                0x06016440                _gettimeofday
                0x06016468                __setup_argv_and_call_main
 .text          0x06016494       0x14 c:/joengine/compiler/windows/bin/../lib/gcc/sh-elf/9.3.0/../../../../sh-elf/lib\libc.a(lib_a-trap.o)
                0x06016494                __trap34
 .text          0x060164a8       0x34 c:/joengine/compiler/windows/bin/../lib/gcc/sh-elf/9.3.0/../../../../sh-elf/lib\libc.a(lib_a-writer.o)
                0x060164a8                _write_r
 .text          0x060164dc       0x18 c:/joengine/compiler/windows/bin/../lib/gcc/sh-elf/9.3.0/../../../../sh-elf/lib\libc.a(lib_a-abort.o)
                0x060164dc                abort
 .text          0x060164f4       0x30 c:/joengine/compiler/windows/bin/../lib/gcc/sh-elf/9.3.0/../../../../sh-elf/lib\libc.a(lib_a-closer.o)
                0x060164f4                _close_r
 .text          0x06016524       0x34 c:/joengine/compiler/windows/bin/../lib/gcc/sh-elf/9.3.0/../../../../sh-elf/lib\libc.a(lib_a-fstatr.o)
                0x06016524                _fstat_r
 .text          0x06016558       0x30 c:/joengine/compiler/windows/bin/../lib/gcc/sh-elf/9.3.0/../../../../sh-elf/lib\libc.a(lib_a-isattyr.o)
                0x06016558                _isatty_r
 .text          0x06016588       0x34 c:/joengine/compiler/windows/bin/../lib/gcc/sh-elf/9.3.0/../../../../sh-elf/lib\libc.a(lib_a-lseekr.o)
                0x06016588                _lseek_r
 .text          0x060165bc       0x1c c:/joengine/compiler/windows/bin/../lib/gcc/sh-elf/9.3.0/../../../../sh-elf/lib\libc.a(lib_a-memchr.o)
                0x060165bc                memchr
 .text          0x060165d8       0x3c c:/joengine/compiler/windows/bin/../lib/gcc/sh-elf/9.3.0/../../../../sh-elf/lib\libc.a(lib_a-memmove.o)
                0x060165d8                memmove
 .text          0x06016614        0x8 c:/joengine/compiler/windows/bin/../lib/gcc/sh-elf/9.3.0/../../../../sh-elf/lib\libc.a(lib_a-mlock.o)
                0x06016614                __malloc_lock
                0x06016618                __malloc_unlock
 .text          0x0601661c       0x7c c:/joengine/compiler/windows/bin/../lib/gcc/sh-elf/9.3.0/../../../../sh-elf/lib\libc.a(lib_a-nano-reallocr.o)
                0x0601661c                _realloc_r
 .text          0x06016698       0x34 c:/joengine/compiler/windows/bin/../lib/gcc/sh-elf/9.3.0/../../../../sh-elf/lib\libc.a(lib_a-readr.o)
                0x06016698                _read_r
 .text          0x060166cc      0x1b4 c:/joengine/compiler/windows/bin/../lib/gcc/sh-elf/9.3.0/../../../../sh-elf/lib\libc.a(lib_a-signal.o)
                0x060166cc                _init_signal_r
                0x0601670c                _signal_r
                0x06016758                _raise_r
                0x060167d0                __sigtramp_r
                0x06016834                raise
                0x06016848                signal
                0x0601685c                _init_signal
                0x0601686c                __sigtramp
 .text          0x06016880       0x40 c:/joengine/compiler/windows/bin/../lib/gcc/sh-elf/9.3.0/../../../../sh-elf/lib\libc.a(lib_a-signalr.o)
                0x06016880                _kill_r
                0x060168b4                _getpid_r
 .text          0x060168c0       0x16 c:/joengine/compiler/windows/bin/../lib/gcc/sh-elf/9.3.0/../../../../sh-elf/lib\libc.a(lib_a-nano-msizer.o)
                0x060168c0                _malloc_usable_size_r
 *(.strings)
 *(SEGA_P)
 *(.eh_frame_hdr)
 *(.eh_frame)
                0x060168d6                __etext = .

.text.startup   0x060168e0       0x40
 .text.startup  0x060168e0       0x40 ../../jo_engine/core.o
                0x060168e0                main

SLPROG          0x06016920    0x14f30
                0x06016920                __slprog_start = .
 *(SLPROG)
 SLPROG         0x06016920     0x6540 ../../Compiler/COMMON/SGL_302j/LIB_ELF/SGLAREA.O
                0x06016920                MasterStack
                0x06016924                SlaveStack
                0x06016928                MaxVertices
                0x0601692a                MaxPolygons
                0x0601692c                SortList
                0x06016930                SortListSize
                0x06016934                TransList
                0x06016938                Zbuffer
                0x0601693c                SpriteBuf
                0x06016940                SpriteBufSize
                0x06016944                Pbuffer
                0x06016948                CommandBuf
                0x0601694c                CLOfstBuf
                0x06016950                PCM_Work
                0x06016954                PCM_WkSize
                0x06016958                MaxEvents
                0x0601695a                EventSize
                0x0601695c                MaxWorks
                0x0601695e                WorkSize
                0x06016960                RemainEvent
                0x06016a60                RemainWork
                0x06016e60                EventBuf
                0x06018e60                WorkBuf
 SLPROG         0x0601ce60       0x18 ../../Compiler/COMMON/SGL_302j/LIB_ELF/LIBSGL.A(sglA15.o)
                0x0601ce60                slSlaveFunc
 *fill*         0x0601ce78        0x8 
 SLPROG         0x0601ce80       0xd0 ../../Compiler/COMMON/SGL_302j/LIB_ELF/LIBSGL.A(sglA16.o)
                0x0601ce80                slLookAt
 SLPROG         0x0601cf50       0x78 ../../Compiler/COMMON/SGL_302j/LIB_ELF/LIBSGL.A(sglA17.o)
                0x0601cf50                slRotZ
                0x0601cf5a                slRotZSC
 *fill*         0x0601cfc8        0x8 
 SLPROG         0x0601cfd0       0x78 ../../Compiler/COMMON/SGL_302j/LIB_ELF/LIBSGL.A(sglA18.o)
                0x0601cfd0                slRotY
                0x0601cfda                slRotYSC
 *fill*         0x0601d048        0x8 
 SLPROG         0x0601d050       0x78 ../../Compiler/COMMON/SGL_302j/LIB_ELF/LIBSGL.A(sglA19.o)
                0x0601d050                slRotX
                0x0601d05a                slRotXSC
 *fill*         0x0601d0c8        0x8 
 SLPROG         0x0601d0d0      0x42c ../../Compiler/COMMON/SGL_302j/LIB_ELF/LIBSGL.A(sglA20.o)
                0x0601d0d0                slInitMatrix
                0x0601d0da                slPushUnitMatrix
                0x0601d0ee                slUnitMatrix
 *fill*         0x0601d4fc        0x4 
 SLPROG         0x0601d500       0x48 ../../Compiler/COMMON/SGL_302j/LIB_ELF/LIBSGL.A(sglA21.o)
                0x0601d500                slPushMatrix
                0x0601d534                slDecMatrixPtr
                0x0601d534                slPopMatrix
 *fill*         0x0601d548        0x8 
 SLPROG         0x0601d550       0x50 ../../Compiler/COMMON/SGL_302j/LIB_ELF/LIBSGL.A(sglA27.o)
                0x0601d550                slTranslate
 SLPROG         0x0601d5a0       0x20 ../../Compiler/COMMON/SGL_302j/LIB_ELF/LIBSGL.A(sglB001.o)
                0x0601d5a0                slTVOn
                0x0601d5aa                slTVOff
 SLPROG         0x0601d5c0       0x24 ../../Compiler/COMMON/SGL_302j/LIB_ELF/LIBSGL.A(sglB011.o)
                0x0601d5c0                slBitMapNbg1
 *fill*         0x0601d5e4        0xc 
 SLPROG         0x0601d5f0        0x8 ../../Compiler/COMMON/SGL_302j/LIB_ELF/LIBSGL.A(sglB014.o)
                0x0601d5f0                slScrTransparent
 *fill*         0x0601d5f8        0x8 
 SLPROG         0x0601d600      0x40c ../../Compiler/COMMON/SGL_302j/LIB_ELF/LIBSGL.A(sglB015.o)
                0x0601d600                slScrAutoDisp
 *fill*         0x0601da0c        0x4 
 SLPROG         0x0601da10        0xc ../../Compiler/COMMON/SGL_302j/LIB_ELF/LIBSGL.A(sglB016.o)
                0x0601da10                slBack1ColSet
 *fill*         0x0601da1c        0x4 
 SLPROG         0x0601da20       0x10 ../../Compiler/COMMON/SGL_302j/LIB_ELF/LIBSGL.A(sglB020.o)
                0x0601da20                slColorCalc
 SLPROG         0x0601da30        0xc ../../Compiler/COMMON/SGL_302j/LIB_ELF/LIBSGL.A(sglB021.o)
                0x0601da30                slColorCalcOn
 *fill*         0x0601da3c        0x4 
 SLPROG         0x0601da40        0xc ../../Compiler/COMMON/SGL_302j/LIB_ELF/LIBSGL.A(sglB023.o)
                0x0601da40                slColRate
 *fill*         0x0601da4c        0x4 
 SLPROG         0x0601da50       0xb4 ../../Compiler/COMMON/SGL_302j/LIB_ELF/LIBSGL.A(sglB032.o)
                0x0601da50                slMapNbg1
 *fill*         0x0601db04        0xc 
 SLPROG         0x0601db10       0xd4 ../../Compiler/COMMON/SGL_302j/LIB_ELF/LIBSGL.A(sglB035.o)
                0x0601db10                sl1MapRA
                0x0601dba2                rbank_set
 *fill*         0x0601dbe4        0xc 
 SLPROG         0x0601dbf0       0xa0 ../../Compiler/COMMON/SGL_302j/LIB_ELF/LIBSGL.A(sglB036.o)
                0x0601dbf0                sl1MapRB
 SLPROG         0x0601dc90       0x70 ../../Compiler/COMMON/SGL_302j/LIB_ELF/LIBSGL.A(sglB038.o)
                0x0601dc90                slRparaInitSet
 SLPROG         0x0601dd00       0x7e ../../Compiler/COMMON/SGL_302j/LIB_ELF/LIBSGL.A(sglB039.o)
                0x0601dd00                slMakeKtable
 *fill*         0x0601dd7e        0x2 
 SLPROG         0x0601dd80       0x58 ../../Compiler/COMMON/SGL_302j/LIB_ELF/LIBSGL.A(sglB040.o)
                0x0601dd80                slKtableRA
 *fill*         0x0601ddd8        0x8 
 SLPROG         0x0601dde0       0x5c ../../Compiler/COMMON/SGL_302j/LIB_ELF/LIBSGL.A(sglB041.o)
                0x0601dde0                slKtableRB
 *fill*         0x0601de3c        0x4 
 SLPROG         0x0601de40       0x10 ../../Compiler/COMMON/SGL_302j/LIB_ELF/LIBSGL.A(sglB042.o)
                0x0601de40                slCurRpara
 SLPROG         0x0601de50        0x8 ../../Compiler/COMMON/SGL_302j/LIB_ELF/LIBSGL.A(sglB043.o)
                0x0601de50                slRparaMode
 *fill*         0x0601de58        0x8 
 SLPROG         0x0601de60      0x4e4 ../../Compiler/COMMON/SGL_302j/LIB_ELF/LIBSGL.A(sglB044.o)
                0x0601de60                slScrMatSet
 *fill*         0x0601e344        0xc 
 SLPROG         0x0601e350       0x28 ../../Compiler/COMMON/SGL_302j/LIB_ELF/LIBSGL.A(sglB045.o)
                0x0601e350                slScrMatConv
 *fill*         0x0601e378        0x8 
 SLPROG         0x0601e380        0xc ../../Compiler/COMMON/SGL_302j/LIB_ELF/LIBSGL.A(sglB047.o)
                0x0601e380                slOverRA
 *fill*         0x0601e38c        0x4 
 SLPROG         0x0601e390       0x10 ../../Compiler/COMMON/SGL_302j/LIB_ELF/LIBSGL.A(sglB048.o)
                0x0601e390                slOverRB
 SLPROG         0x0601e3a0        0xc ../../Compiler/COMMON/SGL_302j/LIB_ELF/LIBSGL.A(sglB056.o)
                0x0601e3a0                slPlaneNbg1
 *fill*         0x0601e3ac        0x4 
 SLPROG         0x0601e3b0        0xc ../../Compiler/COMMON/SGL_302j/LIB_ELF/LIBSGL.A(sglB059.o)
                0x0601e3b0                slPlaneRA
 *fill*         0x0601e3bc        0x4 
 SLPROG         0x0601e3c0       0x10 ../../Compiler/COMMON/SGL_302j/LIB_ELF/LIBSGL.A(sglB060.o)
                0x0601e3c0                slPlaneRB
 SLPROG         0x0601e3d0        0xc ../../Compiler/COMMON/SGL_302j/LIB_ELF/LIBSGL.A(sglB063.o)
                0x0601e3d0                slPriority
 *fill*         0x0601e3dc        0x4 
 SLPROG         0x0601e3e0       0x18 ../../Compiler/COMMON/SGL_302j/LIB_ELF/LIBSGL.A(sglB087.o)
                0x0601e3e0                slLineScrollTable0
 *fill*         0x0601e3f8        0x8 
 SLPROG         0x0601e400        0x8 ../../Compiler/COMMON/SGL_302j/LIB_ELF/LIBSGL.A(sglB088.o)
                0x0601e400                slLineScrollTable1
 *fill*         0x0601e408        0x8 
 SLPROG         0x0601e410        0xc ../../Compiler/COMMON/SGL_302j/LIB_ELF/LIBSGL.A(sglB090.o)
                0x0601e410                slLineScrollMode
 *fill*         0x0601e41c        0x4 
 SLPROG         0x0601e420      0x114 ../../Compiler/COMMON/SGL_302j/LIB_ELF/LIBSGL.A(sglB200.o)
                0x0601e420                slCharRbg0
                0x0601e42c                slCharNbg0
                0x0601e438                slCharNbg1
                0x0601e444                slCharNbg2
                0x0601e45a                slCharNbg3
                0x0601e472                slPageRbg0
                0x0601e488                slPageNbg1
                0x0601e490                slPageNbg2
                0x0601e498                slPageNbg3
                0x0601e4a4                slPageNbg0
 *fill*         0x0601e534        0xc 
 SLPROG         0x0601e540       0x6c ../../Compiler/COMMON/SGL_302j/LIB_ELF/LIBSGL.A(sglC01.o)
                0x0601e540                slPerspective
 *fill*         0x0601e5ac        0x4 
 SLPROG         0x0601e5b0       0xc4 ../../Compiler/COMMON/SGL_302j/LIB_ELF/LIBSGL.A(sglC03.o)
                0x0601e5b0                slWindow
 *fill*         0x0601e674        0xc 
 SLPROG         0x0601e680       0x2c ../../Compiler/COMMON/SGL_302j/LIB_ELF/LIBSGL.A(sglC04.o)
                0x0601e680                slZdspLevel
 *fill*         0x0601e6ac        0x4 
 SLPROG         0x0601e6b0       0x78 ../../Compiler/COMMON/SGL_302j/LIB_ELF/LIBSGL.A(sglC05.o)
                0x0601e6b0                slSetSprite
 *fill*         0x0601e728        0x8 
 SLPROG         0x0601e730       0xfa ../../Compiler/COMMON/SGL_302j/LIB_ELF/LIBSGL.A(sglC06.o)
                0x0601e730                slDispSprite
 *fill*         0x0601e82a        0x6 
 SLPROG         0x0601e830      0x162 ../../Compiler/COMMON/SGL_302j/LIB_ELF/LIBSGL.A(sglC07.o)
                0x0601e836                slPutSprite
 *fill*         0x0601e992        0xe 
 SLPROG         0x0601e9a0     0x1218 ../../Compiler/COMMON/SGL_302j/LIB_ELF/LIBSGL.A(sglC08.o)
                0x0601e9a0                slPutPolygon
                0x0601f61c                MsCalcDepthFlat
 *fill*         0x0601fbb8        0x8 
 SLPROG         0x0601fbc0       0x4c ../../Compiler/COMMON/SGL_302j/LIB_ELF/LIBSGL.A(sglC17.o)
                0x0601fbc0                slDispSpriteHV
 *fill*         0x0601fc0c        0x4 
 SLPROG         0x0601fc10       0xd4 ../../Compiler/COMMON/SGL_302j/LIB_ELF/LIBSGL.A(sglC19.o)
                0x0601fc10                slDispSprite4P
 *fill*         0x0601fce4        0xc 
 SLPROG         0x0601fcf0       0x40 ../../Compiler/COMMON/SGL_302j/LIB_ELF/LIBSGL.A(sglC20.o)
                0x0601fcf0                SpriteEntry
 SLPROG         0x0601fd30      0x4ae ../../Compiler/COMMON/SGL_302j/LIB_ELF/LIBSGL.A(sglC21.o)
                0x0601fdb8                RotSprite
                0x0601fe46                SetSprPosition
 *fill*         0x060201de        0x2 
 SLPROG         0x060201e0       0x84 ../../Compiler/COMMON/SGL_302j/LIB_ELF/LIBSGL.A(sglD00.o)
                0x060201e0                slCpuDMACopy
                0x060201e0                slDMACopy
                0x0602023a                CSH_AllClr
                0x0602023a                slCashPurge
 *fill*         0x06020264        0xc 
 SLPROG         0x06020270       0xa0 ../../Compiler/COMMON/SGL_302j/LIB_ELF/LIBSGL.A(sglD01.o)
                0x06020270                slDMAXCopy
 SLPROG         0x06020310        0xc ../../Compiler/COMMON/SGL_302j/LIB_ELF/LIBSGL.A(sglD03.o)
                0x06020310                slDMAStatus
 *fill*         0x0602031c        0x4 
 SLPROG         0x06020320       0x20 ../../Compiler/COMMON/SGL_302j/LIB_ELF/LIBSGL.A(sglD15.o)
                0x06020320                CSH_Purge
 SLPROG         0x06020340       0x84 ../../Compiler/COMMON/SGL_302j/LIB_ELF/LIBSGL.A(sglD16.o)
                0x06020340                DMA_ScuSetPrm
                0x06020388                DMA_SCU_PRM0
 *fill*         0x060203c4        0xc 
 SLPROG         0x060203d0       0x88 ../../Compiler/COMMON/SGL_302j/LIB_ELF/LIBSGL.A(sglD17.o)
                0x060203d0                DMA_ScuStart
 *fill*         0x06020458        0x8 
 SLPROG         0x06020460       0x34 ../../Compiler/COMMON/SGL_302j/LIB_ELF/LIBSGL.A(sglD18.o)
                0x06020460                DMA_ScuGetStatus
 *fill*         0x06020494        0xc 
 SLPROG         0x060204a0       0x4e ../../Compiler/COMMON/SGL_302j/LIB_ELF/LIBSGL.A(sglF00.o)
                0x060204a0                slCurScrn
                0x060204b0                slCurColor
                0x060204ba                slLocate
                0x060204ec                CurrentScreen
 *fill*         0x060204ee        0x2 
 SLPROG         0x060204f0       0x1c ../../Compiler/COMMON/SGL_302j/LIB_ELF/LIBSGL.A(sglF05.o)
                0x060204f0                slPrint
 *fill*         0x0602050c        0x4 
 SLPROG         0x06020510       0x34 ../../Compiler/COMMON/SGL_302j/LIB_ELF/LIBSGL.A(sglF08.o)
                0x06020510                slDec2Hex
 *fill*         0x06020544        0xc 
 SLPROG         0x06020550      0xfc8 ../../Compiler/COMMON/SGL_302j/LIB_ELF/LIBSGL.A(sglH00.o)
                0x06020568                slGetPortDir1
                0x06020570                slGetPortDir2
                0x06020578                slSetPortDir1
                0x060205a2                slSetPortDir2
                0x060205dc                slGetPortData1
                0x060205e4                slGetPortData2
                0x060205ec                slSetPortData1
                0x060205f6                slSetPortData2
                0x06020608                slGetPortSelect1
                0x06020612                slGetPortSelect2
                0x0602061c                slSetPortSelect1
                0x06020650                slSetPortSelect2
                0x0602068c                slGetPortExt1
                0x06020696                slGetPortExt2
                0x060206a0                slSetPortExt1
                0x060206d0                slSetPortExt2
                0x06020844                slSmpcDirectAccess
                0x060208c4                slInitPeripheral
                0x06020956                slSetResultBuffer
                0x060209e2                slCheckIntBackSet
                0x060209ee                slIntBackCancel
                0x06020a18                slCheckReset
                0x06020a22                slClearReset
                0x06020be8                slSmpcCashSend
                0x06020ca4                slSmpcCashBlow
                0x06020d80                slGetOptimize
                0x06020d8a                slSetOptimize
                0x06020db0                slGetPortMode1
                0x06020dbc                slGetPortMode2
                0x06020dca                slSetPortMode1
                0x06020e08                slSetPortMode2
                0x06020f94                slRequestCommand
                0x06021004                Smpc_Status
                0x06021008                Smpc_Result
                0x0602100c                Smpc_Peripheral
                0x06021012                Per_Connect1
                0x06021013                Per_Connect2
                0x06021034                SmpcStatusBuf
 *fill*         0x06021518        0x8 
 SLPROG         0x06021520       0xa8 ../../Compiler/COMMON/SGL_302j/LIB_ELF/LIBSGL.A(sglH01.o)
                0x06021520                slGetLanguage
                0x0602152a                slSetLanguage
                0x0602154c                slGetSoundEffect
                0x06021558                slSetSoundEffect
                0x06021574                slGetSoundOutput
                0x06021580                slSetSoundOutput
                0x0602159c                slGetHelpWindow
                0x060215a8                slSetHelpWindow
 *fill*         0x060215c8        0x8 
 SLPROG         0x060215d0      0x470 ../../Compiler/COMMON/SGL_302j/LIB_ELF/LIBSGL.A(sglH02.o)
                0x060219c0                smpc_pfr_tbl
                0x06021a00                smpc_ptf_tbl
 SLPROG         0x06021a40       0x60 ../../Compiler/COMMON/SGL_302j/LIB_ELF/LIBSGL.A(sglH04.o)
                0x06021a40                slComPrmIntBack
                0x06021a54                slComPrmSetMemory
                0x06021a6a                slComPrmSetTime
 SLPROG         0x06021aa0      0x3a4 ../../Compiler/COMMON/SGL_302j/LIB_ELF/LIBSGL.A(sglI01.o)
                0x06021aa0                slInitSynch
                0x06021aba                slSynch
                0x06021bb0                slRandom
                0x06021bce                PCM_EndCheck
                0x06021c8a                RetPCMBuf
                0x06021d24                PCM_Buf
                0x06021dc4                Sound_Buf
 *fill*         0x06021e44        0xc 
 SLPROG         0x06021e50       0x10 ../../Compiler/COMMON/SGL_302j/LIB_ELF/LIBSGL.A(sglI04.o)
                0x06021e50                slIntFunction
 SLPROG         0x06021e60       0x74 ../../Compiler/COMMON/SGL_302j/LIB_ELF/LIBSGL.A(sglJ00.o)
                0x06021e60                InitSlaveSH
                0x06021ec8                SlaveCommand
 *fill*         0x06021ed4        0xc 
 SLPROG         0x06021ee0      0x3d0 ../../Compiler/COMMON/SGL_302j/LIB_ELF/LIBSGL.A(sglJ01.o)
                0x06021ee0                SlaveControl
                0x0602229c                ErasePolygonData
 SLPROG         0x060222b0     0x12b8 ../../Compiler/COMMON/SGL_302j/LIB_ELF/LIBSGL.A(sglJ02.o)
                0x060222b0                sbMakePolygon
                0x06022498                sbCalcPolygon
                0x060231d0                SetTexture
                0x060231dc                SetPolygon
                0x060231e4                SetPosition
                0x0602321c                stvtc_4
                0x060232d4                stvtc_3
                0x060234e4                stvtc_1
                0x060234f8                stvtc_2
                0x0602350c                stvtc_0
 *fill*         0x06023568        0x8 
 SLPROG         0x06023570      0x140 ../../Compiler/COMMON/SGL_302j/LIB_ELF/LIBSGL.A(sglJ03.o)
                0x06023570                sbMakeDMATable
 SLPROG         0x060236b0      0x470 ../../Compiler/COMMON/SGL_302j/LIB_ELF/LIBSGL.A(sglJ04.o)
                0x0602370e                sbMakeSprite
                0x06023774                sbMakeRotSprite
 SLPROG         0x06023b20       0x3c ../../Compiler/COMMON/SGL_302j/LIB_ELF/LIBSGL.A(sglJ05.o)
                0x06023b20                sbSortEntry
 *fill*         0x06023b5c        0x4 
 SLPROG         0x06023b60       0x6a ../../Compiler/COMMON/SGL_302j/LIB_ELF/LIBSGL.A(sglM01.o)
                0x06023b60                slSetDepthLimit
                0x06023b8c                slSetDepthTbl
                0x06023bbc                DepthWorkArea
 *fill*         0x06023bca        0x6 
 SLPROG         0x06023bd0       0x20 ../../Compiler/COMMON/SGL_302j/LIB_ELF/LIBSGL.A(sglA00.o)
                0x06023bd0                set_imask
                0x06023bd0                _builtin_set_imask
                0x06023be4                _builtin_get_imask
                0x06023be4                get_imask
 SLPROG         0x06023bf0     0x411e ../../Compiler/COMMON/SGL_302j/LIB_ELF/LIBSGL.A(sglA01.o)
                0x06023bf0                slSin
                0x06023c14                slCos
                0x06023c38                GetSinCos
                0x06023ccc                sin_cos_index_tbl
                0x06023d0c                sin_tbl
 *fill*         0x06027d0e        0x2 
 SLPROG         0x06027d10     0x215c ../../Compiler/COMMON/SGL_302j/LIB_ELF/LIBSGL.A(sglA03.o)
                0x06027d10                slTan
 *fill*         0x06029e6c        0x4 
 SLPROG         0x06029e70       0x34 ../../Compiler/COMMON/SGL_302j/LIB_ELF/LIBSGL.A(sglA10.o)
                0x06029e70                slSquartDbl
 *fill*         0x06029ea4        0xc 
 SLPROG         0x06029eb0      0x3c2 ../../Compiler/COMMON/SGL_302j/LIB_ELF/LIBSGL.A(sglA24.o)
                0x06029eb0                slInversMatrix
 *fill*         0x0602a272        0xe 
 SLPROG         0x0602a280       0x70 ../../Compiler/COMMON/SGL_302j/LIB_ELF/LIBSGL.A(sglA28.o)
                0x0602a280                slScale
 SLPROG         0x0602a2f0      0xbd0 ../../Compiler/COMMON/SGL_302j/LIB_ELF/LIBSGL.A(sglB000.o)
                0x0602a2f0                slInitScroll
                0x0602a410                setASC_1to8
                0x0602a440                setASC_4to8
                0x0602a550                TVSizeTbl
                0x0602a5d0                TVModeTbl
                0x0602a7a8                SGL_ASCII_CG
 SLPROG         0x0602aec0      0x134 ../../Compiler/COMMON/SGL_302j/LIB_ELF/LIBSGL.A(sglC00.o)
                0x0602aec0                slInitSprite
 *fill*         0x0602aff4        0xc 
 SLPROG         0x0602b000      0x75c ../../Compiler/COMMON/SGL_302j/LIB_ELF/LIBSGL.A(sglI00.o)
                0x0602b2f0                slInitInterrupt
 *fill*         0x0602b75c        0x4 
 SLPROG         0x0602b760       0xf0 ../../Compiler/COMMON/SGL_302j/LIB_ELF/LIBSGL.A(sglH03.o)
                0x0602b7c4                slSmpcIntBack
                0x0602b850                __slprog_end = .

.tors           0x0602b850        0x0
                0x0602b850                ___ctors = .
 *(.ctors)
                0x0602b850                ___ctors_end = .
                0x0602b850                ___dtors = .
 *(.dtors)
                0x0602b850                ___dtors_end = .

.data           0x0602b850      0x520
 *(.data)
 .data          0x0602b850        0x0 ../../Compiler/COMMON/SGL_302j/LIB_ELF/SGLAREA.O
 .data          0x0602b850        0x1 main.o
 .data          0x0602b851        0x0 ../../jo_engine/tga.o
 *fill*         0x0602b851        0x3 
 .data          0x0602b854       0x28 ../../jo_engine/3d.o
 .data          0x0602b87c        0x4 ../../jo_engine/fs.o
 .data          0x0602b880        0x0 ../../jo_engine/storyboard.o
 .data          0x0602b880        0x0 ../../jo_engine/slave.o
 .data          0x0602b880        0x0 ../../jo_engine/font.o
 .data          0x0602b880        0x0 ../../jo_engine/input.o
 .data          0x0602b880        0x0 ../../jo_engine/physics.o
 .data          0x0602b880        0x0 ../../jo_engine/core.o
 .data          0x0602b880        0x4 ../../jo_engine/math.o
                0x0602b880                jo_random_seed
 .data          0x0602b884        0x0 ../../jo_engine/malloc.o
 .data          0x0602b884        0x0 ../../jo_engine/tools.o
 .data          0x0602b884        0x0 ../../jo_engine/palette.o
 .data          0x0602b884       0x2c ../../jo_engine/sprites.o
                0x0602b888                __jo_gouraud_shading_runtime_index
                0x0602b88c                __jo_sprite_pos
                0x0602b898                __jo_sprite_attributes
 .data          0x0602b8b0        0x0 ../../jo_engine/map.o
 .data          0x0602b8b0        0x0 ../../jo_engine/list.o
 .data          0x0602b8b0        0x4 ../../jo_engine/sprite_animator.o
 .data          0x0602b8b4        0x0 ../../jo_engine/image.o
 .data          0x0602b8b4        0x0 ../../jo_engine/vdp2.o
 .data          0x0602b8b4        0x0 ../../jo_engine/time.o
 .data          0x0602b8b4        0x0 ../../jo_engine/vdp1_command_pipeline.o
 .data          0x0602b8b4       0x10 ../../jo_engine/vdp2_malloc.o
 *fill*         0x0602b8c4        0xc 
 .data          0x0602b8d0        0x0 ../../Compiler/COMMON/SGL_302j/LIB_ELF/SEGA_SYS.A(sys_exit.o)
 .data          0x0602b8d0        0x0 ../../Compiler/COMMON/SGL_302j/LIB_ELF/SEGA_SYS.A(sys_sub.o)
 .data          0x0602b8d0        0x0 ../../Compiler/COMMON/SGL_302j/LIB_ELF/LIBCD.A(CDC_CMN.O)
 .data          0x0602b8d0        0x0 ../../Compiler/COMMON/SGL_302j/LIB_ELF/LIBCD.A(CDC_CFS.O)
 .data          0x0602b8d0        0x0 ../../Compiler/COMMON/SGL_302j/LIB_ELF/LIBCD.A(CDC_REG.O)
 .data          0x0602b8d0        0x0 ../../Compiler/COMMON/SGL_302j/LIB_ELF/LIBCD.A(CDC_SUB.O)
 .data          0x0602b8d0        0x0 ../../Compiler/COMMON/SGL_302j/LIB_ELF/LIBCD.A(GFS.O)
 .data          0x0602b8d0        0x0 ../../Compiler/COMMON/SGL_302j/LIB_ELF/LIBCD.A(GFS_BUF.O)
 .data          0x0602b8d0        0x0 ../../Compiler/COMMON/SGL_302j/LIB_ELF/LIBCD.A(GFS_CDB.O)
 .data          0x0602b8d0        0x0 ../../Compiler/COMMON/SGL_302j/LIB_ELF/LIBCD.A(GFS_CDC.O)
 .data          0x0602b8d0        0x0 ../../Compiler/COMMON/SGL_302j/LIB_ELF/LIBCD.A(GFS_CDF.O)
 .data          0x0602b8d0        0x0 ../../Compiler/COMMON/SGL_302j/LIB_ELF/LIBCD.A(GFS_DIR.O)
 .data          0x0602b8d0        0x0 ../../Compiler/COMMON/SGL_302j/LIB_ELF/LIBCD.A(GFS_TRN.O)
 .data          0x0602b8d0        0x0 ../../Compiler/COMMON/SGL_302j/LIB_ELF/LIBCD.A(CDC_DRV.O)
 .data          0x0602b8d0        0x0 ../../Compiler/COMMON/SGL_302j/LIB_ELF/LIBCD.A(CDC_DEV.O)
 .data          0x0602b8d0        0x0 ../../Compiler/COMMON/SGL_302j/LIB_ELF/LIBCD.A(CDC_SEL.O)
 .data          0x0602b8d0        0x0 ../../Compiler/COMMON/SGL_302j/LIB_ELF/LIBCD.A(CDC_BIF.O)
 .data          0x0602b8d0        0x0 ../../Compiler/COMMON/SGL_302j/LIB_ELF/LIBCD.A(CDC_BIO.O)
 .data          0x0602b8d0        0x0 ../../Compiler/COMMON/SGL_302j/LIB_ELF/LIBSGL.A(sglA15.o)
 .data          0x0602b8d0        0x0 ../../Compiler/COMMON/SGL_302j/LIB_ELF/LIBSGL.A(sglA16.o)
 .data          0x0602b8d0        0x0 ../../Compiler/COMMON/SGL_302j/LIB_ELF/LIBSGL.A(sglA17.o)
 .data          0x0602b8d0        0x0 ../../Compiler/COMMON/SGL_302j/LIB_ELF/LIBSGL.A(sglA18.o)
 .data          0x0602b8d0        0x0 ../../Compiler/COMMON/SGL_302j/LIB_ELF/LIBSGL.A(sglA19.o)
 .data          0x0602b8d0        0x0 ../../Compiler/COMMON/SGL_302j/LIB_ELF/LIBSGL.A(sglA20.o)
 .data          0x0602b8d0        0x0 ../../Compiler/COMMON/SGL_302j/LIB_ELF/LIBSGL.A(sglA21.o)
 .data          0x0602b8d0        0x0 ../../Compiler/COMMON/SGL_302j/LIB_ELF/LIBSGL.A(sglA27.o)
 .data          0x0602b8d0        0x0 ../../Compiler/COMMON/SGL_302j/LIB_ELF/LIBSGL.A(sglB001.o)
 .data          0x0602b8d0        0x0 ../../Compiler/COMMON/SGL_302j/LIB_ELF/LIBSGL.A(sglB011.o)
 .data          0x0602b8d0        0x0 ../../Compiler/COMMON/SGL_302j/LIB_ELF/LIBSGL.A(sglB014.o)
 .data          0x0602b8d0        0x0 ../../Compiler/COMMON/SGL_302j/LIB_ELF/LIBSGL.A(sglB015.o)
 .data          0x0602b8d0        0x0 ../../Compiler/COMMON/SGL_302j/LIB_ELF/LIBSGL.A(sglB016.o)
 .data          0x0602b8d0        0x0 ../../Compiler/COMMON/SGL_302j/LIB_ELF/LIBSGL.A(sglB020.o)
 .data          0x0602b8d0        0x0 ../../Compiler/COMMON/SGL_302j/LIB_ELF/LIBSGL.A(sglB021.o)
 .data          0x0602b8d0        0x0 ../../Compiler/COMMON/SGL_302j/LIB_ELF/LIBSGL.A(sglB023.o)
 .data          0x0602b8d0        0x0 ../../Compiler/COMMON/SGL_302j/LIB_ELF/LIBSGL.A(sglB032.o)
 .data          0x0602b8d0        0x0 ../../Compiler/COMMON/SGL_302j/LIB_ELF/LIBSGL.A(sglB035.o)
 .data          0x0602b8d0        0x0 ../../Compiler/COMMON/SGL_302j/LIB_ELF/LIBSGL.A(sglB036.o)
 .data          0x0602b8d0        0x0 ../../Compiler/COMMON/SGL_302j/LIB_ELF/LIBSGL.A(sglB038.o)
 .data          0x0602b8d0        0x0 ../../Compiler/COMMON/SGL_302j/LIB_ELF/LIBSGL.A(sglB039.o)
 .data          0x0602b8d0        0x0 ../../Compiler/COMMON/SGL_302j/LIB_ELF/LIBSGL.A(sglB040.o)
 .data          0x0602b8d0        0x0 ../../Compiler/COMMON/SGL_302j/LIB_ELF/LIBSGL.A(sglB041.o)
 .data          0x0602b8d0        0x0 ../../Compiler/COMMON/SGL_302j/LIB_ELF/LIBSGL.A(sglB042.o)
 .data          0x0602b8d0        0x0 ../../Compiler/COMMON/SGL_302j/LIB_ELF/LIBSGL.A(sglB043.o)
 .data          0x0602b8d0        0x0 ../../Compiler/COMMON/SGL_302j/LIB_ELF/LIBSGL.A(sglB044.o)
 .data          0x0602b8d0        0x0 ../../Compiler/COMMON/SGL_302j/LIB_ELF/LIBSGL.A(sglB045.o)
 .data          0x0602b8d0        0x0 ../../Compiler/COMMON/SGL_302j/LIB_ELF/LIBSGL.A(sglB047.o)
 .data          0x0602b8d0        0x0 ../../Compiler/COMMON/SGL_302j/LIB_ELF/LIBSGL.A(sglB048.o)
 .data          0x0602b8d0        0x0 ../../Compiler/COMMON/SGL_302j/LIB_ELF/LIBSGL.A(sglB056.o)
 .data          0x0602b8d0        0x0 ../../Compiler/COMMON/SGL_302j/LIB_ELF/LIBSGL.A(sglB059.o)
 .data          0x0602b8d0        0x0 ../../Compiler/COMMON/SGL_302j/LIB_ELF/LIBSGL.A(sglB060.o)
 .data          0x0602b8d0        0x0 ../../Compiler/COMMON/SGL_302j/LIB_ELF/LIBSGL.A(sglB063.o)
 .data          0x0602b8d0        0x0 ../../Compiler/COMMON/SGL_302j/LIB_ELF/LIBSGL.A(sglB087.o)
 .data          0x0602b8d0        0x0 ../../Compiler/COMMON/SGL_302j/LIB_ELF/LIBSGL.A(sglB088.o)
 .data          0x0602b8d0        0x0 ../../Compiler/COMMON/SGL_302j/LIB_ELF/LIBSGL.A(sglB090.o)
 .data          0x0602b8d0        0x0 ../../Compiler/COMMON/SGL_302j/LIB_ELF/LIBSGL.A(sglB200.o)
 .data          0x0602b8d0        0x0 ../../Compiler/COMMON/SGL_302j/LIB_ELF/LIBSGL.A(sglC01.o)
 .data          0x0602b8d0        0x0 ../../Compiler/COMMON/SGL_302j/LIB_ELF/LIBSGL.A(sglC03.o)
 .data          0x0602b8d0        0x0 ../../Compiler/COMMON/SGL_302j/LIB_ELF/LIBSGL.A(sglC04.o)
 .data          0x0602b8d0        0x0 ../../Compiler/COMMON/SGL_302j/LIB_ELF/LIBSGL.A(sglC05.o)
 .data          0x0602b8d0        0x0 ../../Compiler/COMMON/SGL_302j/LIB_ELF/LIBSGL.A(sglC06.o)
 .data          0x0602b8d0        0x0 ../../Compiler/COMMON/SGL_302j/LIB_ELF/LIBSGL.A(sglC07.o)
 .data          0x0602b8d0        0x0 ../../Compiler/COMMON/SGL_302j/LIB_ELF/LIBSGL.A(sglC08.o)
 .data          0x0602b8d0        0x0 ../../Compiler/COMMON/SGL_302j/LIB_ELF/LIBSGL.A(sglC17.o)
 .data          0x0602b8d0        0x0 ../../Compiler/COMMON/SGL_302j/LIB_ELF/LIBSGL.A(sglC19.o)
 .data          0x0602b8d0        0x0 ../../Compiler/COMMON/SGL_302j/LIB_ELF/LIBSGL.A(sglC20.o)
 .data          0x0602b8d0        0x0 ../../Compiler/COMMON/SGL_302j/LIB_ELF/LIBSGL.A(sglC21.o)
 .data          0x0602b8d0        0x0 ../../Compiler/COMMON/SGL_302j/LIB_ELF/LIBSGL.A(sglD00.o)
 .data          0x0602b8d0        0x0 ../../Compiler/COMMON/SGL_302j/LIB_ELF/LIBSGL.A(sglD01.o)
 .data          0x0602b8d0        0x0 ../../Compiler/COMMON/SGL_302j/LIB_ELF/LIBSGL.A(sglD03.o)
 .data          0x0602b8d0        0x0 ../../Compiler/COMMON/SGL_302j/LIB_ELF/LIBSGL.A(sglD15.o)
 .data          0x0602b8d0        0x0 ../../Compiler/COMMON/SGL_302j/LIB_ELF/LIBSGL.A(sglD16.o)
 .data          0x0602b8d0        0x0 ../../Compiler/COMMON/SGL_302j/LIB_ELF/LIBSGL.A(sglD17.o)
 .data          0x0602b8d0        0x0 ../../Compiler/COMMON/SGL_302j/LIB_ELF/LIBSGL.A(sglD18.o)
 .data          0x0602b8d0        0x0 ../../Compiler/COMMON/SGL_302j/LIB_ELF/LIBSGL.A(sglF00.o)
 .data          0x0602b8d0        0x0 ../../Compiler/COMMON/SGL_302j/LIB_ELF/LIBSGL.A(sglF05.o)
 .data          0x0602b8d0        0x0 ../../Compiler/COMMON/SGL_302j/LIB_ELF/LIBSGL.A(sglF08.o)
 .data          0x0602b8d0        0x0 ../../Compiler/COMMON/SGL_302j/LIB_ELF/LIBSGL.A(sglH00.o)
 .data          0x0602b8d0        0x0 ../../Compiler/COMMON/SGL_302j/LIB_ELF/LIBSGL.A(sglH01.o)
 .data          0x0602b8d0        0x0 ../../Compiler/COMMON/SGL_302j/LIB_ELF/LIBSGL.A(sglH02.o)
 .data          0x0602b8d0        0x0 ../../Compiler/COMMON/SGL_302j/LIB_ELF/LIBSGL.A(sglH04.o)
 .data          0x0602b8d0        0x0 ../../Compiler/COMMON/SGL_302j/LIB_ELF/LIBSGL.A(sglI01.o)
 .data          0x0602b8d0        0x0 ../../Compiler/COMMON/SGL_302j/LIB_ELF/LIBSGL.A(sglI04.o)
 .data          0x0602b8d0       0x80 ../../Compiler/COMMON/SGL_302j/LIB_ELF/LIBSGL.A(sglIc0.o)
                0x0602b8d0                IntPrioMask
 .data          0x0602b950        0x0 ../../Compiler/COMMON/SGL_302j/LIB_ELF/LIBSGL.A(sglJ00.o)
 .data          0x0602b950        0x0 ../../Compiler/COMMON/SGL_302j/LIB_ELF/LIBSGL.A(sglJ01.o)
 .data          0x0602b950        0x0 ../../Compiler/COMMON/SGL_302j/LIB_ELF/LIBSGL.A(sglJ02.o)
 .data          0x0602b950        0x0 ../../Compiler/COMMON/SGL_302j/LIB_ELF/LIBSGL.A(sglJ03.o)
 .data          0x0602b950        0x0 ../../Compiler/COMMON/SGL_302j/LIB_ELF/LIBSGL.A(sglJ04.o)
 .data          0x0602b950        0x0 ../../Compiler/COMMON/SGL_302j/LIB_ELF/LIBSGL.A(sglJ05.o)
 .data          0x0602b950        0x0 ../../Compiler/COMMON/SGL_302j/LIB_ELF/LIBSGL.A(sglK01.o)
 .data          0x0602b950        0x0 ../../Compiler/COMMON/SGL_302j/LIB_ELF/LIBSGL.A(sglM01.o)
 .data          0x0602b950        0x0 ../../Compiler/COMMON/SGL_302j/LIB_ELF/LIBSGL.A(sglA00.o)
 .data          0x0602b950        0x0 ../../Compiler/COMMON/SGL_302j/LIB_ELF/LIBSGL.A(sglA01.o)
 .data          0x0602b950        0x0 ../../Compiler/COMMON/SGL_302j/LIB_ELF/LIBSGL.A(sglA03.o)
 .data          0x0602b950        0x0 ../../Compiler/COMMON/SGL_302j/LIB_ELF/LIBSGL.A(sglA10.o)
 .data          0x0602b950        0x0 ../../Compiler/COMMON/SGL_302j/LIB_ELF/LIBSGL.A(sglA24.o)
 .data          0x0602b950        0x0 ../../Compiler/COMMON/SGL_302j/LIB_ELF/LIBSGL.A(sglA28.o)
 .data          0x0602b950        0x0 ../../Compiler/COMMON/SGL_302j/LIB_ELF/LIBSGL.A(sglB000.o)
 .data          0x0602b950        0x0 ../../Compiler/COMMON/SGL_302j/LIB_ELF/LIBSGL.A(sglC00.o)
 .data          0x0602b950        0x0 ../../Compiler/COMMON/SGL_302j/LIB_ELF/LIBSGL.A(sglI00.o)
 .data          0x0602b950        0x0 ../../Compiler/COMMON/SGL_302j/LIB_ELF/LIBSGL.A(sglH03.o)
 .data          0x0602b950        0x0 c:/joengine/compiler/windows/bin/../lib/gcc/sh-elf/9.3.0\libgcc.a(_ashiftrt.o)
 .data          0x0602b950        0x0 c:/joengine/compiler/windows/bin/../lib/gcc/sh-elf/9.3.0\libgcc.a(_ashiftrt_n.o)
 .data          0x0602b950        0x0 c:/joengine/compiler/windows/bin/../lib/gcc/sh-elf/9.3.0\libgcc.a(_ashiftlt.o)
 .data          0x0602b950        0x0 c:/joengine/compiler/windows/bin/../lib/gcc/sh-elf/9.3.0\libgcc.a(_lshiftrt.o)
 .data          0x0602b950        0x0 c:/joengine/compiler/windows/bin/../lib/gcc/sh-elf/9.3.0\libgcc.a(_sdivsi3.o)
 .data          0x0602b950        0x0 c:/joengine/compiler/windows/bin/../lib/gcc/sh-elf/9.3.0\libgcc.a(_udivsi3.o)
 .data          0x0602b950        0x0 c:/joengine/compiler/windows/bin/../lib/gcc/sh-elf/9.3.0\libgcc.a(_addsub_sf.o)
 .data          0x0602b950        0x0 c:/joengine/compiler/windows/bin/../lib/gcc/sh-elf/9.3.0\libgcc.a(_mul_sf.o)
 .data          0x0602b950        0x0 c:/joengine/compiler/windows/bin/../lib/gcc/sh-elf/9.3.0\libgcc.a(_div_sf.o)
 .data          0x0602b950        0x0 c:/joengine/compiler/windows/bin/../lib/gcc/sh-elf/9.3.0\libgcc.a(_eq_sf.o)
 .data          0x0602b950        0x0 c:/joengine/compiler/windows/bin/../lib/gcc/sh-elf/9.3.0\libgcc.a(_gt_sf.o)
 .data          0x0602b950        0x0 c:/joengine/compiler/windows/bin/../lib/gcc/sh-elf/9.3.0\libgcc.a(_ge_sf.o)
 .data          0x0602b950        0x0 c:/joengine/compiler/windows/bin/../lib/gcc/sh-elf/9.3.0\libgcc.a(_lt_sf.o)
 .data          0x0602b950        0x0 c:/joengine/compiler/windows/bin/../lib/gcc/sh-elf/9.3.0\libgcc.a(_le_sf.o)
 .data          0x0602b950        0x0 c:/joengine/compiler/windows/bin/../lib/gcc/sh-elf/9.3.0\libgcc.a(_si_to_sf.o)
 .data          0x0602b950        0x0 c:/joengine/compiler/windows/bin/../lib/gcc/sh-elf/9.3.0\libgcc.a(_sf_to_si.o)
 .data          0x0602b950        0x0 c:/joengine/compiler/windows/bin/../lib/gcc/sh-elf/9.3.0\libgcc.a(_sf_to_df.o)
 .data          0x0602b950        0x0 c:/joengine/compiler/windows/bin/../lib/gcc/sh-elf/9.3.0\libgcc.a(_thenan_sf.o)
 .data          0x0602b950        0x0 c:/joengine/compiler/windows/bin/../lib/gcc/sh-elf/9.3.0\libgcc.a(_usi_to_sf.o)
 .data          0x0602b950        0x0 c:/joengine/compiler/windows/bin/../lib/gcc/sh-elf/9.3.0\libgcc.a(_addsub_df.o)
 .data          0x0602b950        0x0 c:/joengine/compiler/windows/bin/../lib/gcc/sh-elf/9.3.0\libgcc.a(_mul_df.o)
 .data          0x0602b950        0x0 c:/joengine/compiler/windows/bin/../lib/gcc/sh-elf/9.3.0\libgcc.a(_si_to_df.o)
 .data          0x0602b950        0x0 c:/joengine/compiler/windows/bin/../lib/gcc/sh-elf/9.3.0\libgcc.a(_df_to_si.o)