Archive member included to satisfy reference by file (symbol)

../../Compiler/COMMON/SGL_302j/LIB_ELF/SEGA_SYS.A(sys_exit.o)
                              ../../jo_engine/core.o (SYS_Exit)
../../Compiler/COMMON/SGL_302j/LIB_ELF/SEGA_SYS.A(sys_sub.o)
                              ../../Compiler/COMMON/SGL_302j/LIB_ELF/SEGA_SYS.A(sys_exit.o) (SYSUB_SetStackptr)
../../Compiler/COMMON/SGL_302j/LIB_ELF/LIBCD.A(CDC_CMN.O)
                              ../../Compiler/COMMON/SGL_302j/LIB_ELF/SEGA_SYS.A(sys_exit.o) (CDC_GetCurStat)
../../Compiler/COMMON/SGL_302j/LIB_ELF/LIBCD.A(CDC_CFS.O)
                              ../../Compiler/COMMON/SGL_302j/LIB_ELF/SEGA_SYS.A(sys_exit.o) (CDC_ChgDir)
../../Compiler/COMMON/SGL_302j/LIB_ELF/LIBCD.A(CDC_REG.O)
                              ../../Compiler/COMMON/SGL_302j/LIB_ELF/SEGA_SYS.A(sys_exit.o) (CDC_GetHirqReq)
../../Compiler/COMMON/SGL_302j/LIB_ELF/LIBCD.A(CDC_SUB.O)
                              ../../Compiler/COMMON/SGL_302j/LIB_ELF/LIBCD.A(CDC_CMN.O) (CDSUB_UpdStatus)
../../Compiler/COMMON/SGL_302j/LIB_ELF/LIBCD.A(GFS.O)
                              ../../jo_engine/fs.o (GFS_Init)
../../Compiler/COMMON/SGL_302j/LIB_ELF/LIBCD.A(GFS_BUF.O)
                              ../../Compiler/COMMON/SGL_302j/LIB_ELF/LIBCD.A(GFS.O) (GFBF_GetNumData)
../../Compiler/COMMON/SGL_302j/LIB_ELF/LIBCD.A(GFS_CDB.O)
                              ../../Compiler/COMMON/SGL_302j/LIB_ELF/LIBCD.A(GFS.O) (GFCB_Close)
../../Compiler/COMMON/SGL_302j/LIB_ELF/LIBCD.A(GFS_CDC.O)
                              ../../Compiler/COMMON/SGL_302j/LIB_ELF/LIBCD.A(GFS.O) (GFCD_SetCdbfs)
../../Compiler/COMMON/SGL_302j/LIB_ELF/LIBCD.A(GFS_CDF.O)
                              ../../Compiler/COMMON/SGL_302j/LIB_ELF/LIBCD.A(GFS.O) (GFCF_Init)
../../Compiler/COMMON/SGL_302j/LIB_ELF/LIBCD.A(GFS_DIR.O)
                              ../../Compiler/COMMON/SGL_302j/LIB_ELF/LIBCD.A(GFS.O) (GFDR_SetupDirTbl)
../../Compiler/COMMON/SGL_302j/LIB_ELF/LIBCD.A(GFS_TRN.O)
                              ../../Compiler/COMMON/SGL_302j/LIB_ELF/LIBCD.A(GFS.O) (GFTR_Setup)
../../Compiler/COMMON/SGL_302j/LIB_ELF/LIBCD.A(CDC_DRV.O)
                              ../../Compiler/COMMON/SGL_302j/LIB_ELF/LIBCD.A(GFS_CDC.O) (CDC_CdPlay)
../../Compiler/COMMON/SGL_302j/LIB_ELF/LIBCD.A(CDC_DEV.O)
                              ../../Compiler/COMMON/SGL_302j/LIB_ELF/LIBCD.A(GFS_CDC.O) (CDC_CdSetCon)
../../Compiler/COMMON/SGL_302j/LIB_ELF/LIBCD.A(CDC_SEL.O)
                              ../../Compiler/COMMON/SGL_302j/LIB_ELF/LIBCD.A(GFS_CDC.O) (CDC_SetFiltRange)
../../Compiler/COMMON/SGL_302j/LIB_ELF/LIBCD.A(CDC_BIF.O)
                              ../../Compiler/COMMON/SGL_302j/LIB_ELF/LIBCD.A(GFS_CDC.O) (CDC_GetBufSiz)
../../Compiler/COMMON/SGL_302j/LIB_ELF/LIBCD.A(CDC_BIO.O)
                              ../../Compiler/COMMON/SGL_302j/LIB_ELF/LIBCD.A(GFS_CDC.O) (CDC_SetSctLen)
../../Compiler/COMMON/SGL_302j/LIB_ELF/LIBSGL.A(sglA15.o)
                              ../../jo_engine/slave.o (slSlaveFunc)
../../Compiler/COMMON/SGL_302j/LIB_ELF/LIBSGL.A(sglA16.o)
                              main.o (slLookAt)
../../Compiler/COMMON/SGL_302j/LIB_ELF/LIBSGL.A(sglA17.o)
                              main.o (slRotZ)
../../Compiler/COMMON/SGL_302j/LIB_ELF/LIBSGL.A(sglA18.o)
                              main.o (slRotY)
../../Compiler/COMMON/SGL_302j/LIB_ELF/LIBSGL.A(sglA19.o)
                              main.o (slRotX)
../../Compiler/COMMON/SGL_302j/LIB_ELF/LIBSGL.A(sglA20.o)
                              ../../jo_engine/core.o (slUnitMatrix)
../../Compiler/COMMON/SGL_302j/LIB_ELF/LIBSGL.A(sglA21.o)
                              main.o (slPushMatrix)
../../Compiler/COMMON/SGL_302j/LIB_ELF/LIBSGL.A(sglA27.o)
                              main.o (slTranslate)
../../Compiler/COMMON/SGL_302j/LIB_ELF/LIBSGL.A(sglB001.o)
                              ../../jo_engine/core.o (slTVOn)
../../Compiler/COMMON/SGL_302j/LIB_ELF/LIBSGL.A(sglB011.o)
                              ../../jo_engine/vdp2.o (slBitMapNbg1)
../../Compiler/COMMON/SGL_302j/LIB_ELF/LIBSGL.A(sglB014.o)
                              ../../jo_engine/vdp2.o (slScrTransparent)
../../Compiler/COMMON/SGL_302j/LIB_ELF/LIBSGL.A(sglB015.o)
                              ../../jo_engine/vdp2.o (slScrAutoDisp)
../../Compiler/COMMON/SGL_302j/LIB_ELF/LIBSGL.A(sglB016.o)
                              ../../jo_engine/vdp2.o (slBack1ColSet)
../../Compiler/COMMON/SGL_302j/LIB_ELF/LIBSGL.A(sglB020.o)
                              ../../jo_engine/vdp2.o (slColorCalc)
../../Compiler/COMMON/SGL_302j/LIB_ELF/LIBSGL.A(sglB021.o)
                              ../../jo_engine/vdp2.o (slColorCalcOn)
../../Compiler/COMMON/SGL_302j/LIB_ELF/LIBSGL.A(sglB023.o)
                              ../../jo_engine/vdp2.o (slColRate)
../../Compiler/COMMON/SGL_302j/LIB_ELF/LIBSGL.A(sglB032.o)
                              ../../jo_engine/vdp2.o (slMapNbg1)
../../Compiler/COMMON/SGL_302j/LIB_ELF/LIBSGL.A(sglB035.o)
[...]
Memory Configuration

Name             Origin             Length             Attributes
*default*        0x00000000         0xffffffff

Linker script and memory map

TARGET(elf32-sh)

SLSTART         0x06004000       0x30
                0x06004000                ___Start = .
 *(SLSTART)
 SLSTART        0x06004000       0x28 ../../Compiler/COMMON/SGL_302j/LIB_ELF/LIBSGL.A(sglI00.o)
                0x06004000                SGL_Start
                0x06004002                slStartSGL

.text           0x06004040    0x12260
 *(.text)
 .text          0x06004040        0x0 ../../Compiler/COMMON/SGL_302j/LIB_ELF/SGLAREA.O
 .text          0x06004040      0xd00 main.o
                0x06004040                my_draw
                0x06004540                initCamera
                0x0600458c                update_player
                0x0600473c                my_gamepad
                0x060047f4                update_camera
                0x060049f0                draw_background
                0x06004bdc                load_sprites
                0x06004c6c                load_sprite
                0x06004c80                load_map
                0x06004ccc                jo_main
 .text          0x06004d40      0x8a8 ../../jo_engine/tga.o
                0x06004fbc                jo_set_tga_palette_handling
                0x06004fc8                __jo_tga_load
                0x060050e8                __jo_tga_any_loader_from_stream
                0x06005130                jo_tga_8bits_loader_from_stream
                0x06005148                jo_tga_loader_from_stream
                0x06005160                __jo_tga_any_loader
                0x060051b0                jo_tga_8bits_loader
                0x060051cc                jo_tga_loader
                0x060051e8                jo_sprite_add_tga_tileset
                0x06005440                jo_sprite_add_tga_from_stream
                0x060054f8                jo_sprite_add_tga
 .text          0x060055e8      0x758 ../../jo_engine/3d.o
                0x06005650                jo_3d_init
                0x06005678                jo_3d_create_triangle
                0x060056b4                jo_3d_create_plane
                0x060056f4                jo_3d_create_cube
                0x06005750                jo_3d_set_mesh_polygon_transparency
                0x060057c4                jo_3d_set_mesh_transparency
                0x06005830                jo_3d_set_mesh_polygon_screen_doors
                0x060058a8                jo_3d_set_mesh_screen_doors
                0x06005914                jo_3d_set_mesh_polygon_light
                0x06005984                jo_3d_set_mesh_light
                0x060059f0                jo_3d_set_mesh_polygon_texture
                0x06005a94                jo_3d_set_mesh_texture
                0x06005b00                jo_3d_set_mesh_polygon_color
                0x06005bac                jo_3d_set_mesh_color
                0x06005c18                jo_3d_free_sprite_quad
                0x06005c44                jo_3d_create_sprite_quad
 .text          0x06005d40      0x94c ../../jo_engine/fs.o
                0x06005da8                jo_fs_init
                0x06005e58                jo_fs_do_background_jobs
                0x06005f14                jo_fs_read_file_async_ptr
                0x060060b8                jo_fs_cd
                0x06006128                jo_fs_read_file_ptr
                0x060062c4                jo_fs_read_file_in_dir
                0x06006310                jo_fs_open
                0x0600640c                jo_fs_seek_forward
                0x0600651c                jo_fs_read_next_bytes
                0x06006600                jo_fs_close
                0x0600664c                jo_fs_set_read_sector_count
 .text          0x0600668c      0x158 ../../jo_engine/slave.o
                0x0600670c                jo_core_add_slave_callback
                0x0600675c                jo_core_remove_slave_callback
                0x0600679c                jo_core_slave_init
                0x060067ac                jo_core_wait_for_slave
                0x060067d0                jo_core_exec_on_slave
 .text          0x060067e4      0x574 ../../jo_engine/font.o
                0x0600684c                jo_font_load
                0x06006adc                jo_font_print
                0x06006c00                jo_font_print_centered
 .text          0x06006d58      0x118 ../../jo_engine/input.o
                0x06006dc0                jo_get_inputs_vblank
                0x06006e08                jo_get_input_type
                0x06006e4c                jo_get_input_count
 .text          0x06006e70        0x0 ../../jo_engine/physics.o
 .text          0x06006e70      0x9c8 ../../jo_engine/core.o
                0x06006f20                __jo_core_set_screens_order
                0x06007058                jo_goto_boot_menu
                0x06007064                jo_core_suspend
                0x06007144                __jo_core_error
                0x06007264                jo_core_add_vblank_callback
                0x060072e8                jo_core_init
                0x060075bc                jo_core_remove_vblank_callback
                0x0600761c                jo_core_add_callback
                0x0600766c                jo_core_remove_callback
                0x060076ac                jo_core_set_restart_game_callback
                0x060076b8                jo_core_run
                0x06007780                jo_dump_vdp1_registers
                0x060077dc                jo_dump_vdp2_registers
 .text          0x06007838      0xa8c ../../jo_engine/math.o
                0x0600789e                jo_fixed_mult
                0x060078aa                jo_fixed_dot
                0x060078bc                jo_fixed_pow
                0x06007900                jo_fixed_div
                0x06007920                jo_fixed_sin
                0x06007a0c                jo_gcd
                0x06007a68                jo_atan2f_rad
                0x06007c40                jo_planar_rotate
                0x06007d70                jo_random
                0x06007de0                jo_vector_fixed_compute_bezier_point
                0x06007f04                jo_vectorf_compute_bezier_point
                0x06008054                jo_fixed_sqrt
                0x06008104                jo_sqrt
                0x06008144                jo_fixed_rsqrt
                0x06008254                jo_rsqrt
 .text          0x060082c4      0x484 ../../jo_engine/malloc.o
                0x0600832c                jo_add_memory_zone
                0x0600836c                jo_malloc_with_behaviour
                0x060084b8                jo_reduce_memory_fragmentation
                0x0600852c                jo_free
                0x060085a8                jo_memory_usage_percent
                0x060086ac                jo_memory_fragmentation
 .text          0x06008748      0x4a8 ../../jo_engine/tools.o
                0x060087b0                jo_print
                0x06008800                jo_clear_screen_line
                0x06008848                jo_clear_screen
                0x0600886c                jo_getdate
                0x06008908                jo_get_current_language
                0x0600892c                jo_tools_atoi
                0x060089ac                jo_strlen
                0x060089fc                jo_endwith
                0x06008aa8                jo_strcmp
                0x06008ad8                jo_memset
                0x06008b7c                jo_map_to_vram
 .text          0x06008bf0      0x134 ../../jo_engine/palette.o
                0x06008c58                jo_create_palette
                0x06008cac                jo_set_palette_register
                0x06008d10                jo_get_palette_register
 .text          0x06008d24      0xa30 ../../jo_engine/sprites.o
                0x06008ec0                jo_sprite_usage_percent
                0x06008f4c                jo_get_last_sprite_id
                0x06008f58                jo_sprite_init
                0x06008fdc                jo_sprite_name2id
                0x06009054                jo_sprite_replace
                0x06009174                jo_sprite_add
                0x060091c0                jo_sprite_add_8bits_image
                0x0600920c                jo_sprite_free_from
                0x060092b4                jo_set_gouraud_shading_colors
                0x060092dc                jo_set_gouraud_shading_brightness
                0x0600931c                jo_sprite_draw_4p_fixed
                0x06009434                jo_sprite_draw
                0x06009580                jo_sprite_draw_rotate
                0x06009720                jo_sprite_set_clipping_area
 .text          0x06009754      0xad8 ../../jo_engine/map.o
                0x06009884                jo_map_per_pixel_vertical_collision
                0x060099b8                jo_map_hitbox_detection_custom_boundaries
                0x06009a28                jo_map_create
                0x06009aa4                jo_map_add_tile
                0x06009ac8                jo_map_add_animated_tile
                0x06009aec                jo_map_draw_background
                0x06009b84                jo_map_3d_draw
                0x06009cc0                jo_map_draw
                0x06009dbc                jo_map_free
                0x06009dd4                jo_map_load_from_file
                0x0600a1ac                jo_map_move_tiles_by_attribute
 .text          0x0600a22c      0x200 ../../jo_engine/list.o
                0x0600a294                jo_list_init
                0x0600a2a4                jo_list_add
                0x0600a31c                jo_list_insert_at
                0x0600a3cc                jo_list_remove
 .text          0x0600a42c      0x2bc ../../jo_engine/sprite_animator.o
                0x0600a540                jo_replace_sprite_anim
                0x0600a5f4                jo_create_sprite_anim
                0x0600a6c0                jo_clear_all_sprite_anim
 .text          0x0600a6e8      0x7b0 ../../jo_engine/image.o
                0x0600a750                __jo_bin_load
                0x0600a7a0                jo_free_img
                0x0600a7e8                jo_bin_loader_from_stream
                0x0600a8b8                jo_bin_loader
                0x0600a93c                jo_replace_color
                0x0600a9a8                jo_sprite_add_bin_tileset
                0x0600aba0                jo_sprite_add_bin
                0x0600ac6c                jo_sprite_add_bin_from_stream
                0x0600ad04                jo_sprite_add_image_pack
 .text          0x0600ae98      0xbb0 ../../jo_engine/vdp2.o
                0x0600af7c                jo_set_default_background_color
                0x0600afbc                jo_img_to_vdp2_cells
                0x0600b0e0                jo_vdp2_set_rbg0_plane_a_8bits_image
                0x0600b1d0                jo_vdp2_set_rbg0_plane_b_8bits_image
                0x0600b2bc                jo_vdp2_enable_rbg0
                0x0600b364                jo_vdp2_disable_rbg0
                0x0600b37c                jo_init_nbg0_printf
                0x0600b400                __jo_init_vdp2
                0x0600b464                jo_vdp2_disable_nbg0_line_scroll
                0x0600b488                jo_vdp2_compute_nbg0_line_scroll
                0x0600b4a0                jo_vdp2_enable_nbg0_line_scroll
                0x0600b510                jo_vdp2_draw_bitmap_nbg1_line
                0x0600b5d0                jo_vdp2_clear_bitmap_nbg1
                0x0600b628                jo_vdp2_set_nbg1_8bits_image
                0x0600b704                jo_vdp2_set_nbg1_image
                0x0600b834                jo_vdp2_disable_nbg1_line_scroll
                0x0600b858                jo_vdp2_compute_nbg1_line_scroll
                0x0600b870                jo_vdp2_enable_nbg1_line_scroll
                0x0600b8e0                jo_set_displayed_screens
                0x0600b8f0                jo_disable_all_screens_transparency
                0x0600b914                jo_enable_screen_transparency
 .text          0x0600ba48      0x280 ../../jo_engine/time.o
                0x0600bab0                jo_time_init
                0x0600badc                jo_get_ticks
                0x0600bbbc                jo_fixed_point_time
 .text          0x0600bcc8       0x68 ../../jo_engine/vdp1_command_pipeline.o
 .text          0x0600bd30      0x334 ../../jo_engine/vdp2_malloc.o
                0x0600bd98                jo_vdp2_malloc_init
                0x0600bdd0                jo_vdp2_free
                0x0600be90                jo_vdp2_malloc
 *fill*         0x0600c064        0xc 
 .text          0x0600c070      0x238 ../../Compiler/COMMON/SGL_302j/LIB_ELF/SEGA_SYS.A(sys_exit.o)
                0x0600c070                sys_version
                0x0600c090                SYS_Exit
 *fill*         0x0600c2a8        0x8 
 .text          0x0600c2b0        0x6 ../../Compiler/COMMON/SGL_302j/LIB_ELF/SEGA_SYS.A(sys_sub.o)
                0x0600c2b0                SYSUB_SetStackptr
 *fill*         0x0600c2b6        0xa 
 .text          0x0600c2c0      0x3a0 ../../Compiler/COMMON/SGL_302j/LIB_ELF/LIBCD.A(CDC_CMN.O)
                0x0600c2c0                CDC_GetCurStat
                0x0600c310                CDC_GetLastStat
                0x0600c328                CDC_GetPeriStat
                0x0600c3fc                CDC_GetHwInfo
                0x0600c464                CDC_TgetToc
                0x0600c4b4                CDC_GetSes
                0x0600c4f0                CDC_CdInit
                0x0600c574                CDC_CdOpen
                0x0600c59c                CDC_DataReady
                0x0600c608                CDC_DataEnd
 .text          0x0600c660      0x194 ../../Compiler/COMMON/SGL_302j/LIB_ELF/LIBCD.A(CDC_CFS.O)
                0x0600c660                CDC_ChgDir
                0x0600c694                CDC_ReadDir
                0x0600c6c8                CDC_GetFileScope
                0x0600c728                CDC_TgetFileInfo
                0x0600c784                CDC_ReadFile
                0x0600c7b8                CDC_AbortFile
 *fill*         0x0600c7f4        0xc 
 .text          0x0600c800      0x2dc ../../Compiler/COMMON/SGL_302j/LIB_ELF/LIBCD.A(CDC_REG.O)
                0x0600c800                CDC_GetDataPtr
                0x0600c810                CDC_GetHirqReq
                0x0600c824                CDC_ClrHirqReq
                0x0600c854                CDREG_ClrHirqReq
                0x0600c864                CDREG_InitHirqReq
                0x0600c88c                CDREG_SetHirqFlag
                0x0600c8a0                CDC_GetHirqMsk
                0x0600c8b4                CDC_SetHirqMsk
                0x0600c8c4                CDC_GetMpegPtr
                0x0600c8d4                CDREG_TgetData
                0x0600c930                CDREG_CmdRsp
                0x0600ca30                CDREG_WaitHirq
                0x0600caa0                CDREG_ReadRsp
 *fill*         0x0600cadc        0x4 
 .text          0x0600cae0      0x152 ../../Compiler/COMMON/SGL_302j/LIB_ELF/LIBCD.A(CDC_SUB.O)
                0x0600cae0                CDSUB_UpdStatus
                0x0600caf8                CDSUB_UpdCdstat
                0x0600cb18                CDSUB_CdCmd
                0x0600cb88                CDSUB_GetCdstat
                0x0600cbc8                CDSUB_RspToCdstat
                0x0600cc10                CDSUB_SoftTimer
 *fill*         0x0600cc32        0xe 
 .text          0x0600cc40     0x1adc ../../Compiler/COMMON/SGL_302j/LIB_ELF/LIBCD.A(GFS.O)
                0x0600cc40                gfs_version
                0x0600cc60                GFS_Init
                0x0600cd48                GFS_LoadDir
                0x0600cdf0                GFS_SetDir
                0x0600ce58                GFS_NameToId
                0x0600cebc                GFS_IdToName
                0x0600cf28                GFS_GetDirInfo
                0x0600cf98                GFS_Reset
                0x0600d01c                GFS_Open
                0x0600d0d0                GFS_Close
                0x0600d108                GFS_Seek
                0x0600d1bc                GFS_Tell
                0x0600d20c                GFS_IsEof
                0x0600d260                GFS_ByteToSct
                0x0600d2bc                GFS_GetFileSize
                0x0600d318                GFS_GetFileInfo
                0x0600d38c                GFS_GetNumCdbuf
                0x0600d3b4                GFS_Load
                0x0600d478                GFS_Fread
                0x0600d514                gfs_waitRead
                0x0600d5bc                GFS_NwFread
                0x0600d6c8                GFS_NwCdRead
                0x0600d740                GFS_NwIsComplete
                0x0600d778                GFS_NwStop
                0x0600d7e4                GFS_NwGetStat
                0x0600d860                gfs_recovRdErr
                0x0600d890                GFS_NwExecOne
                0x0600d950                GFS_NwExecServer
                0x0600d9cc                GFS_SetGmode
                0x0600da30                GFS_SetTmode
                0x0600da9c                GFS_SetReadPara
                0x0600db00                GFS_SetTransPara
                0x0600db6c                GFS_SetTrFunc
                0x0600dbd0                GFS_StartTrans
                0x0600dc1c                GFS_CdMovePickup
                0x0600dc88                GFS_SetErrFunc
                0x0600dcb4                GFS_GetErrStat
                0x0600dcd8                GFS_ConvTno
                0x0600dd00                gfs_chgRoot
                0x0600ddcc                gfs_aborttrans
                0x0600ddd8                gfs_mngSetupFuncTbl
                0x0600de0c                gfs_mngInitWork
                0x0600deb0                gfs_mngGetNumFile
                0x0600df18                GFS_mngAllocGrp
                0x0600df60                gfs_mngFreeGrp
                0x0600df6c                gfs_mngTermAccess
                0x0600dff0                gfs_mngSetErrCode
                0x0600e070                gfs_svrSearchHndl
                0x0600e0b0                gfs_svrAddHndl
                0x0600e0ec                gfs_svrRemoveHndl
                0x0600e148                GFS_OpenSub
                0x0600e1a0                gfs_loadVol
                0x0600e264                gfs_getRootDir
                0x0600e360                gfs_loadRootDir
                0x0600e3e8                gfs_flowIn
                0x0600e490                gfs_transData
                0x0600e534                GFS_GetFad
                0x0600e58c                gfs_SetSct
                0x0600e5cc                gfs_GetFinfo
                0x0600e60c                gfs_closeSub
                0x0600e648                gfs_getGmode
                0x0600e654                gfs_isTaskDone
                0x0600e6a8                gfs_convFinStat
 *fill*         0x0600e71c        0x4 
 .text          0x0600e720      0x106 ../../Compiler/COMMON/SGL_302j/LIB_ELF/LIBCD.A(GFS_BUF.O)
                0x0600e750                GFBF_GetTranData
                0x0600e778                GFBF_GetNumData
                0x0600e7a8                GFBF_GetSrcPk
                0x0600e7d0                GFBF_GetSctData
                0x0600e7f4                GFBF_RtnPk
                0x0600e81c                gfbf_getSctDt
 *fill*         0x0600e826        0xa 
 .text          0x0600e830      0x600 ../../Compiler/COMMON/SGL_302j/LIB_ELF/LIBCD.A(GFS_CDB.O)
                0x0600e830                GFCB_Setup
                0x0600e950                GFCB_Close
                0x0600e978                GFCB_GetLenData
                0x0600ea24                GFCB_GetLenRoom
                0x0600ea30                GFCB_SetFilt
                0x0600ea98                GFCB_DeleteAllData
                0x0600eac0                GFCB_Tell
                0x0600ead0                gfcb_getSctNum
                0x0600eb20                GFCB_Seek
                0x0600ec1c                GFCB_GetSrcPack
                0x0600ecfc                GFCB_GetSctData
                0x0600ed34                GFCB_GetDstPack
                0x0600ed40                GFCB_RtnPk
                0x0600ed88                GFCB_MovePickup
                0x0600eda4                GFCB_SetCon
                0x0600edd8                GFCB_GetPickup
                0x0600ee00                GFCB_IsPuOwner
                0x0600ee18                GFCB_UngetPickup
 .text          0x0600ee30     0x1a10 ../../Compiler/COMMON/SGL_302j/LIB_ELF/LIBCD.A(GFS_CDC.O)
                0x0600ee30                GFCD_SetCdbfs
                0x0600ee5c                GFCD_Init
                0x0600f060                GFCD_AllocFilt
                0x0600f09c                GFCD_FreeFilt
                0x0600f0cc                GFCD_AllocBuf
                0x0600f100                GFCD_FreeBuf
                0x0600f1a4                GFCD_GetBaseFad
                0x0600f1d8                GFCD_GetPickup
                0x0600f20c                GFCD_UngetPickup
                0x0600f238                GFCD_IsPuOwner
                0x0600f25c                GFCD_SetFilt
                0x0600f320                GFCD_GetFilt
                0x0600f368                GFCD_SetCon
                0x0600f3c0                GFCD_Play
                0x0600f420                GFCD_GetLenData
                0x0600f488                GFCD_ReqData
                0x0600f4e4                GFCD_EndData
                0x0600f52c                GFCD_DelSctData
                0x0600f584                GFCD_CheckDelSctData
                0x0600f5b4                GFCD_GetStat
                0x0600f668                GFCD_MovePickup
                0x0600f6b4                GFCD_MoveSctData
                0x0600f728                GFCD_CheckMove
                0x0600f74c                GFCD_GetSctInfo
                0x0600f794                GFCD_ChgDir
                0x0600f808                GFCD_SetFiltCon
                0x0600f8f0                GFCD_GetFileInfo
                0x0600f9cc                GFCD_GetBufSiz
                0x0600fa04                GFCD_ExecServer
                0x0600fad8                gfcd_isIdleTask
                0x0600fb64                gfcd_doTask
                0x0600fc10                GFCD_SetTimer
                0x0600fc24                GFCD_WaitServer
                0x0600fc60                gfcd_doSetFiltTsk
                0x0600fe24                gfcd_doSetConTsk
                0x0600feb4                gfcd_doGetLenDataTsk
                0x06010008                gfcd_doReqDataTsk
                0x060100a8                gfcd_doDelSctDataTsk
                0x060101dc                gfcd_doMoveSctTsk
                0x06010340                gfcd_doChgDirTsk
                0x0601053c                gfcd_doSetFiltConTsk
                0x06010680                gfcd_checkEflag
                0x060106a4                gfcd_initCdbMng
                0x06010724                gfcd_setStat
                0x06010750                GFCD_SetCsctFunc
                0x0601076c                GFCD_ChkScdqFlag
                0x06010790                GFCD_ClrScdqFlag
                0x060107ac                GFCD_WaitScdqFlag
                0x060107f0                GFCD_WaitPause
 .text          0x06010840      0x8d8 ../../Compiler/COMMON/SGL_302j/LIB_ELF/LIBCD.A(GFS_CDF.O)
                0x06010840                GFCF_Init
                0x060108e0                GFCF_Setup
                0x06010a28                GFCF_SetSct
                0x06010a6c                GFCF_GetFileInfo
                0x06010ae0                GFCF_FlowInBuf
                0x06010c34                GFCF_StopInBuf
                0x06010cd4                GFCF_Recover
                0x06010d1c                GFCF_Tell
                0x06010d34                GFCF_Seek
                0x06010d4c                GFCF_MovePickup
                0x06010de8                GFCF_cnvIntlvOfs
                0x06010e3c                GFCF_GetStat
                0x06010ed4                gfcf_getSctSize
                0x06010f10                gfcf_isCdOk
                0x06010fd0                gfcf_getPlayRange
 *fill*         0x06011118        0x8 
 .text          0x06011120      0x92c ../../Compiler/COMMON/SGL_302j/LIB_ELF/LIBCD.A(GFS_DIR.O)
                0x06011120                GFDR_SetupDirTbl
                0x06011194                GFDR_NameToId
                0x060111f4                GFDR_GetInfoDirId
                0x06011208                GFDR_GetInfoDirName
                0x0601121c                GFDR_GetAtrDirId
                0x06011234                GFDR_GetAtrDirName
                0x0601124c                GFDR_ChgRoot
                0x06011264                GFDR_ChgDir
                0x060112d8                gfdr_setupDirIdTbl
                0x0601135c                gfdr_setupDirNameTbl
                0x06011408                gfdr_open
                0x06011430                gfdr_read
                0x060114f0                gfdr_readByte
                0x0601151c                gfdr_readWord
                0x06011548                gfdr_readWordNB
                0x0601159c                gfdr_readLongNB
                0x060115e8                gfdr_readLongNM
                0x06011610                gfdr_setNextRec
                0x06011694                gfdr_readDirEnt
                0x06011a10                gfdr_setDirrecCd
 *fill*         0x06011a4c        0x4 
 .text          0x06011a50      0x9c6 ../../Compiler/COMMON/SGL_302j/LIB_ELF/LIBCD.A(GFS_TRN.O)
                0x06011a80                GFTR_Setup
                0x06011ac4                GFTR_SetMode
                0x06011ad8                GFTR_SetUnit
                0x06011ae4                GFTR_SetTransPara
                0x06011b18                GFTR_GetTransPara
                0x06011b24                GFTR_GetNumTrans
                0x06011b30                GFTR_SetTransMax
                0x06011b3c                GFTR_Start
                0x06011b48                GFTR_Pause
                0x06011b54                GFTR_Stop
                0x06011c0c                GFTR_Exec
                0x06011c90                GFTR_Idle
                0x06011d08                GFTR_ExecSvr
                0x06011e10                gftr_getSrcPack
                0x06011e98                gftr_getDstPack
                0x06011ef4                gftr_reqScu
                0x06011f00                gftr_execScu
                0x06011f9c                gftr_remScu
                0x06011fd0                gfdma_canUse
                0x06011fdc                gfdma_exec
                0x0601204c                gfdma_getBytecnt
                0x06012084                gftr_reqDma0
                0x0601209c                gftr_execSdma0
                0x060120c0                gftr_remDma0
                0x060120d8                gftr_reqDma1
                0x060120f0                gftr_execSdma1
                0x06012114                gftr_remDma1
                0x0601212c                gftr_reqCpu
                0x06012138                gftr_execCpu
                0x06012178                gftr_remCpu
                0x06012184                gftr_reqTrn
                0x060121f4                gftr_execTrn
                0x060122cc                gftr_remTrn
                0x06012340                gftr_copyFrac
                0x06012368                GFTR_GetLenData
                0x06012374                GFTR_GetLenRoom
                0x0601238c                GFTR_GetDstPack
                0x060123c0                GFTR_RtnDstPk
                0x060123dc                GFTR_GetData
                0x060123f0                GFTR_SetData
                0x06012404                GFTR_SetTransFunc
 *fill*         0x06012416        0xa 
 .text          0x06012420      0x130 ../../Compiler/COMMON/SGL_302j/LIB_ELF/LIBCD.A(CDC_DRV.O)
                0x06012420                CDC_CdPlay
                0x060124ec                CDC_CdSeek
                0x06012520                CDC_CdScan
 .text          0x06012550       0xa8 ../../Compiler/COMMON/SGL_302j/LIB_ELF/LIBCD.A(CDC_DEV.O)
                0x06012550                CDC_CdSetCon
                0x06012580                CDC_CdGetCon
                0x060125bc                CDC_CdGetLastBuf
 *fill*         0x060125f8        0x8 
 .text          0x06012600      0x2b8 ../../Compiler/COMMON/SGL_302j/LIB_ELF/LIBCD.A(CDC_SEL.O)
                0x06012600                CDC_SetFiltRange
                0x06012634                CDC_GetFiltRange
                0x0601268c                CDC_SetFiltSubh
                0x060126fc                CDC_GetFiltSubh
                0x06012778                CDC_SetFiltMode
                0x060127ac                CDC_GetFiltMode
                0x060127f0                CDC_SetFiltCon
                0x06012830                CDC_GetFiltCon
                0x06012884                CDC_ResetSelector
 *fill*         0x060128b8        0x8 
 .text          0x060128c0      0x270 ../../Compiler/COMMON/SGL_302j/LIB_ELF/LIBCD.A(CDC_BIF.O)
                0x060128c0                CDC_GetBufSiz
                0x0601291c                CDC_GetSctNum
                0x06012960                CDC_CalActSiz
                0x0601299c                CDC_GetActSiz
                0x06012a1c                CDC_GetSctInfo
                0x06012a9c                CDC_ExeFadSearch
                0x06012ad4                CDC_GetFadSearch
 .text          0x06012b30      0x1e4 ../../Compiler/COMMON/SGL_302j/LIB_ELF/LIBCD.A(CDC_BIO.O)
                0x06012b30                CDC_SetSctLen
                0x06012b64                CDC_GetSctData
                0x06012ba0                CDC_DelSctData
                0x06012bdc                CDC_GetdelSctData
                0x06012c18                CDC_PutSctData
                0x06012c50                CDC_CopySctData
                0x06012c94                CDC_MoveSctData
                0x06012cd8                CDC_GetCopyErr
 *fill*         0x06012d14        0xc 
 .text          0x06012d20        0x0 ../../Compiler/COMMON/SGL_302j/LIB_ELF/LIBSGL.A(sglA15.o)
 .text          0x06012d20        0x0 ../../Compiler/COMMON/SGL_302j/LIB_ELF/LIBSGL.A(sglA16.o)
 .text          0x06012d20        0x0 ../../Compiler/COMMON/SGL_302j/LIB_ELF/LIBSGL.A(sglA17.o)
 .text          0x06012d20        0x0 ../../Compiler/COMMON/SGL_302j/LIB_ELF/LIBSGL.A(sglA18.o)
 .text          0x06012d20        0x0 ../../Compiler/COMMON/SGL_302j/LIB_ELF/LIBSGL.A(sglA19.o)
 .text          0x06012d20        0x0 ../../Compiler/COMMON/SGL_302j/LIB_ELF/LIBSGL.A(sglA20.o)
 .text          0x06012d20        0x0 ../../Compiler/COMMON/SGL_302j/LIB_ELF/LIBSGL.A(sglA21.o)
 .text          0x06012d20        0x0 ../../Compiler/COMMON/SGL_302j/LIB_ELF/LIBSGL.A(sglA27.o)
 .text          0x06012d20        0x0 ../../Compiler/COMMON/SGL_302j/LIB_ELF/LIBSGL.A(sglB001.o)
 .text          0x06012d20        0x0 ../../Compiler/COMMON/SGL_302j/LIB_ELF/LIBSGL.A(sglB011.o)
 .text          0x06012d20        0x0 ../../Compiler/COMMON/SGL_302j/LIB_ELF/LIBSGL.A(sglB014.o)
 .text          0x06012d20        0x0 ../../Compiler/COMMON/SGL_302j/LIB_ELF/LIBSGL.A(sglB015.o)
 .text          0x06012d20        0x0 ../../Compiler/COMMON/SGL_302j/LIB_ELF/LIBSGL.A(sglB016.o)
 .text          0x06012d20        0x0 ../../Compiler/COMMON/SGL_302j/LIB_ELF/LIBSGL.A(sglB020.o)
 .text          0x06012d20        0x0 ../../Compiler/COMMON/SGL_302j/LIB_ELF/LIBSGL.A(sglB021.o)
 .text          0x06012d20        0x0 ../../Compiler/COMMON/SGL_302j/LIB_ELF/LIBSGL.A(sglB023.o)
 .text          0x06012d20        0x0 ../../Compiler/COMMON/SGL_302j/LIB_ELF/LIBSGL.A(sglB032.o)
 .text          0x06012d20        0x0 ../../Compiler/COMMON/SGL_302j/LIB_ELF/LIBSGL.A(sglB035.o)
 .text          0x06012d20        0x0 ../../Compiler/COMMON/SGL_302j/LIB_ELF/LIBSGL.A(sglB036.o)
 .text          0x06012d20        0x0 ../../Compiler/COMMON/SGL_302j/LIB_ELF/LIBSGL.A(sglB038.o)
 .text          0x06012d20        0x0 ../../Compiler/COMMON/SGL_302j/LIB_ELF/LIBSGL.A(sglB039.o)
 .text          0x06012d20        0x0 ../../Compiler/COMMON/SGL_302j/LIB_ELF/LIBSGL.A(sglB040.o)
 .text          0x06012d20        0x0 ../../Compiler/COMMON/SGL_302j/LIB_ELF/LIBSGL.A(sglB041.o)
 .text          0x06012d20        0x0 ../../Compiler/COMMON/SGL_302j/LIB_ELF/LIBSGL.A(sglB043.o)
 .text          0x06012d20        0x0 ../../Compiler/COMMON/SGL_302j/LIB_ELF/LIBSGL.A(sglB047.o)
 .text          0x06012d20        0x0 ../../Compiler/COMMON/SGL_302j/LIB_ELF/LIBSGL.A(sglB048.o)
 .text          0x06012d20        0x0 ../../Compiler/COMMON/SGL_302j/LIB_ELF/LIBSGL.A(sglB056.o)
 .text          0x06012d20        0x0 ../../Compiler/COMMON/SGL_302j/LIB_ELF/LIBSGL.A(sglB059.o)
 .text          0x06012d20        0x0 ../../Compiler/COMMON/SGL_302j/LIB_ELF/LIBSGL.A(sglB060.o)
 .text          0x06012d20        0x0 ../../Compiler/COMMON/SGL_302j/LIB_ELF/LIBSGL.A(sglB063.o)
 .text          0x06012d20        0x0 ../../Compiler/COMMON/SGL_302j/LIB_ELF/LIBSGL.A(sglB087.o)
 .text          0x06012d20        0x0 ../../Compiler/COMMON/SGL_302j/LIB_ELF/LIBSGL.A(sglB088.o)
 .text          0x06012d20        0x0 ../../Compiler/COMMON/SGL_302j/LIB_ELF/LIBSGL.A(sglB090.o)
 .text          0x06012d20        0x0 ../../Compiler/COMMON/SGL_302j/LIB_ELF/LIBSGL.A(sglB200.o)
 .text          0x06012d20        0x0 ../../Compiler/COMMON/SGL_302j/LIB_ELF/LIBSGL.A(sglC01.o)
 .text          0x06012d20        0x0 ../../Compiler/COMMON/SGL_302j/LIB_ELF/LIBSGL.A(sglC03.o)
 .text          0x06012d20        0x0 ../../Compiler/COMMON/SGL_302j/LIB_ELF/LIBSGL.A(sglC04.o)
 .text          0x06012d20        0x0 ../../Compiler/COMMON/SGL_302j/LIB_ELF/LIBSGL.A(sglC05.o)
 .text          0x06012d20        0x0 ../../Compiler/COMMON/SGL_302j/LIB_ELF/LIBSGL.A(sglC06.o)
 .text          0x06012d20        0x0 ../../Compiler/COMMON/SGL_302j/LIB_ELF/LIBSGL.A(sglC07.o)
 .text          0x06012d20        0x0 ../../Compiler/COMMON/SGL_302j/LIB_ELF/LIBSGL.A(sglC08.o)
 .text          0x06012d20        0x0 ../../Compiler/COMMON/SGL_302j/LIB_ELF/LIBSGL.A(sglC17.o)
 .text          0x06012d20        0x0 ../../Compiler/COMMON/SGL_302j/LIB_ELF/LIBSGL.A(sglC19.o)
 .text          0x06012d20        0x0 ../../Compiler/COMMON/SGL_302j/LIB_ELF/LIBSGL.A(sglC20.o)
 .text          0x06012d20        0x0 ../../Compiler/COMMON/SGL_302j/LIB_ELF/LIBSGL.A(sglC21.o)
 .text          0x06012d20        0x0 ../../Compiler/COMMON/SGL_302j/LIB_ELF/LIBSGL.A(sglD00.o)
 .text          0x06012d20        0x0 ../../Compiler/COMMON/SGL_302j/LIB_ELF/LIBSGL.A(sglD01.o)
 .text          0x06012d20        0x0 ../../Compiler/COMMON/SGL_302j/LIB_ELF/LIBSGL.A(sglD03.o)
 .text          0x06012d20        0x0 ../../Compiler/COMMON/SGL_302j/LIB_ELF/LIBSGL.A(sglD15.o)
 .text          0x06012d20        0x0 ../../Compiler/COMMON/SGL_302j/LIB_ELF/LIBSGL.A(sglD16.o)
 .text          0x06012d20        0x0 ../../Compiler/COMMON/SGL_302j/LIB_ELF/LIBSGL.A(sglD17.o)
 .text          0x06012d20        0x0 ../../Compiler/COMMON/SGL_302j/LIB_ELF/LIBSGL.A(sglD18.o)
 .text          0x06012d20        0x0 ../../Compiler/COMMON/SGL_302j/LIB_ELF/LIBSGL.A(sglF00.o)
 .text          0x06012d20        0x0 ../../Compiler/COMMON/SGL_302j/LIB_ELF/LIBSGL.A(sglF05.o)
 .text          0x06012d20        0x0 ../../Compiler/COMMON/SGL_302j/LIB_ELF/LIBSGL.A(sglF08.o)
 .text          0x06012d20        0x0 ../../Compiler/COMMON/SGL_302j/LIB_ELF/LIBSGL.A(sglH00.o)
 .text          0x06012d20        0x0 ../../Compiler/COMMON/SGL_302j/LIB_ELF/LIBSGL.A(sglH01.o)
 .text          0x06012d20        0x0 ../../Compiler/COMMON/SGL_302j/LIB_ELF/LIBSGL.A(sglH02.o)
 .text          0x06012d20        0x0 ../../Compiler/COMMON/SGL_302j/LIB_ELF/LIBSGL.A(sglH04.o)
 .text          0x06012d20        0x0 ../../Compiler/COMMON/SGL_302j/LIB_ELF/LIBSGL.A(sglI01.o)
 .text          0x06012d20        0x0 ../../Compiler/COMMON/SGL_302j/LIB_ELF/LIBSGL.A(sglI04.o)
 .text          0x06012d20      0x128 ../../Compiler/COMMON/SGL_302j/LIB_ELF/LIBSGL.A(sglIc0.o)
                0x06012d20                slInitSystem
 *fill*         0x06012e48        0x8 
 .text          0x06012e50        0x0 ../../Compiler/COMMON/SGL_302j/LIB_ELF/LIBSGL.A(sglJ00.o)
 .text          0x06012e50        0x0 ../../Compiler/COMMON/SGL_302j/LIB_ELF/LIBSGL.A(sglJ01.o)
 .text          0x06012e50        0x0 ../../Compiler/COMMON/SGL_302j/LIB_ELF/LIBSGL.A(sglJ02.o)
 .text          0x06012e50        0x0 ../../Compiler/COMMON/SGL_302j/LIB_ELF/LIBSGL.A(sglJ03.o)
 .text          0x06012e50        0x0 ../../Compiler/COMMON/SGL_302j/LIB_ELF/LIBSGL.A(sglJ04.o)
 .text          0x06012e50        0x0 ../../Compiler/COMMON/SGL_302j/LIB_ELF/LIBSGL.A(sglJ05.o)
 .text          0x06012e50        0x0 ../../Compiler/COMMON/SGL_302j/LIB_ELF/LIBSGL.A(sglK01.o)
 .text          0x06012e50        0x0 ../../Compiler/COMMON/SGL_302j/LIB_ELF/LIBSGL.A(sglM01.o)
 .text          0x06012e50        0x0 ../../Compiler/COMMON/SGL_302j/LIB_ELF/LIBSGL.A(sglA00.o)
 .text          0x06012e50        0x0 ../../Compiler/COMMON/SGL_302j/LIB_ELF/LIBSGL.A(sglA01.o)
 .text          0x06012e50        0x0 ../../Compiler/COMMON/SGL_302j/LIB_ELF/LIBSGL.A(sglA03.o)
 .text          0x06012e50        0x0 ../../Compiler/COMMON/SGL_302j/LIB_ELF/LIBSGL.A(sglA10.o)
 .text          0x06012e50        0x0 ../../Compiler/COMMON/SGL_302j/LIB_ELF/LIBSGL.A(sglB000.o)
 .text          0x06012e50        0x0 ../../Compiler/COMMON/SGL_302j/LIB_ELF/LIBSGL.A(sglC00.o)
 .text          0x06012e50        0x0 ../../Compiler/COMMON/SGL_302j/LIB_ELF/LIBSGL.A(sglI00.o)
 .text          0x06012e50        0x0 ../../Compiler/COMMON/SGL_302j/LIB_ELF/LIBSGL.A(sglH03.o)
 .text          0x06012e50       0x52 c:/joengine/compiler/windows/bin/../lib/gcc/sh-elf/9.3.0\libgcc.a(_ashiftrt.o)
                0x06012e50                __ashiftrt_r4_31
                0x06012e50                __ashiftrt_r4_32
                0x06012e56                __ashiftrt_r4_30
                0x06012e58                __ashiftrt_r4_29
                0x06012e5a                __ashiftrt_r4_28
                0x06012e5c                __ashiftrt_r4_27
                0x06012e5e                __ashiftrt_r4_26
                0x06012e60                __ashiftrt_r4_25
                0x06012e62                __ashiftrt_r4_24
                0x06012e6a                __ashiftrt_r4_23
                0x06012e6c                __ashiftrt_r4_22
                0x06012e6e                __ashiftrt_r4_21
                0x06012e70                __ashiftrt_r4_20
                0x06012e72                __ashiftrt_r4_19
                0x06012e74                __ashiftrt_r4_18
                0x06012e76                __ashiftrt_r4_17
                0x06012e78                __ashiftrt_r4_16
                0x06012e7e                __ashiftrt_r4_15
                0x06012e80                __ashiftrt_r4_14
                0x06012e82                __ashiftrt_r4_13
                0x06012e84                __ashiftrt_r4_12
                0x06012e86                __ashiftrt_r4_11
                0x06012e88                __ashiftrt_r4_10
                0x06012e8a                __ashiftrt_r4_9
                0x06012e8c                __ashiftrt_r4_8
                0x06012e8e                __ashiftrt_r4_7
                0x06012e90                __ashiftrt_r4_6
                0x06012e92                __ashiftrt_r4_5
                0x06012e94                __ashiftrt_r4_4
                0x06012e96                __ashiftrt_r4_3
                0x06012e98                __ashiftrt_r4_2
                0x06012e9a                __ashiftrt_r4_1
                0x06012e9e                __ashiftrt_r4_0
 *fill*         0x06012ea2        0x2 
 .text          0x06012ea4       0x80 c:/joengine/compiler/windows/bin/../lib/gcc/sh-elf/9.3.0\libgcc.a(_ashiftrt_n.o)
                0x06012ea4                __ashrsi3
 .text          0x06012f24       0xbc c:/joengine/compiler/windows/bin/../lib/gcc/sh-elf/9.3.0\libgcc.a(_ashiftlt.o)
                0x06012f24                __ashlsi3
                0x06012f28                __ashlsi3_r0
 .text          0x06012fe0       0xbc c:/joengine/compiler/windows/bin/../lib/gcc/sh-elf/9.3.0\libgcc.a(_lshiftrt.o)
                0x06012fe0                __lshrsi3
                0x06012fe4                __lshrsi3_r0
 .text          0x0601309c       0xa0 c:/joengine/compiler/windows/bin/../lib/gcc/sh-elf/9.3.0\libgcc.a(_sdivsi3.o)
                0x0601309c                __sdivsi3
 .text          0x0601313c       0x6c c:/joengine/compiler/windows/bin/../lib/gcc/sh-elf/9.3.0\libgcc.a(_udivsi3.o)
                0x0601315e                __udivsi3
 .text          0x060131a8      0x21c c:/joengine/compiler/windows/bin/../lib/gcc/sh-elf/9.3.0\libgcc.a(_addsub_sf.o)
                0x06013328                __addsf3
                0x06013374                __subsf3
 .text          0x060133c4      0x134 c:/joengine/compiler/windows/bin/../lib/gcc/sh-elf/9.3.0\libgcc.a(_mul_sf.o)
                0x060133c4                __mulsf3
 .text          0x060134f8       0xdc c:/joengine/compiler/windows/bin/../lib/gcc/sh-elf/9.3.0\libgcc.a(_div_sf.o)
                0x060134f8                __divsf3
 .text          0x060135d4       0x54 c:/joengine/compiler/windows/bin/../lib/gcc/sh-elf/9.3.0\libgcc.a(_eq_sf.o)
                0x060135d4                __eqsf2
 .text          0x06013628       0x54 c:/joengine/compiler/windows/bin/../lib/gcc/sh-elf/9.3.0\libgcc.a(_gt_sf.o)
                0x06013628                __gtsf2
 .text          0x0601367c       0x54 c:/joengine/compiler/windows/bin/../lib/gcc/sh-elf/9.3.0\libgcc.a(_ge_sf.o)
                0x0601367c                __gesf2
 .text          0x060136d0       0x54 c:/joengine/compiler/windows/bin/../lib/gcc/sh-elf/9.3.0\libgcc.a(_lt_sf.o)
                0x060136d0                __ltsf2
 .text          0x06013724       0x54 c:/joengine/compiler/windows/bin/../lib/gcc/sh-elf/9.3.0\libgcc.a(_le_sf.o)
                0x06013724                __lesf2
 .text          0x06013778       0x84 c:/joengine/compiler/windows/bin/../lib/gcc/sh-elf/9.3.0\libgcc.a(_si_to_sf.o)
                0x06013778                __floatsisf
 .text          0x060137fc       0x70 c:/joengine/compiler/windows/bin/../lib/gcc/sh-elf/9.3.0\libgcc.a(_sf_to_si.o)
                0x060137fc                __fixsfsi
 .text          0x0601386c       0x3c c:/joengine/compiler/windows/bin/../lib/gcc/sh-elf/9.3.0\libgcc.a(_sf_to_df.o)
                0x0601386c                __extendsfdf2
 .text          0x060138a8        0x0 c:/joengine/compiler/windows/bin/../lib/gcc/sh-elf/9.3.0\libgcc.a(_thenan_sf.o)
 .text          0x060138a8       0x94 c:/joengine/compiler/windows/bin/../lib/gcc/sh-elf/9.3.0\libgcc.a(_usi_to_sf.o)
                0x060138a8                __floatunsisf
 .text          0x0601393c      0x3e0 c:/joengine/compiler/windows/bin/../lib/gcc/sh-elf/9.3.0\libgcc.a(_addsub_df.o)
                0x06013c78                __adddf3
                0x06013cc8                __subdf3
 .text          0x06013d1c      0x208 c:/joengine/compiler/windows/bin/../lib/gcc/sh-elf/9.3.0\libgcc.a(_mul_df.o)
                0x06013d1c                __muldf3
 .text          0x06013f24       0xa8 c:/joengine/compiler/windows/bin/../lib/gcc/sh-elf/9.3.0\libgcc.a(_si_to_df.o)
                0x06013f24                __floatsidf
 .text          0x06013fcc       0xa0 c:/joengine/compiler/windows/bin/../lib/gcc/sh-elf/9.3.0\libgcc.a(_df_to_si.o)
                0x06013fcc                __fixdfsi
 .text          0x0601406c       0x28 c:/joengine/compiler/windows/bin/../lib/gcc/sh-elf/9.3.0\libgcc.a(_make_df.o)
                0x0601406c                __make_dp
 .text          0x06014094       0x4c c:/joengine/compiler/windows/bin/../lib/gcc/sh-elf/9.3.0\libgcc.a(_df_to_sf.o)
                0x06014094                __truncdfsf2
 .text          0x060140e0        0x0 c:/joengine/compiler/windows/bin/../lib/gcc/sh-elf/9.3.0\libgcc.a(_thenan_df.o)
 .text          0x060140e0       0x54 c:/joengine/compiler/windows/bin/../lib/gcc/sh-elf/9.3.0\libgcc.a(_clzsi2.o)
                0x060140e0                __clzsi2
 .text          0x06014134      0x11c c:/joengine/compiler/windows/bin/../lib/gcc/sh-elf/9.3.0\libgcc.a(_pack_sf.o)
                0x06014134                __pack_f
 .text          0x06014250       0xa0 c:/joengine/compiler/windows/bin/../lib/gcc/sh-elf/9.3.0\libgcc.a(_unpack_sf.o)
                0x06014250                __unpack_f
 .text          0x060142f0       0xac c:/joengine/compiler/windows/bin/../lib/gcc/sh-elf/9.3.0\libgcc.a(_fpcmp_parts_sf.o)
                0x060142f0                __fpcmp_parts_f
 .text          0x0601439c       0x20 c:/joengine/compiler/windows/bin/../lib/gcc/sh-elf/9.3.0\libgcc.a(_make_sf.o)
                0x0601439c                __make_fp
 .text          0x060143bc      0x274 c:/joengine/compiler/windows/bin/../lib/gcc/sh-elf/9.3.0\libgcc.a(_pack_df.o)
                0x060143bc                __pack_d
 .text          0x06014630       0xcc c:/joengine/compiler/windows/bin/../lib/gcc/sh-elf/9.3.0\libgcc.a(_unpack_df.o)
                0x06014630                __unpack_d
 .text          0x060146fc        0x0 c:/joengine/compiler/windows/bin/../lib/gcc/sh-elf/9.3.0\libgcc.a(_clz.o)
 .text          0x060146fc        0x0 c:/joengine/compiler/windows/bin/../lib/gcc/sh-elf/9.3.0/../../../../sh-elf/lib\libc.a(lib_a-impure.o)
 .text          0x060146fc       0x1e c:/joengine/compiler/windows/bin/../lib/gcc/sh-elf/9.3.0/../../../../sh-elf/lib\libc.a(lib_a-memcmp.o)
                0x060146fc                memcmp
 *fill*         0x0601471a        0x2 
 .text          0x0601471c       0x94 c:/joengine/compiler/windows/bin/../lib/gcc/sh-elf/9.3.0/../../../../sh-elf/lib\libc.a(lib_a-memcpy.o)
                0x0601471c                memcpy
 .text          0x060147b0       0x40 c:/joengine/compiler/windows/bin/../lib/gcc/sh-elf/9.3.0/../../../../sh-elf/lib\libc.a(lib_a-memset.o)
                0x060147b0                memset
 .text          0x060147f0       0x60 c:/joengine/compiler/windows/bin/../lib/gcc/sh-elf/9.3.0/../../../../sh-elf/lib\libc.a(lib_a-rget.o)
                0x060147f0                __srget_r
                0x0601483c                __srget
 .text          0x06014850       0x8c c:/joengine/compiler/windows/bin/../lib/gcc/sh-elf/9.3.0/../../../../sh-elf/lib\libc.a(lib_a-sprintf.o)
                0x06014850                _siprintf_r
                0x06014850                _sprintf_r
                0x06014890                siprintf
                0x06014890                sprintf
 .text          0x060148dc       0x2a c:/joengine/compiler/windows/bin/../lib/gcc/sh-elf/9.3.0/../../../../sh-elf/lib\libc.a(lib_a-strncmp.o)
                0x060148dc                strncmp
 .text          0x06014906       0x36 c:/joengine/compiler/windows/bin/../lib/gcc/sh-elf/9.3.0/../../../../sh-elf/lib\libc.a(lib_a-strncpy.o)
                0x06014906                strncpy
 .text          0x0601493c       0xdc c:/joengine/compiler/windows/bin/../lib/gcc/sh-elf/9.3.0/../../../../sh-elf/lib\libc.a(lib_a-wbuf.o)
                0x0601493c                __swbuf_r
                0x06014a04                __swbuf
 .text          0x06014a18       0xcc c:/joengine/compiler/windows/bin/../lib/gcc/sh-elf/9.3.0/../../../../sh-elf/lib\libc.a(lib_a-wsetup.o)
                0x06014a18                __swsetup_r
 .text          0x06014ae4      0x1a4 c:/joengine/compiler/windows/bin/../lib/gcc/sh-elf/9.3.0/../../../../sh-elf/lib\libc.a(lib_a-fflush.o)
                0x06014ae4                __sflush_r
                0x06014c20                _fflush_r
                0x06014c60                fflush
 .text          0x06014c88      0x1d0 c:/joengine/compiler/windows/bin/../lib/gcc/sh-elf/9.3.0/../../../../sh-elf/lib\libc.a(lib_a-findfp.o)
                0x06014ce0                _cleanup_r
                0x06014cf0                __sfmoreglue
                0x06014d3c                _cleanup
                0x06014d50                __sinit
                0x06014da4                __sfp
 .text          0x06014e58       0xb0 c:/joengine/compiler/windows/bin/../lib/gcc/sh-elf/9.3.0/../../../../sh-elf/lib\libc.a(lib_a-fwalk.o)
                0x06014e58                _fwalk
                0x06014eac                _fwalk_reent
 .text          0x06014f08      0x108 c:/joengine/compiler/windows/bin/../lib/gcc/sh-elf/9.3.0/../../../../sh-elf/lib\libc.a(lib_a-makebuf.o)
                0x06014f08                __swhatbuf_r
                0x06014f64                __smakebuf_r
 .text          0x06015010       0xd0 c:/joengine/compiler/windows/bin/../lib/gcc/sh-elf/9.3.0/../../../../sh-elf/lib\libc.a(lib_a-nano-freer.o)
                0x06015010                _free_r
 .text          0x060150e0       0xf8 c:/joengine/compiler/windows/bin/../lib/gcc/sh-elf/9.3.0/../../../../sh-elf/lib\libc.a(lib_a-nano-mallocr.o)
                0x060150e0                _malloc_r
 .text          0x060151d8      0x444 c:/joengine/compiler/windows/bin/../lib/gcc/sh-elf/9.3.0/../../../../sh-elf/lib\libc.a(lib_a-nano-svfprintf.o)
                0x060151d8                __ssputs_r
                0x060152cc                __ssprint_r
                0x06015400                _svfprintf_r
                0x06015400                _svfiprintf_r
 .text          0x0601561c      0x380 c:/joengine/compiler/windows/bin/../lib/gcc/sh-elf/9.3.0/../../../../sh-elf/lib\libc.a(lib_a-nano-vfprintf_i.o)
                0x0601561c                _printf_common
                0x0601571c                _printf_i
 .text          0x0601599c      0x150 c:/joengine/compiler/windows/bin/../lib/gcc/sh-elf/9.3.0/../../../../sh-elf/lib\libc.a(lib_a-refill.o)
                0x060159b4                __srefill_r
 .text          0x06015aec       0x30 c:/joengine/compiler/windows/bin/../lib/gcc/sh-elf/9.3.0/../../../../sh-elf/lib\libc.a(lib_a-sbrkr.o)
                0x06015aec                _sbrk_r
 .text          0x06015b1c       0xe0 c:/joengine/compiler/windows/bin/../lib/gcc/sh-elf/9.3.0/../../../../sh-elf/lib\libc.a(lib_a-stdio.o)
                0x06015b1c                __sread
                0x06015b58                __seofread
                0x06015b5c                __swrite
                0x06015bac                __sseek
                0x06015bec                __sclose
 .text          0x06015bfc      0x25c c:/joengine/compiler/windows/bin/../lib/gcc/sh-elf/9.3.0/../../../../sh-elf/lib\libc.a(lib_a-syscalls.o)
                0x06015c74                _read
                0x06015c84                _lseek
                0x06015c94                _write
                0x06015ca4                _close
                0x06015cb4                _link
                0x06015cb8                _sbrk
                0x06015d10                _fstat
                0x06015d1a                _open
                0x06015d2c                _creat
                0x06015d3c                _unlink
                0x06015d40                isatty
                0x06015d44                _isatty
                0x06015d48                _exit
                0x06015d58                _kill
                0x06015d6c                _getpid
                0x06015d70                _raise
                0x06015d74                _stat
                0x06015d84                _chmod
                0x06015d94                _chown
                0x06015da4                _utime
                0x06015db8                _fork
                0x06015dc4                _wait
                0x06015dd4                _execve
                0x06015de4                _execv
                0x06015df4                _pipe
                0x06015e00                _times
                0x06015e04                _gettimeofday
                0x06015e2c                __setup_argv_and_call_main
 .text          0x06015e58       0x14 c:/joengine/compiler/windows/bin/../lib/gcc/sh-elf/9.3.0/../../../../sh-elf/lib\libc.a(lib_a-trap.o)
                0x06015e58                __trap34
 .text          0x06015e6c       0x34 c:/joengine/compiler/windows/bin/../lib/gcc/sh-elf/9.3.0/../../../../sh-elf/lib\libc.a(lib_a-writer.o)
                0x06015e6c                _write_r
 .text          0x06015ea0       0x18 c:/joengine/compiler/windows/bin/../lib/gcc/sh-elf/9.3.0/../../../../sh-elf/lib\libc.a(lib_a-abort.o)
                0x06015ea0                abort
 .text          0x06015eb8       0x30 c:/joengine/compiler/windows/bin/../lib/gcc/sh-elf/9.3.0/../../../../sh-elf/lib\libc.a(lib_a-closer.o)
                0x06015eb8                _close_r
 .text          0x06015ee8       0x34 c:/joengine/compiler/windows/bin/../lib/gcc/sh-elf/9.3.0/../../../../sh-elf/lib\libc.a(lib_a-fstatr.o)
                0x06015ee8                _fstat_r
 .text          0x06015f1c       0x30 c:/joengine/compiler/windows/bin/../lib/gcc/sh-elf/9.3.0/../../../../sh-elf/lib\libc.a(lib_a-isattyr.o)
                0x06015f1c                _isatty_r
 .text          0x06015f4c       0x34 c:/joengine/compiler/windows/bin/../lib/gcc/sh-elf/9.3.0/../../../../sh-elf/lib\libc.a(lib_a-lseekr.o)
                0x06015f4c                _lseek_r
 .text          0x06015f80       0x1c c:/joengine/compiler/windows/bin/../lib/gcc/sh-elf/9.3.0/../../../../sh-elf/lib\libc.a(lib_a-memchr.o)
                0x06015f80                memchr
 .text          0x06015f9c       0x3c c:/joengine/compiler/windows/bin/../lib/gcc/sh-elf/9.3.0/../../../../sh-elf/lib\libc.a(lib_a-memmove.o)
                0x06015f9c                memmove
 .text          0x06015fd8        0x8 c:/joengine/compiler/windows/bin/../lib/gcc/sh-elf/9.3.0/../../../../sh-elf/lib\libc.a(lib_a-mlock.o)
                0x06015fd8                __malloc_lock
                0x06015fdc                __malloc_unlock
 .text          0x06015fe0       0x7c c:/joengine/compiler/windows/bin/../lib/gcc/sh-elf/9.3.0/../../../../sh-elf/lib\libc.a(lib_a-nano-reallocr.o)
                0x06015fe0                _realloc_r
 .text          0x0601605c       0x34 c:/joengine/compiler/windows/bin/../lib/gcc/sh-elf/9.3.0/../../../../sh-elf/lib\libc.a(lib_a-readr.o)
                0x0601605c                _read_r
 .text          0x06016090      0x1b4 c:/joengine/compiler/windows/bin/../lib/gcc/sh-elf/9.3.0/../../../../sh-elf/lib\libc.a(lib_a-signal.o)
                0x06016090                _init_signal_r
                0x060160d0                _signal_r
                0x0601611c                _raise_r
                0x06016194                __sigtramp_r
                0x060161f8                raise
                0x0601620c                signal
                0x06016220                _init_signal
                0x06016230                __sigtramp
 .text          0x06016244       0x40 c:/joengine/compiler/windows/bin/../lib/gcc/sh-elf/9.3.0/../../../../sh-elf/lib\libc.a(lib_a-signalr.o)
                0x06016244                _kill_r
                0x06016278                _getpid_r
 .text          0x06016284       0x16 c:/joengine/compiler/windows/bin/../lib/gcc/sh-elf/9.3.0/../../../../sh-elf/lib\libc.a(lib_a-nano-msizer.o)
                0x06016284                _malloc_usable_size_r
 *(.strings)
 *(SEGA_P)
 *(.eh_frame_hdr)
 *(.eh_frame)
                0x0601629a                __etext = .

.text.startup   0x060162a0       0x40
 .text.startup  0x060162a0       0x40 ../../jo_engine/core.o
                0x060162a0                main

SLPROG          0x060162e0    0x145c0
                0x060162e0                __slprog_start = .
 *(SLPROG)
 SLPROG         0x060162e0     0x6540 ../../Compiler/COMMON/SGL_302j/LIB_ELF/SGLAREA.O
                0x060162e0                MasterStack
                0x060162e4                SlaveStack
                0x060162e8                MaxVertices
                0x060162ea                MaxPolygons
                0x060162ec                SortList
                0x060162f0                SortListSize
                0x060162f4                TransList
                0x060162f8                Zbuffer
                0x060162fc                SpriteBuf
                0x06016300                SpriteBufSize
                0x06016304                Pbuffer
                0x06016308                CommandBuf
                0x0601630c                CLOfstBuf
                0x06016310                PCM_Work
                0x06016314                PCM_WkSize
                0x06016318                MaxEvents
                0x0601631a                EventSize
                0x0601631c                MaxWorks
                0x0601631e                WorkSize
                0x06016320                RemainEvent
                0x06016420                RemainWork
                0x06016820                EventBuf
                0x06018820                WorkBuf
 SLPROG         0x0601c820       0x18 ../../Compiler/COMMON/SGL_302j/LIB_ELF/LIBSGL.A(sglA15.o)
                0x0601c820                slSlaveFunc
 *fill*         0x0601c838        0x8 
 SLPROG         0x0601c840       0xd0 ../../Compiler/COMMON/SGL_302j/LIB_ELF/LIBSGL.A(sglA16.o)
                0x0601c840                slLookAt
 SLPROG         0x0601c910       0x78 ../../Compiler/COMMON/SGL_302j/LIB_ELF/LIBSGL.A(sglA17.o)
                0x0601c910                slRotZ
                0x0601c91a                slRotZSC
 *fill*         0x0601c988        0x8 
 SLPROG         0x0601c990       0x78 ../../Compiler/COMMON/SGL_302j/LIB_ELF/LIBSGL.A(sglA18.o)
                0x0601c990                slRotY
                0x0601c99a                slRotYSC
 *fill*         0x0601ca08        0x8 
 SLPROG         0x0601ca10       0x78 ../../Compiler/COMMON/SGL_302j/LIB_ELF/LIBSGL.A(sglA19.o)
                0x0601ca10                slRotX
                0x0601ca1a                slRotXSC
 *fill*         0x0601ca88        0x8 
 SLPROG         0x0601ca90      0x42c ../../Compiler/COMMON/SGL_302j/LIB_ELF/LIBSGL.A(sglA20.o)
                0x0601ca90                slInitMatrix
                0x0601ca9a                slPushUnitMatrix
                0x0601caae                slUnitMatrix
 *fill*         0x0601cebc        0x4 
 SLPROG         0x0601cec0       0x48 ../../Compiler/COMMON/SGL_302j/LIB_ELF/LIBSGL.A(sglA21.o)
                0x0601cec0                slPushMatrix
                0x0601cef4                slDecMatrixPtr
                0x0601cef4                slPopMatrix
 *fill*         0x0601cf08        0x8 
 SLPROG         0x0601cf10       0x50 ../../Compiler/COMMON/SGL_302j/LIB_ELF/LIBSGL.A(sglA27.o)
                0x0601cf10                slTranslate
 SLPROG         0x0601cf60       0x20 ../../Compiler/COMMON/SGL_302j/LIB_ELF/LIBSGL.A(sglB001.o)
                0x0601cf60                slTVOn
                0x0601cf6a                slTVOff
 SLPROG         0x0601cf80       0x24 ../../Compiler/COMMON/SGL_302j/LIB_ELF/LIBSGL.A(sglB011.o)
                0x0601cf80                slBitMapNbg1
 *fill*         0x0601cfa4        0xc 
 SLPROG         0x0601cfb0        0x8 ../../Compiler/COMMON/SGL_302j/LIB_ELF/LIBSGL.A(sglB014.o)
                0x0601cfb0                slScrTransparent
 *fill*         0x0601cfb8        0x8 
 SLPROG         0x0601cfc0      0x40c ../../Compiler/COMMON/SGL_302j/LIB_ELF/LIBSGL.A(sglB015.o)
                0x0601cfc0                slScrAutoDisp
 *fill*         0x0601d3cc        0x4 
 SLPROG         0x0601d3d0        0xc ../../Compiler/COMMON/SGL_302j/LIB_ELF/LIBSGL.A(sglB016.o)
                0x0601d3d0                slBack1ColSet
 *fill*         0x0601d3dc        0x4 
 SLPROG         0x0601d3e0       0x10 ../../Compiler/COMMON/SGL_302j/LIB_ELF/LIBSGL.A(sglB020.o)
                0x0601d3e0                slColorCalc
 SLPROG         0x0601d3f0        0xc ../../Compiler/COMMON/SGL_302j/LIB_ELF/LIBSGL.A(sglB021.o)
                0x0601d3f0                slColorCalcOn
 *fill*         0x0601d3fc        0x4 
 SLPROG         0x0601d400        0xc ../../Compiler/COMMON/SGL_302j/LIB_ELF/LIBSGL.A(sglB023.o)
                0x0601d400                slColRate
 *fill*         0x0601d40c        0x4 
 SLPROG         0x0601d410       0xb4 ../../Compiler/COMMON/SGL_302j/LIB_ELF/LIBSGL.A(sglB032.o)
                0x0601d410                slMapNbg1
 *fill*         0x0601d4c4        0xc 
 SLPROG         0x0601d4d0       0xd4 ../../Compiler/COMMON/SGL_302j/LIB_ELF/LIBSGL.A(sglB035.o)
                0x0601d4d0                sl1MapRA
                0x0601d562                rbank_set
 *fill*         0x0601d5a4        0xc 
 SLPROG         0x0601d5b0       0xa0 ../../Compiler/COMMON/SGL_302j/LIB_ELF/LIBSGL.A(sglB036.o)
                0x0601d5b0                sl1MapRB
 SLPROG         0x0601d650       0x70 ../../Compiler/COMMON/SGL_302j/LIB_ELF/LIBSGL.A(sglB038.o)
                0x0601d650                slRparaInitSet
 SLPROG         0x0601d6c0       0x7e ../../Compiler/COMMON/SGL_302j/LIB_ELF/LIBSGL.A(sglB039.o)
                0x0601d6c0                slMakeKtable
 *fill*         0x0601d73e        0x2 
 SLPROG         0x0601d740       0x58 ../../Compiler/COMMON/SGL_302j/LIB_ELF/LIBSGL.A(sglB040.o)
                0x0601d740                slKtableRA
 *fill*         0x0601d798        0x8 
 SLPROG         0x0601d7a0       0x5c ../../Compiler/COMMON/SGL_302j/LIB_ELF/LIBSGL.A(sglB041.o)
                0x0601d7a0                slKtableRB
 *fill*         0x0601d7fc        0x4 
 SLPROG         0x0601d800        0x8 ../../Compiler/COMMON/SGL_302j/LIB_ELF/LIBSGL.A(sglB043.o)
                0x0601d800                slRparaMode
 *fill*         0x0601d808        0x8 
 SLPROG         0x0601d810        0xc ../../Compiler/COMMON/SGL_302j/LIB_ELF/LIBSGL.A(sglB047.o)
                0x0601d810                slOverRA
 *fill*         0x0601d81c        0x4 
 SLPROG         0x0601d820       0x10 ../../Compiler/COMMON/SGL_302j/LIB_ELF/LIBSGL.A(sglB048.o)
                0x0601d820                slOverRB
 SLPROG         0x0601d830        0xc ../../Compiler/COMMON/SGL_302j/LIB_ELF/LIBSGL.A(sglB056.o)
                0x0601d830                slPlaneNbg1
 *fill*         0x0601d83c        0x4 
 SLPROG         0x0601d840        0xc ../../Compiler/COMMON/SGL_302j/LIB_ELF/LIBSGL.A(sglB059.o)
                0x0601d840                slPlaneRA
 *fill*         0x0601d84c        0x4 
 SLPROG         0x0601d850       0x10 ../../Compiler/COMMON/SGL_302j/LIB_ELF/LIBSGL.A(sglB060.o)
                0x0601d850                slPlaneRB
 SLPROG         0x0601d860        0xc ../../Compiler/COMMON/SGL_302j/LIB_ELF/LIBSGL.A(sglB063.o)
                0x0601d860                slPriority
 *fill*         0x0601d86c        0x4 
 SLPROG         0x0601d870       0x18 ../../Compiler/COMMON/SGL_302j/LIB_ELF/LIBSGL.A(sglB087.o)
                0x0601d870                slLineScrollTable0
 *fill*         0x0601d888        0x8 
 SLPROG         0x0601d890        0x8 ../../Compiler/COMMON/SGL_302j/LIB_ELF/LIBSGL.A(sglB088.o)
                0x0601d890                slLineScrollTable1
 *fill*         0x0601d898        0x8 
 SLPROG         0x0601d8a0        0xc ../../Compiler/COMMON/SGL_302j/LIB_ELF/LIBSGL.A(sglB090.o)
                0x0601d8a0                slLineScrollMode
 *fill*         0x0601d8ac        0x4 
 SLPROG         0x0601d8b0      0x114 ../../Compiler/COMMON/SGL_302j/LIB_ELF/LIBSGL.A(sglB200.o)
                0x0601d8b0                slCharRbg0
                0x0601d8bc                slCharNbg0
                0x0601d8c8                slCharNbg1
                0x0601d8d4                slCharNbg2
                0x0601d8ea                slCharNbg3
                0x0601d902                slPageRbg0
                0x0601d918                slPageNbg1
                0x0601d920                slPageNbg2
                0x0601d928                slPageNbg3
                0x0601d934                slPageNbg0
 *fill*         0x0601d9c4        0xc 
 SLPROG         0x0601d9d0       0x6c ../../Compiler/COMMON/SGL_302j/LIB_ELF/LIBSGL.A(sglC01.o)
                0x0601d9d0                slPerspective
 *fill*         0x0601da3c        0x4 
 SLPROG         0x0601da40       0xc4 ../../Compiler/COMMON/SGL_302j/LIB_ELF/LIBSGL.A(sglC03.o)
                0x0601da40                slWindow
 *fill*         0x0601db04        0xc 
 SLPROG         0x0601db10       0x2c ../../Compiler/COMMON/SGL_302j/LIB_ELF/LIBSGL.A(sglC04.o)
                0x0601db10                slZdspLevel
 *fill*         0x0601db3c        0x4 
 SLPROG         0x0601db40       0x78 ../../Compiler/COMMON/SGL_302j/LIB_ELF/LIBSGL.A(sglC05.o)
                0x0601db40                slSetSprite
 *fill*         0x0601dbb8        0x8 
 SLPROG         0x0601dbc0       0xfa ../../Compiler/COMMON/SGL_302j/LIB_ELF/LIBSGL.A(sglC06.o)
                0x0601dbc0                slDispSprite
 *fill*         0x0601dcba        0x6 
 SLPROG         0x0601dcc0      0x162 ../../Compiler/COMMON/SGL_302j/LIB_ELF/LIBSGL.A(sglC07.o)
                0x0601dcc6                slPutSprite
 *fill*         0x0601de22        0xe 
 SLPROG         0x0601de30     0x1218 ../../Compiler/COMMON/SGL_302j/LIB_ELF/LIBSGL.A(sglC08.o)
                0x0601de30                slPutPolygon
                0x0601eaac                MsCalcDepthFlat
 *fill*         0x0601f048        0x8 
 SLPROG         0x0601f050       0x4c ../../Compiler/COMMON/SGL_302j/LIB_ELF/LIBSGL.A(sglC17.o)
                0x0601f050                slDispSpriteHV
 *fill*         0x0601f09c        0x4 
 SLPROG         0x0601f0a0       0xd4 ../../Compiler/COMMON/SGL_302j/LIB_ELF/LIBSGL.A(sglC19.o)
                0x0601f0a0                slDispSprite4P
 *fill*         0x0601f174        0xc 
 SLPROG         0x0601f180       0x40 ../../Compiler/COMMON/SGL_302j/LIB_ELF/LIBSGL.A(sglC20.o)
                0x0601f180                SpriteEntry
 SLPROG         0x0601f1c0      0x4ae ../../Compiler/COMMON/SGL_302j/LIB_ELF/LIBSGL.A(sglC21.o)
                0x0601f248                RotSprite
                0x0601f2d6                SetSprPosition
 *fill*         0x0601f66e        0x2 
 SLPROG         0x0601f670       0x84 ../../Compiler/COMMON/SGL_302j/LIB_ELF/LIBSGL.A(sglD00.o)
                0x0601f670                slCpuDMACopy
                0x0601f670                slDMACopy
                0x0601f6ca                CSH_AllClr
                0x0601f6ca                slCashPurge
 *fill*         0x0601f6f4        0xc 
 SLPROG         0x0601f700       0xa0 ../../Compiler/COMMON/SGL_302j/LIB_ELF/LIBSGL.A(sglD01.o)
                0x0601f700                slDMAXCopy
 SLPROG         0x0601f7a0        0xc ../../Compiler/COMMON/SGL_302j/LIB_ELF/LIBSGL.A(sglD03.o)
                0x0601f7a0                slDMAStatus
 *fill*         0x0601f7ac        0x4 
 SLPROG         0x0601f7b0       0x20 ../../Compiler/COMMON/SGL_302j/LIB_ELF/LIBSGL.A(sglD15.o)
                0x0601f7b0                CSH_Purge
 SLPROG         0x0601f7d0       0x84 ../../Compiler/COMMON/SGL_302j/LIB_ELF/LIBSGL.A(sglD16.o)
                0x0601f7d0                DMA_ScuSetPrm
                0x0601f818                DMA_SCU_PRM0
 *fill*         0x0601f854        0xc 
 SLPROG         0x0601f860       0x88 ../../Compiler/COMMON/SGL_302j/LIB_ELF/LIBSGL.A(sglD17.o)
                0x0601f860                DMA_ScuStart
 *fill*         0x0601f8e8        0x8 
 SLPROG         0x0601f8f0       0x34 ../../Compiler/COMMON/SGL_302j/LIB_ELF/LIBSGL.A(sglD18.o)
                0x0601f8f0                DMA_ScuGetStatus
 *fill*         0x0601f924        0xc 
 SLPROG         0x0601f930       0x4e ../../Compiler/COMMON/SGL_302j/LIB_ELF/LIBSGL.A(sglF00.o)
                0x0601f930                slCurScrn
                0x0601f940                slCurColor
                0x0601f94a                slLocate
                0x0601f97c                CurrentScreen
 *fill*         0x0601f97e        0x2 
 SLPROG         0x0601f980       0x1c ../../Compiler/COMMON/SGL_302j/LIB_ELF/LIBSGL.A(sglF05.o)
                0x0601f980                slPrint
 *fill*         0x0601f99c        0x4 
 SLPROG         0x0601f9a0       0x34 ../../Compiler/COMMON/SGL_302j/LIB_ELF/LIBSGL.A(sglF08.o)
                0x0601f9a0                slDec2Hex
 *fill*         0x0601f9d4        0xc 
 SLPROG         0x0601f9e0      0xfc8 ../../Compiler/COMMON/SGL_302j/LIB_ELF/LIBSGL.A(sglH00.o)
                0x0601f9f8                slGetPortDir1
                0x0601fa00                slGetPortDir2
                0x0601fa08                slSetPortDir1
                0x0601fa32                slSetPortDir2
                0x0601fa6c                slGetPortData1
                0x0601fa74                slGetPortData2
                0x0601fa7c                slSetPortData1
                0x0601fa86                slSetPortData2
                0x0601fa98                slGetPortSelect1
                0x0601faa2                slGetPortSelect2
                0x0601faac                slSetPortSelect1
                0x0601fae0                slSetPortSelect2
                0x0601fb1c                slGetPortExt1
                0x0601fb26                slGetPortExt2
                0x0601fb30                slSetPortExt1
                0x0601fb60                slSetPortExt2
                0x0601fcd4                slSmpcDirectAccess
                0x0601fd54                slInitPeripheral
                0x0601fde6                slSetResultBuffer
                0x0601fe72                slCheckIntBackSet
                0x0601fe7e                slIntBackCancel
                0x0601fea8                slCheckReset
                0x0601feb2                slClearReset
                0x06020078                slSmpcCashSend
                0x06020134                slSmpcCashBlow
                0x06020210                slGetOptimize
                0x0602021a                slSetOptimize
                0x06020240                slGetPortMode1
                0x0602024c                slGetPortMode2
                0x0602025a                slSetPortMode1
                0x06020298                slSetPortMode2
                0x06020424                slRequestCommand
                0x06020494                Smpc_Status
                0x06020498                Smpc_Result
                0x0602049c                Smpc_Peripheral
                0x060204a2                Per_Connect1
                0x060204a3                Per_Connect2
                0x060204c4                SmpcStatusBuf
 *fill*         0x060209a8        0x8 
 SLPROG         0x060209b0       0xa8 ../../Compiler/COMMON/SGL_302j/LIB_ELF/LIBSGL.A(sglH01.o)
                0x060209b0                slGetLanguage
                0x060209ba                slSetLanguage
                0x060209dc                slGetSoundEffect
                0x060209e8                slSetSoundEffect
                0x06020a04                slGetSoundOutput
                0x06020a10                slSetSoundOutput
                0x06020a2c                slGetHelpWindow
                0x06020a38                slSetHelpWindow
 *fill*         0x06020a58        0x8 
 SLPROG         0x06020a60      0x470 ../../Compiler/COMMON/SGL_302j/LIB_ELF/LIBSGL.A(sglH02.o)
                0x06020e50                smpc_pfr_tbl
                0x06020e90                smpc_ptf_tbl
 SLPROG         0x06020ed0       0x60 ../../Compiler/COMMON/SGL_302j/LIB_ELF/LIBSGL.A(sglH04.o)
                0x06020ed0                slComPrmIntBack
                0x06020ee4                slComPrmSetMemory
                0x06020efa                slComPrmSetTime
 SLPROG         0x06020f30      0x3a4 ../../Compiler/COMMON/SGL_302j/LIB_ELF/LIBSGL.A(sglI01.o)
                0x06020f30                slInitSynch
                0x06020f4a                slSynch
                0x06021040                slRandom
                0x0602105e                PCM_EndCheck
                0x0602111a                RetPCMBuf
                0x060211b4                PCM_Buf
                0x06021254                Sound_Buf
 *fill*         0x060212d4        0xc 
 SLPROG         0x060212e0       0x10 ../../Compiler/COMMON/SGL_302j/LIB_ELF/LIBSGL.A(sglI04.o)
                0x060212e0                slIntFunction
 SLPROG         0x060212f0       0x74 ../../Compiler/COMMON/SGL_302j/LIB_ELF/LIBSGL.A(sglJ00.o)
                0x060212f0                InitSlaveSH
                0x06021358                SlaveCommand
 *fill*         0x06021364        0xc 
 SLPROG         0x06021370      0x3d0 ../../Compiler/COMMON/SGL_302j/LIB_ELF/LIBSGL.A(sglJ01.o)
                0x06021370                SlaveControl
                0x0602172c                ErasePolygonData
 SLPROG         0x06021740     0x12b8 ../../Compiler/COMMON/SGL_302j/LIB_ELF/LIBSGL.A(sglJ02.o)
                0x06021740                sbMakePolygon
                0x06021928                sbCalcPolygon
                0x06022660                SetTexture
                0x0602266c                SetPolygon
                0x06022674                SetPosition
                0x060226ac                stvtc_4
                0x06022764                stvtc_3
                0x06022974                stvtc_1
                0x06022988                stvtc_2
                0x0602299c                stvtc_0
 *fill*         0x060229f8        0x8 
 SLPROG         0x06022a00      0x140 ../../Compiler/COMMON/SGL_302j/LIB_ELF/LIBSGL.A(sglJ03.o)
                0x06022a00                sbMakeDMATable
 SLPROG         0x06022b40      0x470 ../../Compiler/COMMON/SGL_302j/LIB_ELF/LIBSGL.A(sglJ04.o)
                0x06022b9e                sbMakeSprite
                0x06022c04                sbMakeRotSprite
 SLPROG         0x06022fb0       0x3c ../../Compiler/COMMON/SGL_302j/LIB_ELF/LIBSGL.A(sglJ05.o)
                0x06022fb0                sbSortEntry
 *fill*         0x06022fec        0x4 
 SLPROG         0x06022ff0       0x6a ../../Compiler/COMMON/SGL_302j/LIB_ELF/LIBSGL.A(sglM01.o)
                0x06022ff0                slSetDepthLimit
                0x0602301c                slSetDepthTbl
                0x0602304c                DepthWorkArea
 *fill*         0x0602305a        0x6 
 SLPROG         0x06023060       0x20 ../../Compiler/COMMON/SGL_302j/LIB_ELF/LIBSGL.A(sglA00.o)
                0x06023060                set_imask
                0x06023060                _builtin_set_imask
                0x06023074                _builtin_get_imask
                0x06023074                get_imask
 SLPROG         0x06023080     0x411e ../../Compiler/COMMON/SGL_302j/LIB_ELF/LIBSGL.A(sglA01.o)
                0x06023080                slSin
                0x060230a4                slCos
                0x060230c8                GetSinCos
                0x0602315c                sin_cos_index_tbl
                0x0602319c                sin_tbl
 *fill*         0x0602719e        0x2 
 SLPROG         0x060271a0     0x215c ../../Compiler/COMMON/SGL_302j/LIB_ELF/LIBSGL.A(sglA03.o)
                0x060271a0                slTan
 *fill*         0x060292fc        0x4 
 SLPROG         0x06029300       0x34 ../../Compiler/COMMON/SGL_302j/LIB_ELF/LIBSGL.A(sglA10.o)
                0x06029300                slSquartDbl
 *fill*         0x06029334        0xc 
 SLPROG         0x06029340      0xbd0 ../../Compiler/COMMON/SGL_302j/LIB_ELF/LIBSGL.A(sglB000.o)
                0x06029340                slInitScroll
                0x06029460                setASC_1to8
                0x06029490                setASC_4to8
                0x060295a0                TVSizeTbl
                0x06029620                TVModeTbl
                0x060297f8                SGL_ASCII_CG
 SLPROG         0x06029f10      0x134 ../../Compiler/COMMON/SGL_302j/LIB_ELF/LIBSGL.A(sglC00.o)
                0x06029f10                slInitSprite
 *fill*         0x0602a044        0xc 
 SLPROG         0x0602a050      0x75c ../../Compiler/COMMON/SGL_302j/LIB_ELF/LIBSGL.A(sglI00.o)
                0x0602a340                slInitInterrupt
 *fill*         0x0602a7ac        0x4 
 SLPROG         0x0602a7b0       0xf0 ../../Compiler/COMMON/SGL_302j/LIB_ELF/LIBSGL.A(sglH03.o)
                0x0602a814                slSmpcIntBack
                0x0602a8a0                __slprog_end = .

.tors           0x0602a8a0        0x0
                0x0602a8a0                ___ctors = .
 *(.ctors)
                0x0602a8a0                ___ctors_end = .
                0x0602a8a0                ___dtors = .
 *(.dtors)
                0x0602a8a0                ___dtors_end = .

.data           0x0602a8a0      0x520
 *(.data)
 .data          0x0602a8a0        0x0 ../../Compiler/COMMON/SGL_302j/LIB_ELF/SGLAREA.O
 .data          0x0602a8a0        0x2 main.o
 .data          0x0602a8a2        0x0 ../../jo_engine/tga.o
 *fill*         0x0602a8a2        0x2 
 .data          0x0602a8a4       0x28 ../../jo_engine/3d.o
 .data          0x0602a8cc        0x4 ../../jo_engine/fs.o
 .data          0x0602a8d0        0x0 ../../jo_engine/slave.o
 .data          0x0602a8d0        0x0 ../../jo_engine/font.o
 .data          0x0602a8d0        0x0 ../../jo_engine/input.o
 .data          0x0602a8d0        0x0 ../../jo_engine/physics.o
 .data          0x0602a8d0        0x0 ../../jo_engine/core.o
 .data          0x0602a8d0        0x4 ../../jo_engine/math.o
                0x0602a8d0                jo_random_seed
 .data          0x0602a8d4        0x0 ../../jo_engine/malloc.o
 .data          0x0602a8d4        0x0 ../../jo_engine/tools.o
 .data          0x0602a8d4        0x0 ../../jo_engine/palette.o
 .data          0x0602a8d4       0x2c ../../jo_engine/sprites.o
                0x0602a8d8                __jo_gouraud_shading_runtime_index
                0x0602a8dc                __jo_sprite_pos
                0x0602a8e8                __jo_sprite_attributes
 .data          0x0602a900        0x0 ../../jo_engine/map.o
 .data          0x0602a900        0x0 ../../jo_engine/list.o
 .data          0x0602a900        0x4 ../../jo_engine/sprite_animator.o
 .data          0x0602a904        0x0 ../../jo_engine/image.o
 .data          0x0602a904        0x0 ../../jo_engine/vdp2.o
 .data          0x0602a904        0x0 ../../jo_engine/time.o
 .data          0x0602a904        0x0 ../../jo_engine/vdp1_command_pipeline.o
 .data          0x0602a904       0x10 ../../jo_engine/vdp2_malloc.o
 *fill*         0x0602a914        0xc 
 .data          0x0602a920        0x0 ../../Compiler/COMMON/SGL_302j/LIB_ELF/SEGA_SYS.A(sys_exit.o)
 .data          0x0602a920        0x0 ../../Compiler/COMMON/SGL_302j/LIB_ELF/SEGA_SYS.A(sys_sub.o)
 .data          0x0602a920        0x0 ../../Compiler/COMMON/SGL_302j/LIB_ELF/LIBCD.A(CDC_CMN.O)
 .data          0x0602a920        0x0 ../../Compiler/COMMON/SGL_302j/LIB_ELF/LIBCD.A(CDC_CFS.O)
 .data          0x0602a920        0x0 ../../Compiler/COMMON/SGL_302j/LIB_ELF/LIBCD.A(CDC_REG.O)
 .data          0x0602a920        0x0 ../../Compiler/COMMON/SGL_302j/LIB_ELF/LIBCD.A(CDC_SUB.O)
 .data          0x0602a920        0x0 ../../Compiler/COMMON/SGL_302j/LIB_ELF/LIBCD.A(GFS.O)
 .data          0x0602a920        0x0 ../../Compiler/COMMON/SGL_302j/LIB_ELF/LIBCD.A(GFS_BUF.O)
 .data          0x0602a920        0x0 ../../Compiler/COMMON/SGL_302j/LIB_ELF/LIBCD.A(GFS_CDB.O)
 .data          0x0602a920        0x0 ../../Compiler/COMMON/SGL_302j/LIB_ELF/LIBCD.A(GFS_CDC.O)
 .data          0x0602a920        0x0 ../../Compiler/COMMON/SGL_302j/LIB_ELF/LIBCD.A(GFS_CDF.O)
 .data          0x0602a920        0x0 ../../Compiler/COMMON/SGL_302j/LIB_ELF/LIBCD.A(GFS_DIR.O)
 .data          0x0602a920        0x0 ../../Compiler/COMMON/SGL_302j/LIB_ELF/LIBCD.A(GFS_TRN.O)
 .data          0x0602a920        0x0 ../../Compiler/COMMON/SGL_302j/LIB_ELF/LIBCD.A(CDC_DRV.O)
 .data          0x0602a920        0x0 ../../Compiler/COMMON/SGL_302j/LIB_ELF/LIBCD.A(CDC_DEV.O)
 .data          0x0602a920        0x0 ../../Compiler/COMMON/SGL_302j/LIB_ELF/LIBCD.A(CDC_SEL.O)
 .data          0x0602a920        0x0 ../../Compiler/COMMON/SGL_302j/LIB_ELF/LIBCD.A(CDC_BIF.O)
 .data          0x0602a920        0x0 ../../Compiler/COMMON/SGL_302j/LIB_ELF/LIBCD.A(CDC_BIO.O)
 .data          0x0602a920        0x0 ../../Compiler/COMMON/SGL_302j/LIB_ELF/LIBSGL.A(sglA15.o)
 .data          0x0602a920        0x0 ../../Compiler/COMMON/SGL_302j/LIB_ELF/LIBSGL.A(sglA16.o)
 .data          0x0602a920        0x0 ../../Compiler/COMMON/SGL_302j/LIB_ELF/LIBSGL.A(sglA17.o)
 .data          0x0602a920        0x0 ../../Compiler/COMMON/SGL_302j/LIB_ELF/LIBSGL.A(sglA18.o)
 .data          0x0602a920        0x0 ../../Compiler/COMMON/SGL_302j/LIB_ELF/LIBSGL.A(sglA19.o)
 .data          0x0602a920        0x0 ../../Compiler/COMMON/SGL_302j/LIB_ELF/LIBSGL.A(sglA20.o)
 .data          0x0602a920        0x0 ../../Compiler/COMMON/SGL_302j/LIB_ELF/LIBSGL.A(sglA21.o)
 .data          0x0602a920        0x0 ../../Compiler/COMMON/SGL_302j/LIB_ELF/LIBSGL.A(sglA27.o)
 .data          0x0602a920        0x0 ../../Compiler/COMMON/SGL_302j/LIB_ELF/LIBSGL.A(sglB001.o)
 .data          0x0602a920        0x0 ../../Compiler/COMMON/SGL_302j/LIB_ELF/LIBSGL.A(sglB011.o)
 .data          0x0602a920        0x0 ../../Compiler/COMMON/SGL_302j/LIB_ELF/LIBSGL.A(sglB014.o)
 .data          0x0602a920        0x0 ../../Compiler/COMMON/SGL_302j/LIB_ELF/LIBSGL.A(sglB015.o)
 .data          0x0602a920        0x0 ../../Compiler/COMMON/SGL_302j/LIB_ELF/LIBSGL.A(sglB016.o)
 .data          0x0602a920        0x0 ../../Compiler/COMMON/SGL_302j/LIB_ELF/LIBSGL.A(sglB020.o)
 .data          0x0602a920        0x0 ../../Compiler/COMMON/SGL_302j/LIB_ELF/LIBSGL.A(sglB021.o)
 .data          0x0602a920        0x0 ../../Compiler/COMMON/SGL_302j/LIB_ELF/LIBSGL.A(sglB023.o)
 .data          0x0602a920        0x0 ../../Compiler/COMMON/SGL_302j/LIB_ELF/LIBSGL.A(sglB032.o)
 .data          0x0602a920        0x0 ../../Compiler/COMMON/SGL_302j/LIB_ELF/LIBSGL.A(sglB035.o)
 .data          0x0602a920        0x0 ../../Compiler/COMMON/SGL_302j/LIB_ELF/LIBSGL.A(sglB036.o)
 .data          0x0602a920        0x0 ../../Compiler/COMMON/SGL_302j/LIB_ELF/LIBSGL.A(sglB038.o)
 .data          0x0602a920        0x0 ../../Compiler/COMMON/SGL_302j/LIB_ELF/LIBSGL.A(sglB039.o)
 .data          0x0602a920        0x0 ../../Compiler/COMMON/SGL_302j/LIB_ELF/LIBSGL.A(sglB040.o)
 .data          0x0602a920        0x0 ../../Compiler/COMMON/SGL_302j/LIB_ELF/LIBSGL.A(sglB041.o)
 .data          0x0602a920        0x0 ../../Compiler/COMMON/SGL_302j/LIB_ELF/LIBSGL.A(sglB043.o)
 .data          0x0602a920        0x0 ../../Compiler/COMMON/SGL_302j/LIB_ELF/LIBSGL.A(sglB047.o)
 .data          0x0602a920        0x0 ../../Compiler/COMMON/SGL_302j/LIB_ELF/LIBSGL.A(sglB048.o)
 .data          0x0602a920        0x0 ../../Compiler/COMMON/SGL_302j/LIB_ELF/LIBSGL.A(sglB056.o)
 .data          0x0602a920        0x0 ../../Compiler/COMMON/SGL_302j/LIB_ELF/LIBSGL.A(sglB059.o)
 .data          0x0602a920        0x0 ../../Compiler/COMMON/SGL_302j/LIB_ELF/LIBSGL.A(sglB060.o)
 .data          0x0602a920        0x0 ../../Compiler/COMMON/SGL_302j/LIB_ELF/LIBSGL.A(sglB063.o)
 .data          0x0602a920        0x0 ../../Compiler/COMMON/SGL_302j/LIB_ELF/LIBSGL.A(sglB087.o)
 .data          0x0602a920        0x0 ../../Compiler/COMMON/SGL_302j/LIB_ELF/LIBSGL.A(sglB088.o)
 .data          0x0602a920        0x0 ../../Compiler/COMMON/SGL_302j/LIB_ELF/LIBSGL.A(sglB090.o)
 .data          0x0602a920        0x0 ../../Compiler/COMMON/SGL_302j/LIB_ELF/LIBSGL.A(sglB200.o)
 .data          0x0602a920        0x0 ../../Compiler/COMMON/SGL_302j/LIB_ELF/LIBSGL.A(sglC01.o)
 .data          0x0602a920        0x0 ../../Compiler/COMMON/SGL_302j/LIB_ELF/LIBSGL.A(sglC03.o)
 .data          0x0602a920        0x0 ../../Compiler/COMMON/SGL_302j/LIB_ELF/LIBSGL.A(sglC04.o)
 .data          0x0602a920        0x0 ../../Compiler/COMMON/SGL_302j/LIB_ELF/LIBSGL.A(sglC05.o)
 .data          0x0602a920        0x0 ../../Compiler/COMMON/SGL_302j/LIB_ELF/LIBSGL.A(sglC06.o)
 .data          0x0602a920        0x0 ../../Compiler/COMMON/SGL_302j/LIB_ELF/LIBSGL.A(sglC07.o)
 .data          0x0602a920        0x0 ../../Compiler/COMMON/SGL_302j/LIB_ELF/LIBSGL.A(sglC08.o)
 .data          0x0602a920        0x0 ../../Compiler/COMMON/SGL_302j/LIB_ELF/LIBSGL.A(sglC17.o)
 .data          0x0602a920        0x0 ../../Compiler/COMMON/SGL_302j/LIB_ELF/LIBSGL.A(sglC19.o)
 .data          0x0602a920        0x0 ../../Compiler/COMMON/SGL_302j/LIB_ELF/LIBSGL.A(sglC20.o)
 .data          0x0602a920        0x0 ../../Compiler/COMMON/SGL_302j/LIB_ELF/LIBSGL.A(sglC21.o)
 .data          0x0602a920        0x0 ../../Compiler/COMMON/SGL_302j/LIB_ELF/LIBSGL.A(sglD00.o)
 .data          0x0602a920        0x0 ../../Compiler/COMMON/SGL_302j/LIB_ELF/LIBSGL.A(sglD01.o)
 .data          0x0602a920        0x0 ../../Compiler/COMMON/SGL_302j/LIB_ELF/LIBSGL.A(sglD03.o)
 .data          0x0602a920        0x0 ../../Compiler/COMMON/SGL_302j/LIB_ELF/LIBSGL.A(sglD15.o)
 .data          0x0602a920        0x0 ../../Compiler/COMMON/SGL_302j/LIB_ELF/LIBSGL.A(sglD16.o)
 .data          0x0602a920        0x0 ../../Compiler/COMMON/SGL_302j/LIB_ELF/LIBSGL.A(sglD17.o)
 .data          0x0602a920        0x0 ../../Compiler/COMMON/SGL_302j/LIB_ELF/LIBSGL.A(sglD18.o)
 .data          0x0602a920        0x0 ../../Compiler/COMMON/SGL_302j/LIB_ELF/LIBSGL.A(sglF00.o)
 .data          0x0602a920        0x0 ../../Compiler/COMMON/SGL_302j/LIB_ELF/LIBSGL.A(sglF05.o)
 .data          0x0602a920        0x0 ../../Compiler/COMMON/SGL_302j/LIB_ELF/LIBSGL.A(sglF08.o)
 .data          0x0602a920        0x0 ../../Compiler/COMMON/SGL_302j/LIB_ELF/LIBSGL.A(sglH00.o)
 .data          0x0602a920        0x0 ../../Compiler/COMMON/SGL_302j/LIB_ELF/LIBSGL.A(sglH01.o)
 .data          0x0602a920        0x0 ../../Compiler/COMMON/SGL_302j/LIB_ELF/LIBSGL.A(sglH02.o)
 .data          0x0602a920        0x0 ../../Compiler/COMMON/SGL_302j/LIB_ELF/LIBSGL.A(sglH04.o)
 .data          0x0602a920        0x0 ../../Compiler/COMMON/SGL_302j/LIB_ELF/LIBSGL.A(sglI01.o)
 .data          0x0602a920        0x0 ../../Compiler/COMMON/SGL_302j/LIB_ELF/LIBSGL.A(sglI04.o)
 .data          0x0602a920       0x80 ../../Compiler/COMMON/SGL_302j/LIB_ELF/LIBSGL.A(sglIc0.o)
                0x0602a920                IntPrioMask
 .data          0x0602a9a0        0x0 ../../Compiler/COMMON/SGL_302j/LIB_ELF/LIBSGL.A(sglJ00.o)
 .data          0x0602a9a0        0x0 ../../Compiler/COMMON/SGL_302j/LIB_ELF/LIBSGL.A(sglJ01.o)
 .data          0x0602a9a0        0x0 ../../Compiler/COMMON/SGL_302j/LIB_ELF/LIBSGL.A(sglJ02.o)
 .data          0x0602a9a0        0x0 ../../Compiler/COMMON/SGL_302j/LIB_ELF/LIBSGL.A(sglJ03.o)
 .data          0x0602a9a0        0x0 ../../Compiler/COMMON/SGL_302j/LIB_ELF/LIBSGL.A(sglJ04.o)
 .data          0x0602a9a0        0x0 ../../Compiler/COMMON/SGL_302j/LIB_ELF/LIBSGL.A(sglJ05.o)
 .data          0x0602a9a0        0x0 ../../Compiler/COMMON/SGL_302j/LIB_ELF/LIBSGL.A(sglK01.o)
 .data          0x0602a9a0        0x0 ../../Compiler/COMMON/SGL_302j/LIB_ELF/LIBSGL.A(sglM01.o)
 .data          0x0602a9a0        0x0 ../../Compiler/COMMON/SGL_302j/LIB_ELF/LIBSGL.A(sglA00.o)
 .data          0x0602a9a0        0x0 ../../Compiler/COMMON/SGL_302j/LIB_ELF/LIBSGL.A(sglA01.o)
 .data          0x0602a9a0        0x0 ../../Compiler/COMMON/SGL_302j/LIB_ELF/LIBSGL.A(sglA03.o)
 .data          0x0602a9a0        0x0 ../../Compiler/COMMON/SGL_302j/LIB_ELF/LIBSGL.A(sglA10.o)
 .data          0x0602a9a0        0x0 ../../Compiler/COMMON/SGL_302j/LIB_ELF/LIBSGL.A(sglB000.o)
 .data          0x0602a9a0        0x0 ../../Compiler/COMMON/SGL_302j/LIB_ELF/LIBSGL.A(sglC00.o)
 .data          0x0602a9a0        0x0 ../../Compiler/COMMON/SGL_302j/LIB_ELF/LIBSGL.A(sglI00.o)
 .data          0x0602a9a0        0x0 ../../Compiler/COMMON/SGL_302j/LIB_ELF/LIBSGL.A(sglH03.o)
 .data          0x0602a9a0        0x0 c:/joengine/compiler/windows/bin/../lib/gcc/sh-elf/9.3.0\libgcc.a(_ashiftrt.o)
 .data          0x0602a9a0        0x0 c:/joengine/compiler/windows/bin/../lib/gcc/sh-elf/9.3.0\libgcc.a(_ashiftrt_n.o)
 .data          0x0602a9a0        0x0 c:/joengine/compiler/windows/bin/../lib/gcc/sh-elf/9.3.0\libgcc.a(_ashiftlt.o)
 .data          0x0602a9a0        0x0 c:/joengine/compiler/windows/bin/../lib/gcc/sh-elf/9.3.0\libgcc.a(_lshiftrt.o)
 .data          0x0602a9a0        0x0 c:/joengine/compiler/windows/bin/../lib/gcc/sh-elf/9.3.0\libgcc.a(_sdivsi3.o)
 .data          0x0602a9a0        0x0 c:/joengine/compiler/windows/bin/../lib/gcc/sh-elf/9.3.0\libgcc.a(_udivsi3.o)
 .data          0x0602a9a0        0x0 c:/joengine/compiler/windows/bin/../lib/gcc/sh-elf/9.3.0\libgcc.a(_addsub_sf.o)
 .data          0x0602a9a0        0x0 c:/joengine/compiler/windows/bin/../lib/gcc/sh-elf/9.3.0\libgcc.a(_mul_sf.o)
 .data          0x0602a9a0        0x0 c:/joengine/compiler/windows/bin/../lib/gcc/sh-elf/9.3.0\libgcc.a(_div_sf.o)
 .data          0x0602a9a0        0x0 c:/joengine/compiler/windows/bin/../lib/gcc/sh-elf/9.3.0\libgcc.a(_eq_sf.o)
 .data          0x0602a9a0        0x0 c:/joengine/compiler/windows/bin/../lib/gcc/sh-elf/9.3.0\libgcc.a(_gt_sf.o)
 .data          0x0602a9a0        0x0 c:/joengine/compiler/windows/bin/../lib/gcc/sh-elf/9.3.0\libgcc.a(_ge_sf.o)
 .data          0x0602a9a0        0x0 c:/joengine/compiler/windows/bin/../lib/gcc/sh-elf/9.3.0\libgcc.a(_lt_sf.o)
 .data          0x0602a9a0        0x0 c:/joengine/compiler/windows/bin/../lib/gcc/sh-elf/9.3.0\libgcc.a(_le_sf.o)
 .data          0x0602a9a0        0x0 c:/joengine/compiler/windows/bin/../lib/gcc/sh-elf/9.3.0\libgcc.a(_si_to_sf.o)
 .data          0x0602a9a0        0x0 c:/joengine/compiler/windows/bin/../lib/gcc/sh-elf/9.3.0\libgcc.a(_sf_to_si.o)
 .data          0x0602a9a0        0x0 c:/joengine/compiler/windows/bin/../lib/gcc/sh-elf/9.3.0\libgcc.a(_sf_to_df.o)
 .data          0x0602a9a0        0x0 c:/joengine/compiler/windows/bin/../lib/gcc/sh-elf/9.3.0\libgcc.a(_thenan_sf.o)
 .data          0x0602a9a0        0x0 c:/joengine/compiler/windows/bin/../lib/gcc/sh-elf/9.3.0\libgcc.a(_usi_to_sf.o)
 .data          0x0602a9a0        0x0 c:/joengine/compiler/windows/bin/../lib/gcc/sh-elf/9.3.0\libgcc.a(_addsub_df.o)
 .data          0x0602a9a0        0x0 c:/joengine/compiler/windows/bin/../lib/gcc/sh-elf/9.3.0\libgcc.a(_mul_df.o)
 .data          0x0602a9a0        0x0 c:/joengine/compiler/windows/bin/../lib/gcc/sh-elf/9.3.0\libgcc.a(_si_to_df.o)
 .data          0x0602a9a0        0x0 c:/joengine/compiler/windows/bin/../lib/gcc/sh-elf/9.3.0\libgcc.a(_df_to_si.o)
 .data          0x0602a9a0        0x0 c:/joengine/compiler/windows/bin/../lib/gcc/sh-elf/9.3.0\libgcc.a(_make_df.o)
 .data          0x0602a9a0        0x0 c:/joengine/compiler/windows/bin/../lib/gcc/sh-elf/9.3.0\libgcc.a(_df_to_sf.o)
 .data          0x0602a9a0        0x0 c:/joengine/compiler/windows/bin/../lib/gcc/sh-elf/9.3.0\libgcc.a(_thenan_df.o)
 .data          0x0602a9a0        0x0 c:/joengine/compiler/windows/bin/../lib/gcc/sh-elf/9.3.0\libgcc.a(_clzsi2.o)
 .data          0x0602a9a0        0x0 c:/joengine/compiler/windows/bin/../lib/gcc/sh-elf/9.3.0\libgcc.a(_pack_sf.o)
 .data          0x0602a9a0        0x0 c:/joengine/compiler/windows/bin/../lib/gcc/sh-elf/9.3.0\libgcc.a(_unpack_sf.o)
 .data          0x0602a9a0        0x0 c:/joengine/compiler/windows/bin/../lib/gcc/sh-elf/9.3.0\libgcc.a(_fpcmp_parts_sf.o)
 .data          0x0602a9a0        0x0 c:/joengine/compiler/windows/bin/../lib/gcc/sh-elf/9.3.0\libgcc.a(_make_sf.o)
 .data          0x0602a9a0        0x0 c:/joengine/compiler/windows/bin/../lib/gcc/sh-elf/9.3.0\libgcc.a(_pack_df.o)
 .data          0x0602a9a0        0x0 c:/joengine/compiler/windows/bin/../lib/gcc/sh-elf/9.3.0\libgcc.a(_unpack_df.o)
 .data          0x0602a9a0        0x0 c:/joengine/compiler/windows/bin/../lib/gcc/sh-elf/9.3.0\libgcc.a(_clz.o)
 .data          0x0602a9a0      0x41c c:/joengine/compiler/windows/bin/../lib/gcc/sh-elf/9.3.0/../../../../sh-elf/lib\libc.a(lib_a-impure.o)
                0x0602a9a0                _impure_ptr
 .data          0x0602adbc        0x0 c:/joengine/compiler/windows/bin/../lib/gcc/sh-elf/9.3.0/../../../../sh-elf/lib\libc.a(lib_a-memcmp.o)
 .data          0x0602adbc        0x0 c:/joengine/compiler/windows/bin/../lib/gcc/sh-elf/9.3.0/../../../../sh-elf/lib\libc.a(lib_a-memcpy.o)
 .data          0x0602adbc        0x0 c:/joengine/compiler/windows/bin/../lib/gcc/sh-elf/9.3.0/../../../../sh-elf/lib\libc.a(lib_a-memset.o)
 .data          0x0602adbc        0x0 c:/joengine/compiler/windows/bin/../lib/gcc/sh-elf/9.3.0/../../../../sh-elf/lib\libc.a(lib_a-rget.o)
 .data          0x0602adbc        0x0 c:/joengine/compiler/windows/bin/../lib/gcc/sh-elf/9.3.0/../../../../sh-elf/lib\libc.a(lib_a-sprintf.o)
 .data          0x0602adbc        0x0 c:/joengine/compiler/windows/bin/../lib/gcc/sh-elf/9.3.0/../../../../sh-elf/lib\libc.a(lib_a-strncmp.o)
 .data          0x0602adbc        0x0 c:/joengine/compiler/windows/bin/../lib/gcc/sh-elf/9.3.0/../../../../sh-elf/lib\libc.a(lib_a-strncpy.o)
 .data          0x0602adbc        0x0 c:/joengine/compiler/windows/bin/../lib/gcc/sh-elf/9.3.0/../../../../sh-elf/lib\libc.a(lib_a-wbuf.o)
 .data          0x0602adbc        0x0 c:/joengine/compiler/windows/bin/../lib/gcc/sh-elf/9.3.0/../../../../sh-elf/lib\libc.a(lib_a-wsetup.o)
 .data          0x0602adbc        0x0 c:/joengine/compiler/windows/bin/../lib/gcc/sh-elf/9.3.0/../../../../sh-elf/lib\libc.a(lib_a-fflush.o)
 .data          0x0602adbc        0x0 c:/joengine/compiler/windows/bin/../lib/gcc/sh-elf/9.3.0/../../../../sh-elf/lib\libc.a(lib_a-findfp.o)
 .data          0x0602adbc        0x0 c:/joengine/compiler/windows/bin/../lib/gcc/sh-elf/9.3.0/../../../../sh-elf/lib\libc.a(lib_a-fwalk.o)